ias78II.exe v2.0.100.101b - The macro assembler for EM78 series.
Copyright (C) ELAN Microelectronic Corp. 2003-2008. All rights reserved.
Main file : PWM.s

File list:
   1 ----  C:\mcuproject\xj\jinmoqiang\PWM.s
   2 ----  C:\Program Files (x86)\ELAN\eUIDE\Bin\Include\sysdefii.inc


The format of a listing line is:
  XXXXXXm FFFF [TT]  11 22 33 44  [DD]  Source code
Where:
  XXXXXX   is the PC
  m        is the mode ('r' or empty)
  FFFF     is the file name
  [TT]     is the CPU clock
  11 ..    are code or data bytes
  [DD]     depth of IFDEF and ENDIF (The depth or empty)


------     1 [--]               [00]  .autoimport
------     1 [--]               [00]  EM78P153B EQU 1
------     1 [--]               [00]  _SIMPLE_RSR_ EQU 1
------     1 [--]               [00]  .include "sysdefii.inc"
------     2 [--]               [00]  
------     1 [--]               [00]  ccounter equ pr1
------     1 [--]               [00]  .stabs "icc_compiled.",60,0,0,0
------     1 [--]               [00]  .stabs "C:\mcuproject\xj\jinmoqiang\PWM.c",100,0,3,0
------     1 [--]               [00]  .stabs "int:t1=r1;-128;127;",128,0,0,0
------     1 [--]               [00]  .stabs "char:t2=r2;-128;127;",128,0,0,0
------     1 [--]               [00]  .stabs "double:t3=r1;3;0;",128,0,0,0
------     1 [--]               [00]  .stabs "float:t4=r1;3;0;",128,0,0,0
------     1 [--]               [00]  .stabs "long double:t5=r1;3;0;",128,0,0,0
------     1 [--]               [00]  .stabs "long:t6=r1;-2147483648;2147483647;",128,0,0,0
------     1 [--]               [00]  .stabs "long long:t7=r1;-2147483648;2147483647;",128,0,0,0
------     1 [--]               [00]  .stabs "short:t8=r1;-32768;32767;",128,0,0,0
------     1 [--]               [00]  .stabs "signed char:t9=r1;-128;127;",128,0,0,0
------     1 [--]               [00]  .stabs "unsigned char:t10=r1;0;255;",128,0,0,0
------     1 [--]               [00]  .stabs "unsigned long:t11=r1;0;4294967295;",128,0,0,0
------     1 [--]               [00]  .stabs "unsigned long long:t12=r1;0;4294967295;",128,0,0,0
------     1 [--]               [00]  .stabs "unsigned short:t13=r1;0;65535;",128,0,0,0
------     1 [--]               [00]  .stabs "unsigned int:t14=r1;0;255;",128,0,0,0
------     1 [--]               [00]  .stabs "void:t15=15",128,0,0,0
------     1 [--]               [00]  .stabs "bit:t16=r16;0;1;",128,0,0,0
------     1 [--]               [00]  public _main
------     1 [--]               [00]  public main_bp
------     1 [--]               [00]  .section ".code"
------     1 [--]               [00]  .stabs "main:F15",36,0,0,_main
------     1 [--]               [00]  .section ".S0",C_CODE
------     1 [--]               [00]  .SYMDEF ".S0" 
------     1 [--]               [00]  _main:
------     1 [--]               [00]  .SYMDEF "_main" 
------     1 [--]               [00]  .stabs "i:14",128,0,0,main_bp-1
------     1 [--]               [00]  .stabn 192,0,0,L5
------     1 [--]               [00]  L5:
------     1 [--]               [00]  .stabn 68,0,19,L7
------     1 [--]               [00]  L7:
------     1 [--]               [00]  .stabn 68,0,23,L8
------     1 [--]               [00]  L8:
------     1 [--]               [00]  .cfile "C:\mcuproject\xj\jinmoqiang\PWM.c(23):"
000000r    1 [01]  04 00        [00]  wdtc
------     1 [--]               [00]  .stabn 68,0,23,L9
------     1 [--]               [00]  L9:
------     1 [--]               [00]  .stabn 68,0,24,L10
------     1 [--]               [00]  L10:
------     1 [--]               [00]  .cfile "C:\mcuproject\xj\jinmoqiang\PWM.c(24):"
000001r    1 [01]  11 00        [00]  disi
------     1 [--]               [00]  .stabn 68,0,24,L11
------     1 [--]               [00]  L11:
------     1 [--]               [00]  .stabn 68,0,25,L12
------     1 [--]               [00]  L12:
000002r    1 [01]  00 18        [00]  mov a,@0
000003r    1 [01]  00 00 r      [00]  STA _WDTCR,0,2
------     1 [--]               [00]  .stabn 68,0,27,L13
------     1 [--]               [00]  L13:
000004r    1 [01]  00 10 r      [00]  call _IO_Init
------     1 [--]               [00]  .stabn 68,0,29,L14
------     1 [--]               [00]  L14:
000005r    1 [01]  06 18        [00]  mov a,@6
000006r    1 [01]  40 00 r      [00]  STA _TCC,0,0
------     1 [--]               [00]  .stabn 68,0,30,L15
------     1 [--]               [00]  L15:
000007r    1 [01]  C0 00 r      [00]  clr _ISR
------     1 [--]               [00]  .stabn 68,0,31,L16
------     1 [--]               [00]  L16:
000008r    1 [01]  01 18        [00]  mov a,@1
000009r    1 [01]  00 00 r      [00]  STA _IMR,0,2
------     1 [--]               [00]  .stabn 68,0,33,L17
------     1 [--]               [00]  L17:
------     1 [--]               [00]  .cfile "C:\mcuproject\xj\jinmoqiang\PWM.c(33):"
00000Ar    1 [01]  10 00        [00]  eni
------     1 [--]               [00]  .stabn 68,0,33,L18
------     1 [--]               [00]  L18:
------     1 [--]               [00]  .stabn 68,0,36,L19
------     1 [--]               [00]  L19:
00000Br    1 [01]  00 10 r      [00]  call _PWM_Init_190K
00000Cr    1 [01]  00 14 r      [00]  jmp @L$3
------     1 [--]               [00]  L$2:
------     1 [--]               [00]  .stabn 192,0,1,L20
------     1 [--]               [00]  L20:
------     1 [--]               [00]  .stabn 68,0,45,L21
------     1 [--]               [00]  L21:
------     1 [--]               [00]  .stabn 68,0,46,L22
------     1 [--]               [00]  L22:
------     1 [--]               [00]  .cfile "C:\mcuproject\xj\jinmoqiang\PWM.c(46):"
00000Dr    1 [01]  00 00        [00]  nop
------     1 [--]               [00]  .stabn 68,0,46,L23
------     1 [--]               [00]  L23:
------     1 [--]               [00]  .stabn 68,0,47,L24
------     1 [--]               [00]  L24:
------     1 [--]               [00]  .stabn 224,0,1,L25
------     1 [--]               [00]  L25:
------     1 [--]               [00]  L$3:
------     1 [--]               [00]  .stabn 68,0,44,L26
------     1 [--]               [00]  L26:
00000Er    1 [01]  00 14 r      [00]  jmp @L$2
------     1 [--]               [00]  .stabn 68,0,49,L27
------     1 [--]               [00]  L27:
------     1 [--]               [00]  .stabn 224,0,0,L28
------     1 [--]               [00]  L28:
------     1 [--]               [00]  L$1:
00000Fr    1 [01]  12 00        [00]  ret
------     1 [--]               [00]  .STACK main_bp,local,1
------     1 [--]               [00]  public _PWM_Init_108K
------     1 [--]               [00]  public PWM_Init_108K_bp
------     1 [--]               [00]  .stabs "PWM_Init_108K:F15",36,0,0,_PWM_Init_108K
------     1 [--]               [00]  .section ".S1",C_CODE
------     1 [--]               [00]  .SYMDEF ".S1" 
------     1 [--]               [00]  _PWM_Init_108K:
------     1 [--]               [00]  .SYMDEF "_PWM_Init_108K" 
000000r    1 [01]  00 04 r      [00]  mov a,ecx
000001r    1 [01]  7C 00 r      [00]  mov PWM_Init_108K_bp-4,a
000002r    1 [01]  01 04 r      [00]  mov a,ecx+1
000003r    1 [01]  7D 00 r      [00]  mov PWM_Init_108K_bp-3,a
000004r    1 [01]  02 04 r      [00]  mov a,ecx+2
000005r    1 [01]  7E 00 r      [00]  mov PWM_Init_108K_bp-2,a
000006r    1 [01]  03 04 r      [00]  mov a,ecx+3
000007r    1 [01]  7F 00 r      [00]  mov PWM_Init_108K_bp-1,a
------     1 [--]               [00]  .stabn 192,0,0,L30
------     1 [--]               [00]  L30:
------     1 [--]               [00]  .stabn 68,0,52,L31
------     1 [--]               [00]  L31:
------     1 [--]               [00]  .stabn 68,0,54,L32
------     1 [--]               [00]  L32:
000008r    1 [01]  4A 18        [00]  mov a,@74
000009r    1 [01]  40 00 r      [00]  STA _PRD,0,0
------     1 [--]               [00]  .stabn 68,0,55,L33
------     1 [--]               [00]  L33:
00000Ar    1 [01]  25 18        [00]  mov a,@37
00000Br    1 [01]  40 00 r      [00]  STA _PDC1,0,0
------     1 [--]               [00]  .stabn 68,0,56,L34
------     1 [--]               [00]  L34:
00000Cr    1 [01]  40 18        [00]  mov a,@64
00000Dr    1 [01]  40 00 r      [00]  STA _CPUCON,0,0
------     1 [--]               [00]  .stabn 68,0,57,L35
------     1 [--]               [00]  L35:
00000Er    1 [01]  10 18        [00]  mov a,@16
00000Fr    1 [01]  40 00 r      [00]  STA _PWMCON,0,0
------     1 [--]               [00]  .stabn 68,0,58,L36
------     1 [--]               [00]  L36:
------     1 [--]               [00]  .stabn 224,0,0,L37
------     1 [--]               [00]  L37:
------     1 [--]               [00]  L$29:
000010r    1 [01]  3C 04 r      [00]  mov a,PWM_Init_108K_bp-4
000011r    1 [01]  40 00 r      [00]  mov ecx,a
000012r    1 [01]  3D 04 r      [00]  mov a,PWM_Init_108K_bp-3
000013r    1 [01]  41 00 r      [00]  mov ecx+1,a
000014r    1 [01]  3E 04 r      [00]  mov a,PWM_Init_108K_bp-2
000015r    1 [01]  42 00 r      [00]  mov ecx+2,a
000016r    1 [01]  3F 04 r      [00]  mov a,PWM_Init_108K_bp-1
000017r    1 [01]  43 00 r      [00]  mov ecx+3,a
000018r    1 [01]  12 00        [00]  ret
------     1 [--]               [00]  .STACK PWM_Init_108K_bp,local,4
------     1 [--]               [00]  public _PWM_Init_190K
------     1 [--]               [00]  public PWM_Init_190K_bp
------     1 [--]               [00]  .stabs "PWM_Init_190K:F15",36,0,0,_PWM_Init_190K
------     1 [--]               [00]  .section ".S2",C_CODE
------     1 [--]               [00]  .SYMDEF ".S2" 
------     1 [--]               [00]  _PWM_Init_190K:
------     1 [--]               [00]  .SYMDEF "_PWM_Init_190K" 
000000r    1 [01]  00 04 r      [00]  mov a,ecx
000001r    1 [01]  7C 00 r      [00]  mov PWM_Init_190K_bp-4,a
000002r    1 [01]  01 04 r      [00]  mov a,ecx+1
000003r    1 [01]  7D 00 r      [00]  mov PWM_Init_190K_bp-3,a
000004r    1 [01]  02 04 r      [00]  mov a,ecx+2
000005r    1 [01]  7E 00 r      [00]  mov PWM_Init_190K_bp-2,a
000006r    1 [01]  03 04 r      [00]  mov a,ecx+3
000007r    1 [01]  7F 00 r      [00]  mov PWM_Init_190K_bp-1,a
------     1 [--]               [00]  .stabn 192,0,0,L39
------     1 [--]               [00]  L39:
------     1 [--]               [00]  .stabn 68,0,61,L40
------     1 [--]               [00]  L40:
------     1 [--]               [00]  .stabn 68,0,63,L41
------     1 [--]               [00]  L41:
000008r    1 [01]  2A 18        [00]  mov a,@42
000009r    1 [01]  40 00 r      [00]  STA _PRD,0,0
------     1 [--]               [00]  .stabn 68,0,64,L42
------     1 [--]               [00]  L42:
00000Ar    1 [01]  15 18        [00]  mov a,@21
00000Br    1 [01]  40 00 r      [00]  STA _PDC1,0,0
------     1 [--]               [00]  .stabn 68,0,65,L43
------     1 [--]               [00]  L43:
00000Cr    1 [01]  40 18        [00]  mov a,@64
00000Dr    1 [01]  40 00 r      [00]  STA _CPUCON,0,0
------     1 [--]               [00]  .stabn 68,0,66,L44
------     1 [--]               [00]  L44:
00000Er    1 [01]  10 18        [00]  mov a,@16
00000Fr    1 [01]  40 00 r      [00]  STA _PWMCON,0,0
------     1 [--]               [00]  .stabn 68,0,67,L45
------     1 [--]               [00]  L45:
------     1 [--]               [00]  .stabn 224,0,0,L46
------     1 [--]               [00]  L46:
------     1 [--]               [00]  L$38:
000010r    1 [01]  3C 04 r      [00]  mov a,PWM_Init_190K_bp-4
000011r    1 [01]  40 00 r      [00]  mov ecx,a
000012r    1 [01]  3D 04 r      [00]  mov a,PWM_Init_190K_bp-3
000013r    1 [01]  41 00 r      [00]  mov ecx+1,a
000014r    1 [01]  3E 04 r      [00]  mov a,PWM_Init_190K_bp-2
000015r    1 [01]  42 00 r      [00]  mov ecx+2,a
000016r    1 [01]  3F 04 r      [00]  mov a,PWM_Init_190K_bp-1
000017r    1 [01]  43 00 r      [00]  mov ecx+3,a
000018r    1 [01]  12 00        [00]  ret
------     1 [--]               [00]  .STACK PWM_Init_190K_bp,local,4
------     1 [--]               [00]  public _PWM_Init_1467K_84P
------     1 [--]               [00]  public PWM_Init_1467K_84P_bp
------     1 [--]               [00]  .stabs "PWM_Init_1467K_84P:F15",36,0,0,_PWM_Init_1467K_84P
------     1 [--]               [00]  .section ".S3",C_CODE
------     1 [--]               [00]  .SYMDEF ".S3" 
------     1 [--]               [00]  _PWM_Init_1467K_84P:
------     1 [--]               [00]  .SYMDEF "_PWM_Init_1467K_84P" 
000000r    1 [01]  00 04 r      [00]  mov a,ecx
000001r    1 [01]  7C 00 r      [00]  mov PWM_Init_1467K_84P_bp-4,a
000002r    1 [01]  01 04 r      [00]  mov a,ecx+1
000003r    1 [01]  7D 00 r      [00]  mov PWM_Init_1467K_84P_bp-3,a
000004r    1 [01]  02 04 r      [00]  mov a,ecx+2
000005r    1 [01]  7E 00 r      [00]  mov PWM_Init_1467K_84P_bp-2,a
000006r    1 [01]  03 04 r      [00]  mov a,ecx+3
000007r    1 [01]  7F 00 r      [00]  mov PWM_Init_1467K_84P_bp-1,a
------     1 [--]               [00]  .stabn 192,0,0,L48
------     1 [--]               [00]  L48:
------     1 [--]               [00]  .stabn 68,0,70,L49
------     1 [--]               [00]  L49:
------     1 [--]               [00]  .stabn 68,0,72,L50
------     1 [--]               [00]  L50:
000008r    1 [01]  88 18        [00]  mov a,@136
000009r    1 [01]  40 00 r      [00]  STA _PRD,0,0
------     1 [--]               [00]  .stabn 68,0,73,L51
------     1 [--]               [00]  L51:
00000Ar    1 [01]  72 18        [00]  mov a,@114
00000Br    1 [01]  40 00 r      [00]  STA _PDC1,0,0
------     1 [--]               [00]  .stabn 68,0,74,L52
------     1 [--]               [00]  L52:
00000Cr    1 [01]  40 18        [00]  mov a,@64
00000Dr    1 [01]  40 00 r      [00]  STA _CPUCON,0,0
------     1 [--]               [00]  .stabn 68,0,75,L53
------     1 [--]               [00]  L53:
00000Er    1 [01]  19 18        [00]  mov a,@25
00000Fr    1 [01]  40 00 r      [00]  STA _PWMCON,0,0
------     1 [--]               [00]  .stabn 68,0,76,L54
------     1 [--]               [00]  L54:
------     1 [--]               [00]  .stabn 224,0,0,L55
------     1 [--]               [00]  L55:
------     1 [--]               [00]  L$47:
000010r    1 [01]  3C 04 r      [00]  mov a,PWM_Init_1467K_84P_bp-4
000011r    1 [01]  40 00 r      [00]  mov ecx,a
000012r    1 [01]  3D 04 r      [00]  mov a,PWM_Init_1467K_84P_bp-3
000013r    1 [01]  41 00 r      [00]  mov ecx+1,a
000014r    1 [01]  3E 04 r      [00]  mov a,PWM_Init_1467K_84P_bp-2
000015r    1 [01]  42 00 r      [00]  mov ecx+2,a
000016r    1 [01]  3F 04 r      [00]  mov a,PWM_Init_1467K_84P_bp-1
000017r    1 [01]  43 00 r      [00]  mov ecx+3,a
000018r    1 [01]  12 00        [00]  ret
------     1 [--]               [00]  .STACK PWM_Init_1467K_84P_bp,local,4
------     1 [--]               [00]  public _PWM_Init_1467K_87P
------     1 [--]               [00]  public PWM_Init_1467K_87P_bp
------     1 [--]               [00]  .stabs "PWM_Init_1467K_87P:F15",36,0,0,_PWM_Init_1467K_87P
------     1 [--]               [00]  .section ".S4",C_CODE
------     1 [--]               [00]  .SYMDEF ".S4" 
------     1 [--]               [00]  _PWM_Init_1467K_87P:
------     1 [--]               [00]  .SYMDEF "_PWM_Init_1467K_87P" 
000000r    1 [01]  00 04 r      [00]  mov a,ecx
000001r    1 [01]  7C 00 r      [00]  mov PWM_Init_1467K_87P_bp-4,a
000002r    1 [01]  01 04 r      [00]  mov a,ecx+1
000003r    1 [01]  7D 00 r      [00]  mov PWM_Init_1467K_87P_bp-3,a
000004r    1 [01]  02 04 r      [00]  mov a,ecx+2
000005r    1 [01]  7E 00 r      [00]  mov PWM_Init_1467K_87P_bp-2,a
000006r    1 [01]  03 04 r      [00]  mov a,ecx+3
000007r    1 [01]  7F 00 r      [00]  mov PWM_Init_1467K_87P_bp-1,a
------     1 [--]               [00]  .stabn 192,0,0,L57
------     1 [--]               [00]  L57:
------     1 [--]               [00]  .stabn 68,0,79,L58
------     1 [--]               [00]  L58:
------     1 [--]               [00]  .stabn 68,0,81,L59
------     1 [--]               [00]  L59:
000008r    1 [01]  88 18        [00]  mov a,@136
000009r    1 [01]  40 00 r      [00]  STA _PRD,0,0
------     1 [--]               [00]  .stabn 68,0,82,L60
------     1 [--]               [00]  L60:
00000Ar    1 [01]  76 18        [00]  mov a,@118
00000Br    1 [01]  40 00 r      [00]  STA _PDC1,0,0
------     1 [--]               [00]  .stabn 68,0,83,L61
------     1 [--]               [00]  L61:
00000Cr    1 [01]  40 18        [00]  mov a,@64
00000Dr    1 [01]  40 00 r      [00]  STA _CPUCON,0,0
------     1 [--]               [00]  .stabn 68,0,84,L62
------     1 [--]               [00]  L62:
00000Er    1 [01]  19 18        [00]  mov a,@25
00000Fr    1 [01]  40 00 r      [00]  STA _PWMCON,0,0
------     1 [--]               [00]  .stabn 68,0,85,L63
------     1 [--]               [00]  L63:
------     1 [--]               [00]  .stabn 224,0,0,L64
------     1 [--]               [00]  L64:
------     1 [--]               [00]  L$56:
000010r    1 [01]  3C 04 r      [00]  mov a,PWM_Init_1467K_87P_bp-4
000011r    1 [01]  40 00 r      [00]  mov ecx,a
000012r    1 [01]  3D 04 r      [00]  mov a,PWM_Init_1467K_87P_bp-3
000013r    1 [01]  41 00 r      [00]  mov ecx+1,a
000014r    1 [01]  3E 04 r      [00]  mov a,PWM_Init_1467K_87P_bp-2
000015r    1 [01]  42 00 r      [00]  mov ecx+2,a
000016r    1 [01]  3F 04 r      [00]  mov a,PWM_Init_1467K_87P_bp-1
000017r    1 [01]  43 00 r      [00]  mov ecx+3,a
000018r    1 [01]  12 00        [00]  ret
------     1 [--]               [00]  .STACK PWM_Init_1467K_87P_bp,local,4
------     1 [--]               [00]  public _PWM_Init_1467K_90P
------     1 [--]               [00]  public PWM_Init_1467K_90P_bp
------     1 [--]               [00]  .stabs "PWM_Init_1467K_90P:F15",36,0,0,_PWM_Init_1467K_90P
------     1 [--]               [00]  .section ".S5",C_CODE
------     1 [--]               [00]  .SYMDEF ".S5" 
------     1 [--]               [00]  _PWM_Init_1467K_90P:
------     1 [--]               [00]  .SYMDEF "_PWM_Init_1467K_90P" 
000000r    1 [01]  00 04 r      [00]  mov a,ecx
000001r    1 [01]  7C 00 r      [00]  mov PWM_Init_1467K_90P_bp-4,a
000002r    1 [01]  01 04 r      [00]  mov a,ecx+1
000003r    1 [01]  7D 00 r      [00]  mov PWM_Init_1467K_90P_bp-3,a
000004r    1 [01]  02 04 r      [00]  mov a,ecx+2
000005r    1 [01]  7E 00 r      [00]  mov PWM_Init_1467K_90P_bp-2,a
000006r    1 [01]  03 04 r      [00]  mov a,ecx+3
000007r    1 [01]  7F 00 r      [00]  mov PWM_Init_1467K_90P_bp-1,a
------     1 [--]               [00]  .stabn 192,0,0,L66
------     1 [--]               [00]  L66:
------     1 [--]               [00]  .stabn 68,0,88,L67
------     1 [--]               [00]  L67:
------     1 [--]               [00]  .stabn 68,0,90,L68
------     1 [--]               [00]  L68:
000008r    1 [01]  88 18        [00]  mov a,@136
000009r    1 [01]  40 00 r      [00]  STA _PRD,0,0
------     1 [--]               [00]  .stabn 68,0,91,L69
------     1 [--]               [00]  L69:
00000Ar    1 [01]  7A 18        [00]  mov a,@122
00000Br    1 [01]  40 00 r      [00]  STA _PDC1,0,0
------     1 [--]               [00]  .stabn 68,0,92,L70
------     1 [--]               [00]  L70:
00000Cr    1 [01]  40 18        [00]  mov a,@64
00000Dr    1 [01]  40 00 r      [00]  STA _CPUCON,0,0
------     1 [--]               [00]  .stabn 68,0,93,L71
------     1 [--]               [00]  L71:
00000Er    1 [01]  19 18        [00]  mov a,@25
00000Fr    1 [01]  40 00 r      [00]  STA _PWMCON,0,0
------     1 [--]               [00]  .stabn 68,0,94,L72
------     1 [--]               [00]  L72:
------     1 [--]               [00]  .stabn 224,0,0,L73
------     1 [--]               [00]  L73:
------     1 [--]               [00]  L$65:
000010r    1 [01]  3C 04 r      [00]  mov a,PWM_Init_1467K_90P_bp-4
000011r    1 [01]  40 00 r      [00]  mov ecx,a
000012r    1 [01]  3D 04 r      [00]  mov a,PWM_Init_1467K_90P_bp-3
000013r    1 [01]  41 00 r      [00]  mov ecx+1,a
000014r    1 [01]  3E 04 r      [00]  mov a,PWM_Init_1467K_90P_bp-2
000015r    1 [01]  42 00 r      [00]  mov ecx+2,a
000016r    1 [01]  3F 04 r      [00]  mov a,PWM_Init_1467K_90P_bp-1
000017r    1 [01]  43 00 r      [00]  mov ecx+3,a
000018r    1 [01]  12 00        [00]  ret
------     1 [--]               [00]  .STACK PWM_Init_1467K_90P_bp,local,4
------     1 [--]               [00]  public _PWM_Init_1467K_93P
------     1 [--]               [00]  public PWM_Init_1467K_93P_bp
------     1 [--]               [00]  .stabs "PWM_Init_1467K_93P:F15",36,0,0,_PWM_Init_1467K_93P
------     1 [--]               [00]  .section ".S6",C_CODE
------     1 [--]               [00]  .SYMDEF ".S6" 
------     1 [--]               [00]  _PWM_Init_1467K_93P:
------     1 [--]               [00]  .SYMDEF "_PWM_Init_1467K_93P" 
000000r    1 [01]  00 04 r      [00]  mov a,ecx
000001r    1 [01]  7C 00 r      [00]  mov PWM_Init_1467K_93P_bp-4,a
000002r    1 [01]  01 04 r      [00]  mov a,ecx+1
000003r    1 [01]  7D 00 r      [00]  mov PWM_Init_1467K_93P_bp-3,a
000004r    1 [01]  02 04 r      [00]  mov a,ecx+2
000005r    1 [01]  7E 00 r      [00]  mov PWM_Init_1467K_93P_bp-2,a
000006r    1 [01]  03 04 r      [00]  mov a,ecx+3
000007r    1 [01]  7F 00 r      [00]  mov PWM_Init_1467K_93P_bp-1,a
------     1 [--]               [00]  .stabn 192,0,0,L75
------     1 [--]               [00]  L75:
------     1 [--]               [00]  .stabn 68,0,97,L76
------     1 [--]               [00]  L76:
------     1 [--]               [00]  .stabn 68,0,99,L77
------     1 [--]               [00]  L77:
000008r    1 [01]  88 18        [00]  mov a,@136
000009r    1 [01]  40 00 r      [00]  STA _PRD,0,0
------     1 [--]               [00]  .stabn 68,0,100,L78
------     1 [--]               [00]  L78:
00000Ar    1 [01]  7E 18        [00]  mov a,@126
00000Br    1 [01]  40 00 r      [00]  STA _PDC1,0,0
------     1 [--]               [00]  .stabn 68,0,101,L79
------     1 [--]               [00]  L79:
00000Cr    1 [01]  40 18        [00]  mov a,@64
00000Dr    1 [01]  40 00 r      [00]  STA _CPUCON,0,0
------     1 [--]               [00]  .stabn 68,0,102,L80
------     1 [--]               [00]  L80:
00000Er    1 [01]  19 18        [00]  mov a,@25
00000Fr    1 [01]  40 00 r      [00]  STA _PWMCON,0,0
------     1 [--]               [00]  .stabn 68,0,103,L81
------     1 [--]               [00]  L81:
------     1 [--]               [00]  .stabn 224,0,0,L82
------     1 [--]               [00]  L82:
------     1 [--]               [00]  L$74:
000010r    1 [01]  3C 04 r      [00]  mov a,PWM_Init_1467K_93P_bp-4
000011r    1 [01]  40 00 r      [00]  mov ecx,a
000012r    1 [01]  3D 04 r      [00]  mov a,PWM_Init_1467K_93P_bp-3
000013r    1 [01]  41 00 r      [00]  mov ecx+1,a
000014r    1 [01]  3E 04 r      [00]  mov a,PWM_Init_1467K_93P_bp-2
000015r    1 [01]  42 00 r      [00]  mov ecx+2,a
000016r    1 [01]  3F 04 r      [00]  mov a,PWM_Init_1467K_93P_bp-1
000017r    1 [01]  43 00 r      [00]  mov ecx+3,a
000018r    1 [01]  12 00        [00]  ret
------     1 [--]               [00]  .STACK PWM_Init_1467K_93P_bp,local,4
------     1 [--]               [00]  public _PWM_Init_1467K_96P
------     1 [--]               [00]  public PWM_Init_1467K_96P_bp
------     1 [--]               [00]  .stabs "PWM_Init_1467K_96P:F15",36,0,0,_PWM_Init_1467K_96P
------     1 [--]               [00]  .section ".S7",C_CODE
------     1 [--]               [00]  .SYMDEF ".S7" 
------     1 [--]               [00]  _PWM_Init_1467K_96P:
------     1 [--]               [00]  .SYMDEF "_PWM_Init_1467K_96P" 
000000r    1 [01]  00 04 r      [00]  mov a,ecx
000001r    1 [01]  7C 00 r      [00]  mov PWM_Init_1467K_96P_bp-4,a
000002r    1 [01]  01 04 r      [00]  mov a,ecx+1
000003r    1 [01]  7D 00 r      [00]  mov PWM_Init_1467K_96P_bp-3,a
000004r    1 [01]  02 04 r      [00]  mov a,ecx+2
000005r    1 [01]  7E 00 r      [00]  mov PWM_Init_1467K_96P_bp-2,a
000006r    1 [01]  03 04 r      [00]  mov a,ecx+3
000007r    1 [01]  7F 00 r      [00]  mov PWM_Init_1467K_96P_bp-1,a
------     1 [--]               [00]  .stabn 192,0,0,L84
------     1 [--]               [00]  L84:
------     1 [--]               [00]  .stabn 68,0,106,L85
------     1 [--]               [00]  L85:
------     1 [--]               [00]  .stabn 68,0,108,L86
------     1 [--]               [00]  L86:
000008r    1 [01]  88 18        [00]  mov a,@136
000009r    1 [01]  40 00 r      [00]  STA _PRD,0,0
------     1 [--]               [00]  .stabn 68,0,109,L87
------     1 [--]               [00]  L87:
00000Ar    1 [01]  82 18        [00]  mov a,@130
00000Br    1 [01]  40 00 r      [00]  STA _PDC1,0,0
------     1 [--]               [00]  .stabn 68,0,110,L88
------     1 [--]               [00]  L88:
00000Cr    1 [01]  40 18        [00]  mov a,@64
00000Dr    1 [01]  40 00 r      [00]  STA _CPUCON,0,0
------     1 [--]               [00]  .stabn 68,0,111,L89
------     1 [--]               [00]  L89:
00000Er    1 [01]  19 18        [00]  mov a,@25
00000Fr    1 [01]  40 00 r      [00]  STA _PWMCON,0,0
------     1 [--]               [00]  .stabn 68,0,112,L90
------     1 [--]               [00]  L90:
------     1 [--]               [00]  .stabn 224,0,0,L91
------     1 [--]               [00]  L91:
------     1 [--]               [00]  L$83:
000010r    1 [01]  3C 04 r      [00]  mov a,PWM_Init_1467K_96P_bp-4
000011r    1 [01]  40 00 r      [00]  mov ecx,a
000012r    1 [01]  3D 04 r      [00]  mov a,PWM_Init_1467K_96P_bp-3
000013r    1 [01]  41 00 r      [00]  mov ecx+1,a
000014r    1 [01]  3E 04 r      [00]  mov a,PWM_Init_1467K_96P_bp-2
000015r    1 [01]  42 00 r      [00]  mov ecx+2,a
000016r    1 [01]  3F 04 r      [00]  mov a,PWM_Init_1467K_96P_bp-1
000017r    1 [01]  43 00 r      [00]  mov ecx+3,a
000018r    1 [01]  12 00        [00]  ret
------     1 [--]               [00]  .STACK PWM_Init_1467K_96P_bp,local,4
------     1 [--]               [00]  public _PWM_Init_1467K_100P
------     1 [--]               [00]  public PWM_Init_1467K_100P_bp
------     1 [--]               [00]  .stabs "PWM_Init_1467K_100P:F15",36,0,0,_PWM_Init_1467K_100P
------     1 [--]               [00]  .section ".S8",C_CODE
------     1 [--]               [00]  .SYMDEF ".S8" 
------     1 [--]               [00]  _PWM_Init_1467K_100P:
------     1 [--]               [00]  .SYMDEF "_PWM_Init_1467K_100P" 
000000r    1 [01]  00 04 r      [00]  mov a,ecx
000001r    1 [01]  7C 00 r      [00]  mov PWM_Init_1467K_100P_bp-4,a
000002r    1 [01]  01 04 r      [00]  mov a,ecx+1
000003r    1 [01]  7D 00 r      [00]  mov PWM_Init_1467K_100P_bp-3,a
000004r    1 [01]  02 04 r      [00]  mov a,ecx+2
000005r    1 [01]  7E 00 r      [00]  mov PWM_Init_1467K_100P_bp-2,a
000006r    1 [01]  03 04 r      [00]  mov a,ecx+3
000007r    1 [01]  7F 00 r      [00]  mov PWM_Init_1467K_100P_bp-1,a
------     1 [--]               [00]  .stabn 192,0,0,L93
------     1 [--]               [00]  L93:
------     1 [--]               [00]  .stabn 68,0,115,L94
------     1 [--]               [00]  L94:
------     1 [--]               [00]  .stabn 68,0,117,L95
------     1 [--]               [00]  L95:
000008r    1 [01]  88 18        [00]  mov a,@136
000009r    1 [01]  40 00 r      [00]  STA _PRD,0,0
------     1 [--]               [00]  .stabn 68,0,118,L96
------     1 [--]               [00]  L96:
00000Ar    1 [01]  88 18        [00]  mov a,@136
00000Br    1 [01]  40 00 r      [00]  STA _PDC1,0,0
------     1 [--]               [00]  .stabn 68,0,119,L97
------     1 [--]               [00]  L97:
00000Cr    1 [01]  40 18        [00]  mov a,@64
00000Dr    1 [01]  40 00 r      [00]  STA _CPUCON,0,0
------     1 [--]               [00]  .stabn 68,0,120,L98
------     1 [--]               [00]  L98:
00000Er    1 [01]  19 18        [00]  mov a,@25
00000Fr    1 [01]  40 00 r      [00]  STA _PWMCON,0,0
------     1 [--]               [00]  .stabn 68,0,121,L99
------     1 [--]               [00]  L99:
------     1 [--]               [00]  .stabn 224,0,0,L100
------     1 [--]               [00]  L100:
------     1 [--]               [00]  L$92:
000010r    1 [01]  3C 04 r      [00]  mov a,PWM_Init_1467K_100P_bp-4
000011r    1 [01]  40 00 r      [00]  mov ecx,a
000012r    1 [01]  3D 04 r      [00]  mov a,PWM_Init_1467K_100P_bp-3
000013r    1 [01]  41 00 r      [00]  mov ecx+1,a
000014r    1 [01]  3E 04 r      [00]  mov a,PWM_Init_1467K_100P_bp-2
000015r    1 [01]  42 00 r      [00]  mov ecx+2,a
000016r    1 [01]  3F 04 r      [00]  mov a,PWM_Init_1467K_100P_bp-1
000017r    1 [01]  43 00 r      [00]  mov ecx+3,a
000018r    1 [01]  12 00        [00]  ret
------     1 [--]               [00]  .STACK PWM_Init_1467K_100P_bp,local,4
------     1 [--]               [00]  public _IO_Init
------     1 [--]               [00]  public IO_Init_bp
------     1 [--]               [00]  .stabs "IO_Init:F15",36,0,0,_IO_Init
------     1 [--]               [00]  .section ".S9",C_CODE
------     1 [--]               [00]  .SYMDEF ".S9" 
------     1 [--]               [00]  _IO_Init:
------     1 [--]               [00]  .SYMDEF "_IO_Init" 
000000r    1 [01]  00 04 r      [00]  mov a,ecx
000001r    1 [01]  7C 00 r      [00]  mov IO_Init_bp-4,a
000002r    1 [01]  01 04 r      [00]  mov a,ecx+1
000003r    1 [01]  7D 00 r      [00]  mov IO_Init_bp-3,a
000004r    1 [01]  02 04 r      [00]  mov a,ecx+2
000005r    1 [01]  7E 00 r      [00]  mov IO_Init_bp-2,a
000006r    1 [01]  03 04 r      [00]  mov a,ecx+3
000007r    1 [01]  7F 00 r      [00]  mov IO_Init_bp-1,a
------     1 [--]               [00]  .stabn 192,0,0,L102
------     1 [--]               [00]  L102:
------     1 [--]               [00]  .stabn 68,0,124,L103
------     1 [--]               [00]  L103:
------     1 [--]               [00]  .stabn 68,0,126,L104
------     1 [--]               [00]  L104:
000008r    1 [01]  C0 00 r      [00]  clr _PORT5
------     1 [--]               [00]  .stabn 68,0,127,L105
------     1 [--]               [00]  L105:
000009r    1 [01]  00 18        [00]  mov a,@0
00000Ar    1 [01]  00 00 r      [00]  STA _P5CR,0,2
------     1 [--]               [00]  .stabn 68,0,128,L106
------     1 [--]               [00]  L106:
00000Br    1 [01]  C0 00 r      [00]  clr _PORT6
------     1 [--]               [00]  .stabn 68,0,129,L107
------     1 [--]               [00]  L107:
00000Cr    1 [01]  00 18        [00]  mov a,@0
00000Dr    1 [01]  00 00 r      [00]  STA _P6CR,0,2
------     1 [--]               [00]  .stabn 68,0,131,L108
------     1 [--]               [00]  L108:
------     1 [--]               [00]  .cfile "C:\mcuproject\xj\jinmoqiang\PWM.c(131):"
00000Er    1 [01]  03 18        [00]  mov	a,@0x03
------     1 [--]               [00]  .stabn 68,0,132,L109
------     1 [--]               [00]  L109:
------     1 [--]               [00]  .cfile "C:\mcuproject\xj\jinmoqiang\PWM.c(132):"
00000Fr    1 [01]  02 00        [00]  contw
------     1 [--]               [00]  .stabn 68,0,134,L110
------     1 [--]               [00]  L110:
------     1 [--]               [00]  .stabn 224,0,0,L111
------     1 [--]               [00]  L111:
------     1 [--]               [00]  L$101:
000010r    1 [01]  3C 04 r      [00]  mov a,IO_Init_bp-4
000011r    1 [01]  40 00 r      [00]  mov ecx,a
000012r    1 [01]  3D 04 r      [00]  mov a,IO_Init_bp-3
000013r    1 [01]  41 00 r      [00]  mov ecx+1,a
000014r    1 [01]  3E 04 r      [00]  mov a,IO_Init_bp-2
000015r    1 [01]  42 00 r      [00]  mov ecx+2,a
000016r    1 [01]  3F 04 r      [00]  mov a,IO_Init_bp-1
000017r    1 [01]  43 00 r      [00]  mov ecx+3,a
000018r    1 [01]  12 00        [00]  ret
------     1 [--]               [00]  .STACK IO_Init_bp,local,4
------     1 [--]               [00]  public _interrupt
------     1 [--]               [00]  public interrupt_bp
------     1 [--]               [00]  .stabs "interrupt:F15",36,0,0,_interrupt
------     1 [--]               [00]  .section ".S10",C_CODE
------     1 [--]               [00]  .SYMDEF ".S10" INT:-1
------     1 [--]               [00]  _interrupt:
------     1 [--]               [00]  .SYMDEF "_interrupt" INT:-1
------     1 [--]               [00]  .stabn 192,0,0,L115
------     1 [--]               [00]  L115:
------     1 [--]               [00]  .stabn 68,0,138,L116
------     1 [--]               [00]  L116:
------     1 [--]               [00]  .stabn 68,0,141,L117
------     1 [--]               [00]  L117:
------     1 [--]               [00]  .cfile "C:\mcuproject\xj\jinmoqiang\PWM.c(141):"
000000r    1 [01]  7D 00        [00]  MOV 0x3D,A ;保存 A
------     1 [--]               [00]  .stabn 68,0,142,L118
------     1 [--]               [00]  L118:
------     1 [--]               [00]  .cfile "C:\mcuproject\xj\jinmoqiang\PWM.c(142):"
000001r    1 [01]  03 04        [00]  MOV A,0x03
------     1 [--]               [00]  .stabn 68,0,143,L119
------     1 [--]               [00]  L119:
------     1 [--]               [00]  .cfile "C:\mcuproject\xj\jinmoqiang\PWM.c(143):"
000002r    1 [01]  7E 00        [00]  MOV 0x3E,A ;保存 R3
------     1 [--]               [00]  .stabn 68,0,144,L120
------     1 [--]               [00]  L120:
------     1 [--]               [00]  .cfile "C:\mcuproject\xj\jinmoqiang\PWM.c(144):"
000003r    1 [01]  04 04        [00]  MOV A,0x04
------     1 [--]               [00]  .stabn 68,0,145,L121
------     1 [--]               [00]  L121:
------     1 [--]               [00]  .cfile "C:\mcuproject\xj\jinmoqiang\PWM.c(145):"
000004r    1 [01]  7F 00        [00]  MOV 0x3F,A ;保存 R4
------     1 [--]               [00]  .stabn 68,0,148,L122
------     1 [--]               [00]  L122:
000005r    1 [01]  00 0E r      [00]  jbs _TCIF,0
000006r    1 [01]  00 14 r      [00]  EXTJMP @L$113
------     1 [--]               [00]  .stabn 192,0,1,L123
------     1 [--]               [00]  L123:
------     1 [--]               [00]  .stabn 68,0,149,L124
------     1 [--]               [00]  L124:
------     1 [--]               [00]  .stabn 68,0,151,L125
------     1 [--]               [00]  L125:
000007r    1 [--]  -- --        [00]  LDA _ISR,0,0
000008r    1 [01]  FE 18        [00]  and a,@254
000009r    1 [01]  C0 02 r      [00]  STA _ISR,0,0
------     1 [--]               [00]  .stabn 68,0,152,L126
------     1 [--]               [00]  L126:
00000Ar    1 [01]  06 18        [00]  mov a,@6
00000Br    1 [01]  40 00 r      [00]  STA _TCC,0,0
------     1 [--]               [00]  .stabn 68,0,154,L127
------     1 [--]               [00]  L127:
00000Cr    1 [--]  -- --        [00]  LDA _PORT5,0,0
00000Dr    1 [01]  FF 18        [00]  xor a,@255
00000Er    1 [01]  40 03 r      [00]  STA _PORT5,0,0
------     1 [--]               [00]  .stabn 68,0,155,L128
------     1 [--]               [00]  L128:
------     1 [--]               [00]  .stabn 224,0,1,L129
------     1 [--]               [00]  L129:
------     1 [--]               [00]  L$113:
------     1 [--]               [00]  .stabn 68,0,159,L130
------     1 [--]               [00]  L130:
------     1 [--]               [00]  .cfile "C:\mcuproject\xj\jinmoqiang\PWM.c(159):"
00000Fr    1 [01]  3F 04        [00]  MOV A,0x3F ;返回 R4
------     1 [--]               [00]  .stabn 68,0,160,L131
------     1 [--]               [00]  L131:
------     1 [--]               [00]  .cfile "C:\mcuproject\xj\jinmoqiang\PWM.c(160):"
000010r    1 [01]  44 00        [00]  MOV 0x04,A
------     1 [--]               [00]  .stabn 68,0,161,L132
------     1 [--]               [00]  L132:
------     1 [--]               [00]  .cfile "C:\mcuproject\xj\jinmoqiang\PWM.c(161):"
000011r    1 [01]  3E 04        [00]  MOV A,0x3E ;返回 R3
------     1 [--]               [00]  .stabn 68,0,162,L133
------     1 [--]               [00]  L133:
------     1 [--]               [00]  .cfile "C:\mcuproject\xj\jinmoqiang\PWM.c(162):"
000012r    1 [01]  43 00        [00]  MOV 0x03,A
------     1 [--]               [00]  .stabn 68,0,163,L134
------     1 [--]               [00]  L134:
------     1 [--]               [00]  .cfile "C:\mcuproject\xj\jinmoqiang\PWM.c(163):"
000013r    1 [01]  7D 07        [00]  SWAP 0x3D  ;返回 A
------     1 [--]               [00]  .stabn 68,0,164,L135
------     1 [--]               [00]  L135:
------     1 [--]               [00]  .cfile "C:\mcuproject\xj\jinmoqiang\PWM.c(164):"
000014r    1 [01]  3D 07        [00]  SWAPA 0x3D
------     1 [--]               [00]  .stabn 68,0,166,L136
------     1 [--]               [00]  L136:
------     1 [--]               [00]  .stabn 224,0,0,L137
------     1 [--]               [00]  L137:
------     1 [--]               [00]  L$112:
000015r    1 [01]  13 00        [00]  reti
------     1 [--]               [00]  .STACK interrupt_bp,local,0
------     1 [--]               [00]  public _interrupt_l
------     1 [--]               [00]  public interrupt_l_bp
------     1 [--]               [00]  .stabs "interrupt_l:F15",36,0,0,_interrupt_l
------     1 [--]               [00]  .section ".S11",C_CODE
------     1 [--]               [00]  .SYMDEF ".S11" LOWINT:0,8
------     1 [--]               [00]  _interrupt_l:
------     1 [--]               [00]  .SYMDEF "_interrupt_l" LOWINT:0,8
------     1 [--]               [00]  .stabn 192,0,0,L139
------     1 [--]               [00]  L139:
------     1 [--]               [00]  .stabn 68,0,171,L140
------     1 [--]               [00]  L140:
------     1 [--]               [00]  .stabn 68,0,173,L141
------     1 [--]               [00]  L141:
------     1 [--]               [00]  .stabn 224,0,0,L142
------     1 [--]               [00]  L142:
------     1 [--]               [00]  L$138:
000008r    1 [01]  13 00        [00]  reti
------     1 [--]               [00]  .STACK interrupt_l_bp,local,0
------     1 [--]               [00]  .section ".bss"
------     1 [--]               [00]  .align 1
------     1 [--]               [00]  _TCIF:
------     1 [--]               [00]  .SYMDEF "_TCIF" REG:0,BIT:0,15,LEN:1
000000r    1 [--]  xx           [00]  ds 1
------     1 [--]               [00]  .stabs "TCIF:S16",40,0,0,_TCIF
------     1 [--]               [00]  .align 1
------     1 [--]               [00]  _ICIF:
------     1 [--]               [00]  .SYMDEF "_ICIF" REG:0,BIT:1,15,LEN:1
000001r    1 [--]  xx           [00]  ds 1
------     1 [--]               [00]  .stabs "ICIF:S16",40,0,0,_ICIF
------     1 [--]               [00]  .align 1
------     1 [--]               [00]  _EXIF:
------     1 [--]               [00]  .SYMDEF "_EXIF" REG:0,BIT:2,15,LEN:1
000002r    1 [--]  xx           [00]  ds 1
------     1 [--]               [00]  .stabs "EXIF:S16",40,0,0,_EXIF
------     1 [--]               [00]  .align 1
------     1 [--]               [00]  _P60:
------     1 [--]               [00]  .SYMDEF "_P60" REG:0,BIT:0,6,LEN:1
000003r    1 [--]  xx           [00]  ds 1
------     1 [--]               [00]  .stabs "P60:S16",40,0,0,_P60
------     1 [--]               [00]  .align 1
------     1 [--]               [00]  _P61:
------     1 [--]               [00]  .SYMDEF "_P61" REG:0,BIT:1,6,LEN:1
000004r    1 [--]  xx           [00]  ds 1
------     1 [--]               [00]  .stabs "P61:S16",40,0,0,_P61
------     1 [--]               [00]  .align 1
------     1 [--]               [00]  _P62:
------     1 [--]               [00]  .SYMDEF "_P62" REG:0,BIT:2,6,LEN:1
000005r    1 [--]  xx           [00]  ds 1
------     1 [--]               [00]  .stabs "P62:S16",40,0,0,_P62
------     1 [--]               [00]  .align 1
------     1 [--]               [00]  _P63:
------     1 [--]               [00]  .SYMDEF "_P63" REG:0,BIT:3,6,LEN:1
000006r    1 [--]  xx           [00]  ds 1
------     1 [--]               [00]  .stabs "P63:S16",40,0,0,_P63
------     1 [--]               [00]  .align 1
------     1 [--]               [00]  _P64:
------     1 [--]               [00]  .SYMDEF "_P64" REG:0,BIT:4,6,LEN:1
000007r    1 [--]  xx           [00]  ds 1
------     1 [--]               [00]  .stabs "P64:S16",40,0,0,_P64
------     1 [--]               [00]  .align 1
------     1 [--]               [00]  _P65:
------     1 [--]               [00]  .SYMDEF "_P65" REG:0,BIT:5,6,LEN:1
000008r    1 [--]  xx           [00]  ds 1
------     1 [--]               [00]  .stabs "P65:S16",40,0,0,_P65
------     1 [--]               [00]  .align 1
------     1 [--]               [00]  _P66:
------     1 [--]               [00]  .SYMDEF "_P66" REG:0,BIT:6,6,LEN:1
000009r    1 [--]  xx           [00]  ds 1
------     1 [--]               [00]  .stabs "P66:S16",40,0,0,_P66
------     1 [--]               [00]  .align 1
------     1 [--]               [00]  _P67:
------     1 [--]               [00]  .SYMDEF "_P67" REG:0,BIT:7,6,LEN:1
00000Ar    1 [--]  xx           [00]  ds 1
------     1 [--]               [00]  .stabs "P67:S16",40,0,0,_P67
------     1 [--]               [00]  .align 1
------     1 [--]               [00]  _P50:
------     1 [--]               [00]  .SYMDEF "_P50" REG:0,BIT:0,5,LEN:1
00000Br    1 [--]  xx           [00]  ds 1
------     1 [--]               [00]  .stabs "P50:S16",40,0,0,_P50
------     1 [--]               [00]  .align 1
------     1 [--]               [00]  _P51:
------     1 [--]               [00]  .SYMDEF "_P51" REG:0,BIT:1,5,LEN:1
00000Cr    1 [--]  xx           [00]  ds 1
------     1 [--]               [00]  .stabs "P51:S16",40,0,0,_P51
------     1 [--]               [00]  .align 1
------     1 [--]               [00]  _P52:
------     1 [--]               [00]  .SYMDEF "_P52" REG:0,BIT:2,5,LEN:1
00000Dr    1 [--]  xx           [00]  ds 1
------     1 [--]               [00]  .stabs "P52:S16",40,0,0,_P52
------     1 [--]               [00]  .align 1
------     1 [--]               [00]  _P53:
------     1 [--]               [00]  .SYMDEF "_P53" REG:0,BIT:3,5,LEN:1
00000Er    1 [--]  xx           [00]  ds 1
------     1 [--]               [00]  .stabs "P53:S16",40,0,0,_P53
------     1 [--]               [00]  .align 1
------     1 [--]               [00]  _C:
------     1 [--]               [00]  .SYMDEF "_C" REG:0,BIT:0,3,LEN:1
00000Fr    1 [--]  xx           [00]  ds 1
------     1 [--]               [00]  .stabs "C:S16",40,0,0,_C
------     1 [--]               [00]  .align 1
------     1 [--]               [00]  _DC:
------     1 [--]               [00]  .SYMDEF "_DC" REG:0,BIT:1,3,LEN:1
000010r    1 [--]  xx           [00]  ds 1
------     1 [--]               [00]  .stabs "DC:S16",40,0,0,_DC
------     1 [--]               [00]  .align 1
------     1 [--]               [00]  _Z:
------     1 [--]               [00]  .SYMDEF "_Z" REG:0,BIT:2,3,LEN:1
000011r    1 [--]  xx           [00]  ds 1
------     1 [--]               [00]  .stabs "Z:S16",40,0,0,_Z
------     1 [--]               [00]  .align 1
------     1 [--]               [00]  _P:
------     1 [--]               [00]  .SYMDEF "_P" REG:0,BIT:3,3,LEN:1
000012r    1 [--]  xx           [00]  ds 1
------     1 [--]               [00]  .stabs "P:S16",40,0,0,_P
------     1 [--]               [00]  .align 1
------     1 [--]               [00]  _T:
------     1 [--]               [00]  .SYMDEF "_T" REG:0,BIT:4,3,LEN:1
000013r    1 [--]  xx           [00]  ds 1
------     1 [--]               [00]  .stabs "T:S16",40,0,0,_T
------     1 [--]               [00]  .align 1
------     1 [--]               [00]  _GP0:
------     1 [--]               [00]  .SYMDEF "_GP0" REG:0,BIT:5,3,LEN:1
000014r    1 [--]  xx           [00]  ds 1
------     1 [--]               [00]  .stabs "GP0:S16",40,0,0,_GP0
------     1 [--]               [00]  .align 1
------     1 [--]               [00]  _GP1:
------     1 [--]               [00]  .SYMDEF "_GP1" REG:0,BIT:6,3,LEN:1
000015r    1 [--]  xx           [00]  ds 1
------     1 [--]               [00]  .stabs "GP1:S16",40,0,0,_GP1
------     1 [--]               [00]  .align 1
------     1 [--]               [00]  _RST:
------     1 [--]               [00]  .SYMDEF "_RST" REG:0,BIT:7,3,LEN:1
000016r    1 [--]  xx           [00]  ds 1
------     1 [--]               [00]  .stabs "RST:S16",40,0,0,_RST
------     1 [--]               [00]  .align 1
------     1 [--]               [00]  _IMR:
------     1 [--]               [00]  .SYMDEF "_IMR" IO:0,15,LEN:1
000017r    1 [--]  xx           [00]  ds 1
------     1 [--]               [00]  .stabs "IMR:S14",40,0,0,_IMR
------     1 [--]               [00]  .align 1
------     1 [--]               [00]  _WDTCR:
------     1 [--]               [00]  .SYMDEF "_WDTCR" IO:0,14,LEN:1
000018r    1 [--]  xx           [00]  ds 1
------     1 [--]               [00]  .stabs "WDTCR:S14",40,0,0,_WDTCR
------     1 [--]               [00]  .align 1
------     1 [--]               [00]  _PHCR:
------     1 [--]               [00]  .SYMDEF "_PHCR" IO:0,13,LEN:1
000019r    1 [--]  xx           [00]  ds 1
------     1 [--]               [00]  .stabs "PHCR:S14",40,0,0,_PHCR
------     1 [--]               [00]  .align 1
------     1 [--]               [00]  _PDCR:
------     1 [--]               [00]  .SYMDEF "_PDCR" IO:0,11,LEN:1
00001Ar    1 [--]  xx           [00]  ds 1
------     1 [--]               [00]  .stabs "PDCR:S14",40,0,0,_PDCR
------     1 [--]               [00]  .align 1
------     1 [--]               [00]  _PHDCR:
------     1 [--]               [00]  .SYMDEF "_PHDCR" IO:0,9,LEN:1
00001Br    1 [--]  xx           [00]  ds 1
------     1 [--]               [00]  .stabs "PHDCR:S14",40,0,0,_PHDCR
------     1 [--]               [00]  .align 1
------     1 [--]               [00]  _P6CR:
------     1 [--]               [00]  .SYMDEF "_P6CR" IO:0,6,LEN:1
00001Cr    1 [--]  xx           [00]  ds 1
------     1 [--]               [00]  .stabs "P6CR:S14",40,0,0,_P6CR
------     1 [--]               [00]  .align 1
------     1 [--]               [00]  _P5CR:
------     1 [--]               [00]  .SYMDEF "_P5CR" IO:0,5,LEN:1
00001Dr    1 [--]  xx           [00]  ds 1
------     1 [--]               [00]  .stabs "P5CR:S14",40,0,0,_P5CR
------     1 [--]               [00]  .align 1
------     1 [--]               [00]  _ISR:
------     1 [--]               [00]  .SYMDEF "_ISR" REG:0,15,LEN:1
00001Er    1 [--]  xx           [00]  ds 1
------     1 [--]               [00]  .stabs "ISR:S14",40,0,0,_ISR
------     1 [--]               [00]  .align 1
------     1 [--]               [00]  _CPUCON:
------     1 [--]               [00]  .SYMDEF "_CPUCON" REG:0,14,LEN:1
00001Fr    1 [--]  xx           [00]  ds 1
------     1 [--]               [00]  .stabs "CPUCON:S14",40,0,0,_CPUCON
------     1 [--]               [00]  .align 1
------     1 [--]               [00]  _ICIECR:
------     1 [--]               [00]  .SYMDEF "_ICIECR" REG:0,13,LEN:1
000020r    1 [--]  xx           [00]  ds 1
------     1 [--]               [00]  .stabs "ICIECR:S14",40,0,0,_ICIECR
------     1 [--]               [00]  .align 1
------     1 [--]               [00]  _PDC3:
------     1 [--]               [00]  .SYMDEF "_PDC3" REG:0,12,LEN:1
000021r    1 [--]  xx           [00]  ds 1
------     1 [--]               [00]  .stabs "PDC3:S14",40,0,0,_PDC3
------     1 [--]               [00]  .align 1
------     1 [--]               [00]  _PDC2:
------     1 [--]               [00]  .SYMDEF "_PDC2" REG:0,11,LEN:1
000022r    1 [--]  xx           [00]  ds 1
------     1 [--]               [00]  .stabs "PDC2:S14",40,0,0,_PDC2
------     1 [--]               [00]  .align 1
------     1 [--]               [00]  _PDC1:
------     1 [--]               [00]  .SYMDEF "_PDC1" REG:0,10,LEN:1
000023r    1 [--]  xx           [00]  ds 1
------     1 [--]               [00]  .stabs "PDC1:S14",40,0,0,_PDC1
------     1 [--]               [00]  .align 1
------     1 [--]               [00]  _PRD:
------     1 [--]               [00]  .SYMDEF "_PRD" REG:0,9,LEN:1
000024r    1 [--]  xx           [00]  ds 1
------     1 [--]               [00]  .stabs "PRD:S14",40,0,0,_PRD
------     1 [--]               [00]  .align 1
------     1 [--]               [00]  _PWMCON:
------     1 [--]               [00]  .SYMDEF "_PWMCON" REG:0,8,LEN:1
000025r    1 [--]  xx           [00]  ds 1
------     1 [--]               [00]  .stabs "PWMCON:S14",40,0,0,_PWMCON
------     1 [--]               [00]  .align 1
------     1 [--]               [00]  _LVDCON:
------     1 [--]               [00]  .SYMDEF "_LVDCON" REG:0,6,LEN:1
000026r    1 [--]  xx           [00]  ds 1
------     1 [--]               [00]  .stabs "LVDCON:S14",40,0,0,_LVDCON
------     1 [--]               [00]  .align 1
------     1 [--]               [00]  _PORT6:
------     1 [--]               [00]  .SYMDEF "_PORT6" REG:0,6,LEN:1
000027r    1 [--]  xx           [00]  ds 1
------     1 [--]               [00]  .stabs "PORT6:S14",40,0,0,_PORT6
------     1 [--]               [00]  .align 1
------     1 [--]               [00]  _PORT5:
------     1 [--]               [00]  .SYMDEF "_PORT5" REG:0,5,LEN:1
000028r    1 [--]  xx           [00]  ds 1
------     1 [--]               [00]  .stabs "PORT5:S14",40,0,0,_PORT5
------     1 [--]               [00]  .align 1
------     1 [--]               [00]  _RSR:
------     1 [--]               [00]  .SYMDEF "_RSR" REG:0,4,LEN:1
000029r    1 [--]  xx           [00]  ds 1
------     1 [--]               [00]  .stabs "RSR:S14",40,0,0,_RSR
------     1 [--]               [00]  .align 1
------     1 [--]               [00]  _STATUS:
------     1 [--]               [00]  .SYMDEF "_STATUS" REG:0,3,LEN:1
00002Ar    1 [--]  xx           [00]  ds 1
------     1 [--]               [00]  .stabs "STATUS:S14",40,0,0,_STATUS
------     1 [--]               [00]  .align 1
------     1 [--]               [00]  _PC:
------     1 [--]               [00]  .SYMDEF "_PC" REG:0,2,LEN:1
00002Br    1 [--]  xx           [00]  ds 1
------     1 [--]               [00]  .stabs "PC:S14",40,0,0,_PC
------     1 [--]               [00]  .align 1
------     1 [--]               [00]  _TCC:
------     1 [--]               [00]  .SYMDEF "_TCC" REG:0,1,LEN:1
00002Cr    1 [--]  xx           [00]  ds 1
------     1 [--]               [00]  .stabs "TCC:S14",40,0,0,_TCC
------     1 [--]               [00]  .align 1
------     1 [--]               [00]  _R0:
------     1 [--]               [00]  .SYMDEF "_R0" REG:0,0,LEN:1
00002Dr    1 [--]  xx           [00]  ds 1
------     1 [--]               [00]  .stabs "R0:S14",40,0,0,_R0
------     1 [--]               [00]  .section ".code"
------     1 [--]               [00]  end
------     1 [--]               [00]  

	** End of list file C:\mcuproject\xj\jinmoqiang\PWM.lst **