ias78II.exe v2.0.100.101b - The macro assembler for EM78 series.
Copyright (C) ELAN Microelectronic Corp. 2003-2008. All rights reserved.
Main file : fan.s

File list:
   1 ----  C:\mcuproject\xj\fan0919\fan.s
   2 ----  C:\Program Files (x86)\ELAN\eUIDE\Bin\Include\sysdefii.inc


The format of a listing line is:
  XXXXXXm FFFF [TT]  11 22 33 44  [DD]  Source code
Where:
  XXXXXX   is the PC
  m        is the mode ('r' or empty)
  FFFF     is the file name
  [TT]     is the CPU clock
  11 ..    are code or data bytes
  [DD]     depth of IFDEF and ENDIF (The depth or empty)


------     1 [--]               [00]  .autoimport
------     1 [--]               [00]  EM78P153B EQU 1
------     1 [--]               [00]  _SIMPLE_RSR_ EQU 1
------     1 [--]               [00]  .include "sysdefii.inc"
------     2 [--]               [00]  
------     1 [--]               [00]  ccounter equ pr1
------     1 [--]               [00]  .stabs "icc_compiled.",60,0,0,0
------     1 [--]               [00]  .stabs "C:\mcuproject\xj\fan0919\fan.c",100,0,3,0
------     1 [--]               [00]  .stabs "int:t1=r1;-128;127;",128,0,0,0
------     1 [--]               [00]  .stabs "char:t2=r2;-128;127;",128,0,0,0
------     1 [--]               [00]  .stabs "double:t3=r1;3;0;",128,0,0,0
------     1 [--]               [00]  .stabs "float:t4=r1;3;0;",128,0,0,0
------     1 [--]               [00]  .stabs "long double:t5=r1;3;0;",128,0,0,0
------     1 [--]               [00]  .stabs "long:t6=r1;-2147483648;2147483647;",128,0,0,0
------     1 [--]               [00]  .stabs "long long:t7=r1;-2147483648;2147483647;",128,0,0,0
------     1 [--]               [00]  .stabs "short:t8=r1;-32768;32767;",128,0,0,0
------     1 [--]               [00]  .stabs "signed char:t9=r1;-128;127;",128,0,0,0
------     1 [--]               [00]  .stabs "unsigned char:t10=r1;0;255;",128,0,0,0
------     1 [--]               [00]  .stabs "unsigned long:t11=r1;0;4294967295;",128,0,0,0
------     1 [--]               [00]  .stabs "unsigned long long:t12=r1;0;4294967295;",128,0,0,0
------     1 [--]               [00]  .stabs "unsigned short:t13=r1;0;65535;",128,0,0,0
------     1 [--]               [00]  .stabs "unsigned int:t14=r1;0;255;",128,0,0,0
------     1 [--]               [00]  .stabs "void:t15=15",128,0,0,0
------     1 [--]               [00]  .stabs "bit:t16=r16;0;1;",128,0,0,0
------     1 [--]               [00]  .section ".data"
------     1 [--]               [00]  public _duty
------     1 [--]               [00]  .align 1
------     1 [--]               [00]  _duty:
------     1 [--]               [00]  .SYMDEF "_duty" LEN:2
000000r    1 [--]  00 00 -- --  [00]  dw 0x0
------     1 [--]               [00]  .stabs "duty:G13",32,0,0,_duty
------     1 [--]               [00]  public _intCount
------     1 [--]               [00]  .align 1
------     1 [--]               [00]  _intCount:
------     1 [--]               [00]  .SYMDEF "_intCount" LEN:1
000004r    1 [--]  00 00        [00]  db 0x0
------     1 [--]               [00]  .stabs "intCount:G10",32,0,0,_intCount
------     1 [--]               [00]  public _count500ms
------     1 [--]               [00]  .align 1
------     1 [--]               [00]  _count500ms:
------     1 [--]               [00]  .SYMDEF "_count500ms" LEN:1
000006r    1 [--]  -- --        [00]  db 0x0
------     1 [--]               [00]  .stabs "count500ms:G10",32,0,0,_count500ms
------     1 [--]               [00]  public _keyCount
------     1 [--]               [00]  .align 1
------     1 [--]               [00]  _keyCount:
------     1 [--]               [00]  .SYMDEF "_keyCount" LEN:1
000008r    1 [--]  00 00        [00]  db 0x0
------     1 [--]               [00]  .stabs "keyCount:G10",32,0,0,_keyCount
------     1 [--]               [00]  public _workStep
------     1 [--]               [00]  .align 1
------     1 [--]               [00]  _workStep:
------     1 [--]               [00]  .SYMDEF "_workStep" LEN:1
00000Ar    1 [--]  -- --        [00]  db 0x0
------     1 [--]               [00]  .stabs "workStep:G10",32,0,0,_workStep
------     1 [--]               [00]  public _ledStep
------     1 [--]               [00]  .align 1
------     1 [--]               [00]  _ledStep:
------     1 [--]               [00]  .SYMDEF "_ledStep" LEN:1
00000Cr    1 [--]  00 00        [00]  db 0x0
------     1 [--]               [00]  .stabs "ledStep:G10",32,0,0,_ledStep
------     1 [--]               [00]  public _keyCount2
------     1 [--]               [00]  .align 1
------     1 [--]               [00]  _keyCount2:
------     1 [--]               [00]  .SYMDEF "_keyCount2" LEN:1
00000Er    1 [--]  -- --        [00]  db 0x0
------     1 [--]               [00]  .stabs "keyCount2:G10",32,0,0,_keyCount2
------     1 [--]               [00]  public _count64ms
------     1 [--]               [00]  .align 1
------     1 [--]               [00]  _count64ms:
------     1 [--]               [00]  .SYMDEF "_count64ms" LEN:1
000010r    1 [--]  00 00        [00]  db 0x0
------     1 [--]               [00]  .stabs "count64ms:G10",32,0,0,_count64ms
------     1 [--]               [00]  public _count5s
------     1 [--]               [00]  .align 1
------     1 [--]               [00]  _count5s:
------     1 [--]               [00]  .SYMDEF "_count5s" LEN:2
000012r    1 [--]  -- -- 00 00  [00]  dw 0x0
------     1 [--]               [00]  .stabs "count5s:G13",32,0,0,_count5s
------     1 [--]               [00]  public _sleepTime
------     1 [--]               [00]  .align 1
------     1 [--]               [00]  _sleepTime:
------     1 [--]               [00]  .SYMDEF "_sleepTime" LEN:1
000016r    1 [--]  -- --        [00]  db 0x0
------     1 [--]               [00]  .stabs "sleepTime:G10",32,0,0,_sleepTime
------     1 [--]               [00]  public _highCheckTime
------     1 [--]               [00]  .align 1
------     1 [--]               [00]  _highCheckTime:
------     1 [--]               [00]  .SYMDEF "_highCheckTime" LEN:1
000018r    1 [--]  00 00        [00]  db 0x0
------     1 [--]               [00]  .stabs "highCheckTime:G10",32,0,0,_highCheckTime
------     1 [--]               [00]  public _main
------     1 [--]               [00]  public main_bp
------     1 [--]               [00]  .section ".code"
------     1 [--]               [00]  .stabs "main:F15",36,0,0,_main
------     1 [--]               [00]  .section ".S0",C_CODE
------     1 [--]               [00]  .SYMDEF ".S0" 
------     1 [--]               [00]  _main:
------     1 [--]               [00]  .SYMDEF "_main" 
------     1 [--]               [00]  .stabs "i:14",128,0,0,main_bp-1
------     1 [--]               [00]  .stabn 192,0,0,L18
------     1 [--]               [00]  L18:
------     1 [--]               [00]  .stabn 68,0,49,L20
------     1 [--]               [00]  L20:
------     1 [--]               [00]  .stabn 68,0,53,L21
------     1 [--]               [00]  L21:
------     1 [--]               [00]  .cfile "C:\mcuproject\xj\fan0919\fan.c(53):"
000000r    1 [01]  04 00        [00]  wdtc
------     1 [--]               [00]  .stabn 68,0,53,L22
------     1 [--]               [00]  L22:
------     1 [--]               [00]  .stabn 68,0,54,L23
------     1 [--]               [00]  L23:
------     1 [--]               [00]  .cfile "C:\mcuproject\xj\fan0919\fan.c(54):"
000001r    1 [01]  11 00        [00]  disi
------     1 [--]               [00]  .stabn 68,0,54,L24
------     1 [--]               [00]  L24:
------     1 [--]               [00]  .stabn 68,0,55,L25
------     1 [--]               [00]  L25:
000002r    1 [01]  00 18        [00]  mov a,@0
000003r    1 [01]  00 00 r      [00]  STA _WDTCR,0,2
------     1 [--]               [00]  .stabn 68,0,57,L26
------     1 [--]               [00]  L26:
000004r    1 [01]  00 10 r      [00]  call _IO_Init
------     1 [--]               [00]  .stabn 68,0,59,L27
------     1 [--]               [00]  L27:
000005r    1 [01]  CE 18        [00]  mov a,@206
000006r    1 [01]  40 00 r      [00]  STA _TCC,0,0
------     1 [--]               [00]  .stabn 68,0,60,L28
------     1 [--]               [00]  L28:
000007r    1 [01]  C0 00 r      [00]  clr _ISR
------     1 [--]               [00]  .stabn 68,0,61,L29
------     1 [--]               [00]  L29:
000008r    1 [01]  01 18        [00]  mov a,@1
000009r    1 [01]  00 00 r      [00]  STA _IMR,0,2
------     1 [--]               [00]  .stabn 68,0,63,L30
------     1 [--]               [00]  L30:
------     1 [--]               [00]  .cfile "C:\mcuproject\xj\fan0919\fan.c(63):"
00000Ar    1 [01]  10 00        [00]  eni
------     1 [--]               [00]  .stabn 68,0,63,L31
------     1 [--]               [00]  L31:
00000Br    1 [01]  00 14 r      [00]  jmp @L$3
------     1 [--]               [00]  L$2:
------     1 [--]               [00]  .stabn 192,0,1,L32
------     1 [--]               [00]  L32:
------     1 [--]               [00]  .stabn 68,0,67,L33
------     1 [--]               [00]  L33:
------     1 [--]               [00]  .stabn 68,0,68,L34
------     1 [--]               [00]  L34:
------     1 [--]               [00]  .cfile "C:\mcuproject\xj\fan0919\fan.c(68):"
00000Cr    1 [01]  04 00        [00]  wdtc
------     1 [--]               [00]  .stabn 68,0,68,L35
------     1 [--]               [00]  L35:
------     1 [--]               [00]  .stabn 68,0,69,L36
------     1 [--]               [00]  L36:
00000Dr    1 [01]  00 0C r      [00]  jbc _IntFlag,0
00000Er    1 [01]  00 14 r      [00]  EXTJMP @L$5
------     1 [--]               [00]  .stabn 68,0,70,L37
------     1 [--]               [00]  L37:
00000Fr    1 [01]  00 14 r      [00]  jmp @L$3
------     1 [--]               [00]  L$5:
------     1 [--]               [00]  .stabn 68,0,71,L38
------     1 [--]               [00]  L38:
000010r    1 [01]  00 08 r      [00]  bc _IntFlag,0
------     1 [--]               [00]  .stabn 68,0,72,L39
------     1 [--]               [00]  L39:
000011r    1 [01]  00 10 r      [00]  call _keyCtr
------     1 [--]               [00]  .stabn 68,0,73,L40
------     1 [--]               [00]  L40:
000012r    1 [01]  40 04 r      [00]  EQNEPRIB _ledStep,0
000013r    1 [01]  83 0E        [00]  jbs STATUS,zf
000014r    1 [01]  00 14 r      [00]  EXTJMP @L$9
000015r    1 [01]  40 04 r      [00]  EQNEPRIB _workStep,0
000016r    1 [01]  83 0C        [00]  jbc STATUS,zf
000017r    1 [01]  00 14 r      [00]  EXTJMP @L$7
------     1 [--]               [00]  L$9:
------     1 [--]               [00]  .stabn 192,0,2,L41
------     1 [--]               [00]  L41:
------     1 [--]               [00]  .stabn 68,0,74,L42
------     1 [--]               [00]  L42:
------     1 [--]               [00]  .stabn 68,0,75,L43
------     1 [--]               [00]  L43:
000018r    1 [01]  80 0A r      [00]  bs _P52,2
------     1 [--]               [00]  .stabn 68,0,76,L44
------     1 [--]               [00]  L44:
000019r    1 [01]  00 10 r      [00]  call _lvdCheck
------     1 [--]               [00]  .stabn 68,0,77,L45
------     1 [--]               [00]  L45:
------     1 [--]               [00]  .stabn 224,0,2,L46
------     1 [--]               [00]  L46:
00001Ar    1 [01]  00 14 r      [00]  jmp @L$8
------     1 [--]               [00]  L$7:
------     1 [--]               [00]  .stabn 192,0,2,L47
------     1 [--]               [00]  L47:
------     1 [--]               [00]  .stabn 68,0,79,L48
------     1 [--]               [00]  L48:
------     1 [--]               [00]  .stabn 68,0,80,L49
------     1 [--]               [00]  L49:
00001Br    1 [01]  80 08 r      [00]  bc _P52,2
------     1 [--]               [00]  .stabn 68,0,81,L50
------     1 [--]               [00]  L50:
00001Cr    1 [01]  C0 08 r      [00]  bc _P53,3
------     1 [--]               [00]  .stabn 68,0,82,L51
------     1 [--]               [00]  L51:
00001Dr    1 [01]  40 04 r      [00]  EQNEPRIB _keyCount,0
00001Er    1 [01]  83 0E        [00]  jbs STATUS,zf
00001Fr    1 [01]  00 14 r      [00]  EXTJMP @L$10
000020r    1 [01]  80 0D r      [00]  jbc _P66,6
000021r    1 [01]  00 14 r      [00]  EXTJMP @L$10
------     1 [--]               [00]  .stabn 192,0,3,L52
------     1 [--]               [00]  L52:
------     1 [--]               [00]  .stabn 68,0,83,L53
------     1 [--]               [00]  L53:
------     1 [--]               [00]  .stabn 68,0,84,L54
------     1 [--]               [00]  L54:
000022r    1 [01]  40 05 r      [00]  LDA _sleepTime,0,0
000023r    1 [--]  -- --        [00]  mov ecx,a
000024r    1 [--]  -- --        [00]  mov a,@1
000025r    1 [--]  -- --        [00]  add ecx,a
000026r    1 [--]  -- --        [00]  mov a,ecx
000027r    1 [--]  -- --        [00]  STA _sleepTime,0,0
000028r    1 [01]  C8 18 r      [00]  ULTRIB ecx,0xc8
           1 [01]  00 01 r      [00]  
00002Ar    1 [01]  03 0E        [00]  jbs STATUS, cf
00002Br    1 [01]  00 14 r      [00]  EXTJMP L$12
------     1 [--]               [00]  .stabn 68,0,85,L55
------     1 [--]               [00]  L55:
00002Cr    1 [01]  00 10 r      [00]  call _gotoSleep
------     1 [--]               [00]  L$12:
------     1 [--]               [00]  .stabn 68,0,86,L56
------     1 [--]               [00]  L56:
------     1 [--]               [00]  .stabn 224,0,3,L57
------     1 [--]               [00]  L57:
------     1 [--]               [00]  L$10:
------     1 [--]               [00]  .stabn 68,0,87,L58
------     1 [--]               [00]  L58:
------     1 [--]               [00]  .stabn 224,0,2,L59
------     1 [--]               [00]  L59:
------     1 [--]               [00]  L$8:
------     1 [--]               [00]  .stabn 68,0,89,L60
------     1 [--]               [00]  L60:
00002Dr    1 [01]  80 0F r      [00]  jbs _P66,6
00002Er    1 [01]  00 14 r      [00]  EXTJMP @L$14
------     1 [--]               [00]  .stabn 192,0,2,L61
------     1 [--]               [00]  L61:
------     1 [--]               [00]  .stabn 68,0,90,L62
------     1 [--]               [00]  L62:
------     1 [--]               [00]  .stabn 68,0,91,L63
------     1 [--]               [00]  L63:
00002Fr    1 [01]  40 05 r      [00]  LDA _highCheckTime,0,0
000030r    1 [--]  -- --        [00]  mov ecx,a
000031r    1 [--]  -- --        [00]  mov a,@1
000032r    1 [--]  -- --        [00]  add ecx,a
000033r    1 [--]  -- --        [00]  mov a,ecx
000034r    1 [--]  -- --        [00]  STA _highCheckTime,0,0
000035r    1 [01]  14 18 r      [00]  ULTRIB ecx,0x14
           1 [01]  00 01 r      [00]  
000037r    1 [01]  03 0E        [00]  jbs STATUS, cf
000038r    1 [01]  00 14 r      [00]  EXTJMP L$15
------     1 [--]               [00]  .stabn 192,0,3,L64
------     1 [--]               [00]  L64:
------     1 [--]               [00]  .stabn 68,0,92,L65
------     1 [--]               [00]  L65:
------     1 [--]               [00]  .stabn 68,0,93,L66
------     1 [--]               [00]  L66:
000039r    1 [01]  14 18        [00]  mov a,@20
00003Ar    1 [01]  40 00 r      [00]  STA _highCheckTime,0,0
------     1 [--]               [00]  .stabn 68,0,94,L67
------     1 [--]               [00]  L67:
00003Br    1 [01]  00 10 r      [00]  call _PWM_Stop
------     1 [--]               [00]  .stabn 68,0,95,L68
------     1 [--]               [00]  L68:
00003Cr    1 [01]  40 08 r      [00]  bc _P51,1
------     1 [--]               [00]  .stabn 68,0,96,L69
------     1 [--]               [00]  L69:
00003Dr    1 [01]  C0 00 r      [00]  clr _workStep
------     1 [--]               [00]  .stabn 68,0,97,L70
------     1 [--]               [00]  L70:
------     1 [--]               [00]  .stabn 224,0,3,L71
------     1 [--]               [00]  L71:
------     1 [--]               [00]  .stabn 68,0,98,L72
------     1 [--]               [00]  L72:
------     1 [--]               [00]  .stabn 224,0,2,L73
------     1 [--]               [00]  L73:
00003Er    1 [01]  00 14 r      [00]  jmp @L$15
------     1 [--]               [00]  L$14:
------     1 [--]               [00]  .stabn 192,0,2,L74
------     1 [--]               [00]  L74:
------     1 [--]               [00]  .stabn 68,0,100,L75
------     1 [--]               [00]  L75:
------     1 [--]               [00]  .stabn 68,0,101,L76
------     1 [--]               [00]  L76:
00003Fr    1 [01]  C0 00 r      [00]  clr _highCheckTime
------     1 [--]               [00]  .stabn 68,0,102,L77
------     1 [--]               [00]  L77:
------     1 [--]               [00]  .stabn 224,0,2,L78
------     1 [--]               [00]  L78:
------     1 [--]               [00]  L$15:
------     1 [--]               [00]  .stabn 68,0,104,L79
------     1 [--]               [00]  L79:
------     1 [--]               [00]  .stabn 224,0,1,L80
------     1 [--]               [00]  L80:
------     1 [--]               [00]  L$3:
------     1 [--]               [00]  .stabn 68,0,66,L81
------     1 [--]               [00]  L81:
000040r    1 [01]  00 14 r      [00]  jmp @L$2
------     1 [--]               [00]  .stabn 68,0,106,L82
------     1 [--]               [00]  L82:
------     1 [--]               [00]  .stabn 224,0,0,L83
------     1 [--]               [00]  L83:
------     1 [--]               [00]  L$1:
000041r    1 [01]  12 00        [00]  ret
------     1 [--]               [00]  .STACK main_bp,local,1
------     1 [--]               [00]  public _lvdCheck
------     1 [--]               [00]  public lvdCheck_bp
------     1 [--]               [00]  .stabs "lvdCheck:F15",36,0,0,_lvdCheck
------     1 [--]               [00]  .section ".S1",C_CODE
------     1 [--]               [00]  .SYMDEF ".S1" 
------     1 [--]               [00]  _lvdCheck:
------     1 [--]               [00]  .SYMDEF "_lvdCheck" 
000000r    1 [01]  00 04 r      [00]  mov a,ecx
000001r    1 [01]  7C 00 r      [00]  mov lvdCheck_bp-4,a
000002r    1 [01]  01 04 r      [00]  mov a,ecx+1
000003r    1 [01]  7D 00 r      [00]  mov lvdCheck_bp-3,a
000004r    1 [01]  02 04 r      [00]  mov a,ecx+2
000005r    1 [01]  7E 00 r      [00]  mov lvdCheck_bp-2,a
000006r    1 [01]  03 04 r      [00]  mov a,ecx+3
000007r    1 [01]  7F 00 r      [00]  mov lvdCheck_bp-1,a
------     1 [--]               [00]  .stabn 192,0,0,L91
------     1 [--]               [00]  L91:
------     1 [--]               [00]  .stabn 68,0,110,L92
------     1 [--]               [00]  L92:
------     1 [--]               [00]  .stabn 68,0,111,L93
------     1 [--]               [00]  L93:
000008r    1 [01]  8A 18        [00]  mov a,@138
000009r    1 [01]  40 00 r      [00]  STA _LVDCON,0,0
------     1 [--]               [00]  .stabn 68,0,112,L94
------     1 [--]               [00]  L94:
00000Ar    1 [01]  64 18        [00]  mov a,@100
00000Br    1 [01]  40 00 r      [00]  mov delay_bp+0,a
------     1 [--]               [00]  .STACK delay_bp,parameter,1
00000Cr    1 [01]  00 10 r      [00]  call _delay
------     1 [--]               [00]  .stabn 68,0,113,L95
------     1 [--]               [00]  L95:
00000Dr    1 [01]  00 04 r      [00]  LDA _LVDCON,0,0
00000Er    1 [--]  -- --        [00]  mov ecx,a
00000Fr    1 [01]  40 1A        [00]  mov a,@64
000010r    1 [--]  -- --        [00]  and ecx,a
000011r    1 [--]  -- --        [00]  EQNEPRIB ecx,0
000012r    1 [01]  83 0C        [00]  jbc STATUS,zf
000013r    1 [01]  00 14 r      [00]  EXTJMP @L$85
------     1 [--]               [00]  .stabn 192,0,1,L96
------     1 [--]               [00]  L96:
------     1 [--]               [00]  .stabn 68,0,114,L97
------     1 [--]               [00]  L97:
------     1 [--]               [00]  .stabn 68,0,116,L98
------     1 [--]               [00]  L98:
000014r    1 [01]  80 0A r      [00]  bs _lvdFlag,2
------     1 [--]               [00]  .stabn 68,0,117,L99
------     1 [--]               [00]  L99:
000015r    1 [01]  40 05 r      [00]  INCMW _count5s,0
           1 [01]  83 0C r      [00]  
           1 [01]  41 05 r      [00]  
------     1 [--]               [00]  .stabn 68,0,118,L100
------     1 [--]               [00]  L100:
000018r    1 [01]  01 04 r      [00]  UGTRIW _count5s,0x32
           1 [01]  00 1D r      [00]  
           1 [01]  83 0E r      [00]  
           1 [01]  00 14 r      [00]  
           1 [01]  00 04 r      [00]  
           1 [01]  32 1D r      [00]  
00001Er    1 [01]  03 0C        [00]  jbc STATUS, cf
00001Fr    1 [01]  00 14 r      [00]  EXTJMP L$87
------     1 [--]               [00]  .stabn 192,0,2,L101
------     1 [--]               [00]  L101:
------     1 [--]               [00]  .stabn 68,0,119,L102
------     1 [--]               [00]  L102:
------     1 [--]               [00]  .stabn 68,0,120,L103
------     1 [--]               [00]  L103:
000020r    1 [01]  C0 0A r      [00]  bs _P53,3
------     1 [--]               [00]  .stabn 68,0,121,L104
------     1 [--]               [00]  L104:
------     1 [--]               [00]  .stabn 224,0,2,L105
------     1 [--]               [00]  L105:
------     1 [--]               [00]  L$87:
------     1 [--]               [00]  .stabn 68,0,122,L106
------     1 [--]               [00]  L106:
000021r    1 [01]  01 04 r      [00]  UGTRIW _count5s,0x226
           1 [01]  02 1D r      [00]  
           1 [01]  83 0E r      [00]  
           1 [01]  00 14 r      [00]  
           1 [01]  00 04 r      [00]  
           1 [01]  26 1D r      [00]  
000027r    1 [01]  03 0C        [00]  jbc STATUS, cf
000028r    1 [01]  00 14 r      [00]  EXTJMP L$86
------     1 [--]               [00]  .stabn 192,0,2,L107
------     1 [--]               [00]  L107:
------     1 [--]               [00]  .stabn 68,0,123,L108
------     1 [--]               [00]  L108:
------     1 [--]               [00]  .stabn 68,0,124,L109
------     1 [--]               [00]  L109:
000029r    1 [01]  C1 00 r      [00]  clr _count5s+1
00002Ar    1 [01]  C0 00 r      [00]  clr _count5s
------     1 [--]               [00]  .stabn 68,0,125,L110
------     1 [--]               [00]  L110:
00002Br    1 [01]  00 10 r      [00]  call _cloesAll
------     1 [--]               [00]  .stabn 68,0,126,L111
------     1 [--]               [00]  L111:
------     1 [--]               [00]  .stabn 224,0,2,L112
------     1 [--]               [00]  L112:
------     1 [--]               [00]  .stabn 68,0,127,L113
------     1 [--]               [00]  L113:
------     1 [--]               [00]  .stabn 224,0,1,L114
------     1 [--]               [00]  L114:
00002Cr    1 [01]  00 14 r      [00]  jmp @L$86
------     1 [--]               [00]  L$85:
------     1 [--]               [00]  .stabn 192,0,1,L115
------     1 [--]               [00]  L115:
------     1 [--]               [00]  .stabn 68,0,129,L116
------     1 [--]               [00]  L116:
------     1 [--]               [00]  .stabn 68,0,131,L117
------     1 [--]               [00]  L117:
00002Dr    1 [01]  80 08 r      [00]  bc _lvdFlag,2
------     1 [--]               [00]  .stabn 68,0,132,L118
------     1 [--]               [00]  L118:
00002Er    1 [01]  C1 00 r      [00]  clr _count5s+1
00002Fr    1 [01]  C0 00 r      [00]  clr _count5s
------     1 [--]               [00]  .stabn 68,0,133,L119
------     1 [--]               [00]  L119:
000030r    1 [01]  C0 08 r      [00]  bc _P53,3
------     1 [--]               [00]  .stabn 68,0,134,L120
------     1 [--]               [00]  L120:
------     1 [--]               [00]  .stabn 224,0,1,L121
------     1 [--]               [00]  L121:
------     1 [--]               [00]  L$86:
------     1 [--]               [00]  .stabn 68,0,135,L122
------     1 [--]               [00]  L122:
------     1 [--]               [00]  .stabn 224,0,0,L123
------     1 [--]               [00]  L123:
------     1 [--]               [00]  L$84:
000031r    1 [01]  3C 04 r      [00]  mov a,lvdCheck_bp-4
000032r    1 [01]  40 00 r      [00]  mov ecx,a
000033r    1 [01]  3D 04 r      [00]  mov a,lvdCheck_bp-3
000034r    1 [01]  41 00 r      [00]  mov ecx+1,a
000035r    1 [01]  3E 04 r      [00]  mov a,lvdCheck_bp-2
000036r    1 [01]  42 00 r      [00]  mov ecx+2,a
000037r    1 [01]  3F 04 r      [00]  mov a,lvdCheck_bp-1
000038r    1 [01]  43 00 r      [00]  mov ecx+3,a
000039r    1 [01]  12 00        [00]  ret
------     1 [--]               [00]  .STACK lvdCheck_bp,local,4
------     1 [--]               [00]  public _cloesAll
------     1 [--]               [00]  public cloesAll_bp
------     1 [--]               [00]  .stabs "cloesAll:F15",36,0,0,_cloesAll
------     1 [--]               [00]  .section ".S2",C_CODE
------     1 [--]               [00]  .SYMDEF ".S2" 
------     1 [--]               [00]  _cloesAll:
------     1 [--]               [00]  .SYMDEF "_cloesAll" 
000000r    1 [01]  00 04 r      [00]  mov a,ecx
000001r    1 [01]  7C 00 r      [00]  mov cloesAll_bp-4,a
000002r    1 [01]  01 04 r      [00]  mov a,ecx+1
000003r    1 [01]  7D 00 r      [00]  mov cloesAll_bp-3,a
000004r    1 [01]  02 04 r      [00]  mov a,ecx+2
000005r    1 [01]  7E 00 r      [00]  mov cloesAll_bp-2,a
000006r    1 [01]  03 04 r      [00]  mov a,ecx+3
000007r    1 [01]  7F 00 r      [00]  mov cloesAll_bp-1,a
------     1 [--]               [00]  .stabn 192,0,0,L125
------     1 [--]               [00]  L125:
------     1 [--]               [00]  .stabn 68,0,138,L126
------     1 [--]               [00]  L126:
------     1 [--]               [00]  .stabn 68,0,139,L127
------     1 [--]               [00]  L127:
000008r    1 [01]  C0 00 r      [00]  clr _workStep
------     1 [--]               [00]  .stabn 68,0,140,L128
------     1 [--]               [00]  L128:
000009r    1 [01]  C0 00 r      [00]  clr _ledStep
------     1 [--]               [00]  .stabn 68,0,141,L129
------     1 [--]               [00]  L129:
00000Ar    1 [01]  00 10 r      [00]  call _PWM_Stop
------     1 [--]               [00]  .stabn 68,0,142,L130
------     1 [--]               [00]  L130:
00000Br    1 [01]  C0 00 r      [00]  clr _PORT5
------     1 [--]               [00]  .stabn 68,0,143,L131
------     1 [--]               [00]  L131:
00000Cr    1 [01]  C0 09 r      [00]  bc _P67,7
------     1 [--]               [00]  .stabn 68,0,144,L132
------     1 [--]               [00]  L132:
------     1 [--]               [00]  .stabn 224,0,0,L133
------     1 [--]               [00]  L133:
------     1 [--]               [00]  L$124:
00000Dr    1 [01]  3C 04 r      [00]  mov a,cloesAll_bp-4
00000Er    1 [01]  40 00 r      [00]  mov ecx,a
00000Fr    1 [01]  3D 04 r      [00]  mov a,cloesAll_bp-3
000010r    1 [01]  41 00 r      [00]  mov ecx+1,a
000011r    1 [01]  3E 04 r      [00]  mov a,cloesAll_bp-2
000012r    1 [01]  42 00 r      [00]  mov ecx+2,a
000013r    1 [01]  3F 04 r      [00]  mov a,cloesAll_bp-1
000014r    1 [01]  43 00 r      [00]  mov ecx+3,a
000015r    1 [01]  12 00        [00]  ret
------     1 [--]               [00]  .STACK cloesAll_bp,local,4
------     1 [--]               [00]  public _keyCtr
------     1 [--]               [00]  public keyCtr_bp
------     1 [--]               [00]  .stabs "keyCtr:F15",36,0,0,_keyCtr
------     1 [--]               [00]  .section ".S3",C_CODE
------     1 [--]               [00]  .SYMDEF ".S3" 
------     1 [--]               [00]  _keyCtr:
------     1 [--]               [00]  .SYMDEF "_keyCtr" 
000000r    1 [01]  00 04 r      [00]  mov a,ecx
000001r    1 [01]  7C 00 r      [00]  mov keyCtr_bp-4,a
000002r    1 [01]  01 04 r      [00]  mov a,ecx+1
000003r    1 [01]  7D 00 r      [00]  mov keyCtr_bp-3,a
000004r    1 [01]  02 04 r      [00]  mov a,ecx+2
000005r    1 [01]  7E 00 r      [00]  mov keyCtr_bp-2,a
000006r    1 [01]  03 04 r      [00]  mov a,ecx+3
000007r    1 [01]  7F 00 r      [00]  mov keyCtr_bp-1,a
------     1 [--]               [00]  .stabs "kclick:2",128,0,0,keyCtr_bp-5
------     1 [--]               [00]  .stabs "kclick2:2",128,0,0,keyCtr_bp-6
------     1 [--]               [00]  .stabn 192,0,0,L152
------     1 [--]               [00]  L152:
------     1 [--]               [00]  .stabn 68,0,148,L153
------     1 [--]               [00]  L153:
------     1 [--]               [00]  .stabn 68,0,149,L154
------     1 [--]               [00]  L154:
000008r    1 [01]  00 04 r      [00]  LDA _PORT6,0,0
000009r    1 [01]  40 00 r      [00]  mov ecx,a
00000Ar    1 [01]  C0 04 r      [00]  com ecx
00000Br    1 [01]  02 18        [00]  mov a,@2
00000Cr    1 [01]  80 02 r      [00]  and ecx,a
00000Dr    1 [--]  -- --        [00]  mov a,ecx
00000Er    1 [01]  40 00 r      [00]  mov keyRead_bp+0,a
------     1 [--]               [00]  .STACK keyRead_bp,parameter,1
00000Fr    1 [01]  00 10 r      [00]  call _keyRead
000010r    1 [01]  00 04 r      [00]  mov a,eax
000011r    1 [01]  7B 00 r      [00]  STA keyCtr_bp-5,0,0
------     1 [--]               [00]  .stabn 68,0,151,L155
------     1 [--]               [00]  L155:
000012r    1 [01]  00 04 r      [00]  LDA _PORT6,0,0
000013r    1 [01]  40 00 r      [00]  mov ecx,a
000014r    1 [01]  C0 04 r      [00]  com ecx
000015r    1 [01]  01 18        [00]  mov a,@1
000016r    1 [01]  80 02 r      [00]  and ecx,a
000017r    1 [--]  -- --        [00]  mov a,ecx
000018r    1 [01]  40 00 r      [00]  mov keyRead2_bp+0,a
------     1 [--]               [00]  .STACK keyRead2_bp,parameter,1
000019r    1 [01]  00 10 r      [00]  call _keyRead2
00001Ar    1 [01]  00 04 r      [00]  mov a,eax
00001Br    1 [01]  7A 00 r      [00]  STA keyCtr_bp-6,0,0
------     1 [--]               [00]  .stabn 68,0,152,L156
------     1 [--]               [00]  L156:
00001Cr    1 [01]  3B 04 r      [00]  EQNEPRIB keyCtr_bp-5,1
           1 [01]  01 1B r      [00]  
00001Er    1 [01]  83 0E        [00]  jbs STATUS,zf
00001Fr    1 [01]  00 14 r      [00]  EXTJMP @L$135
------     1 [--]               [00]  .stabn 192,0,1,L157
------     1 [--]               [00]  L157:
------     1 [--]               [00]  .stabn 68,0,153,L158
------     1 [--]               [00]  L158:
------     1 [--]               [00]  .stabn 68,0,156,L159
------     1 [--]               [00]  L159:
000020r    1 [01]  40 05 r      [00]  LDA _ledStep,0,0
000021r    1 [--]  -- --        [00]  mov ecx,a
000022r    1 [--]  -- --        [00]  mov a,@1
000023r    1 [--]  -- --        [00]  add ecx,a
000024r    1 [01]  00 04 r      [00]  mov a,ecx
000025r    1 [--]  -- --        [00]  STA _ledStep,0,0
000026r    1 [--]  -- --        [00]  UGTRIB ecx,0x2
           1 [01]  02 1D        [00]  
000028r    1 [01]  03 0C        [00]  jbc STATUS, cf
000029r    1 [01]  00 14 r      [00]  EXTJMP L$137
------     1 [--]               [00]  .stabn 68,0,157,L160
------     1 [--]               [00]  L160:
00002Ar    1 [01]  C0 00 r      [00]  clr _ledStep
------     1 [--]               [00]  L$137:
------     1 [--]               [00]  .stabn 68,0,158,L161
------     1 [--]               [00]  L161:
00002Br    1 [01]  40 04 r      [00]  EQNEPRIB _ledStep,0
00002Cr    1 [01]  83 0C        [00]  jbc STATUS,zf
00002Dr    1 [01]  00 14 r      [00]  EXTJMP @L$139
------     1 [--]               [00]  .stabn 192,0,2,L162
------     1 [--]               [00]  L162:
------     1 [--]               [00]  .stabn 68,0,159,L163
------     1 [--]               [00]  L163:
------     1 [--]               [00]  .stabn 68,0,160,L164
------     1 [--]               [00]  L164:
00002Er    1 [01]  C0 0B r      [00]  bs _P67,7
------     1 [--]               [00]  .stabn 68,0,161,L165
------     1 [--]               [00]  L165:
------     1 [--]               [00]  .stabn 224,0,2,L166
------     1 [--]               [00]  L166:
00002Fr    1 [01]  00 14 r      [00]  jmp @L$140
------     1 [--]               [00]  L$139:
------     1 [--]               [00]  .stabn 192,0,2,L167
------     1 [--]               [00]  L167:
------     1 [--]               [00]  .stabn 68,0,163,L168
------     1 [--]               [00]  L168:
------     1 [--]               [00]  .stabn 68,0,164,L169
------     1 [--]               [00]  L169:
000030r    1 [01]  C0 09 r      [00]  bc _P67,7
------     1 [--]               [00]  .stabn 68,0,165,L170
------     1 [--]               [00]  L170:
------     1 [--]               [00]  .stabn 224,0,2,L171
------     1 [--]               [00]  L171:
------     1 [--]               [00]  L$140:
------     1 [--]               [00]  .stabn 68,0,167,L172
------     1 [--]               [00]  L172:
------     1 [--]               [00]  .stabn 224,0,1,L173
------     1 [--]               [00]  L173:
------     1 [--]               [00]  L$135:
------     1 [--]               [00]  .stabn 68,0,169,L174
------     1 [--]               [00]  L174:
000031r    1 [01]  3A 04 r      [00]  EQNEPRIB keyCtr_bp-6,1
           1 [01]  01 1B r      [00]  
000033r    1 [01]  83 0E        [00]  jbs STATUS,zf
000034r    1 [01]  00 14 r      [00]  EXTJMP @L$141
------     1 [--]               [00]  .stabn 192,0,1,L175
------     1 [--]               [00]  L175:
------     1 [--]               [00]  .stabn 68,0,170,L176
------     1 [--]               [00]  L176:
------     1 [--]               [00]  .stabn 68,0,172,L177
------     1 [--]               [00]  L177:
000035r    1 [01]  40 05 r      [00]  LDA _workStep,0,0
000036r    1 [--]  -- --        [00]  mov ecx,a
000037r    1 [--]  -- --        [00]  mov a,@1
000038r    1 [--]  -- --        [00]  add ecx,a
000039r    1 [01]  00 04 r      [00]  mov a,ecx
00003Ar    1 [--]  -- --        [00]  STA _workStep,0,0
00003Br    1 [--]  -- --        [00]  UGTRIB ecx,0x2
           1 [01]  02 1D        [00]  
00003Dr    1 [01]  03 0C        [00]  jbc STATUS, cf
00003Er    1 [01]  00 14 r      [00]  EXTJMP L$143
------     1 [--]               [00]  .stabn 68,0,173,L178
------     1 [--]               [00]  L178:
00003Fr    1 [01]  C0 00 r      [00]  clr _workStep
------     1 [--]               [00]  L$143:
------     1 [--]               [00]  .stabn 68,0,174,L179
------     1 [--]               [00]  L179:
000040r    1 [01]  40 04 r      [00]  EQNEPRIB _workStep,0
000041r    1 [01]  83 0C        [00]  jbc STATUS,zf
000042r    1 [01]  00 14 r      [00]  EXTJMP @L$145
000043r    1 [01]  80 0D r      [00]  jbc _P66,6
000044r    1 [01]  00 14 r      [00]  EXTJMP @L$145
------     1 [--]               [00]  .stabn 192,0,2,L180
------     1 [--]               [00]  L180:
------     1 [--]               [00]  .stabn 68,0,175,L181
------     1 [--]               [00]  L181:
------     1 [--]               [00]  .stabn 68,0,176,L182
------     1 [--]               [00]  L182:
000045r    1 [01]  40 0A r      [00]  bs _P51,1
------     1 [--]               [00]  .stabn 68,0,177,L183
------     1 [--]               [00]  L183:
000046r    1 [01]  00 10 r      [00]  call _PWM_Init
------     1 [--]               [00]  .stabn 68,0,178,L184
------     1 [--]               [00]  L184:
------     1 [--]               [00]  .stabn 224,0,2,L185
------     1 [--]               [00]  L185:
000047r    1 [01]  00 14 r      [00]  jmp @L$146
------     1 [--]               [00]  L$145:
------     1 [--]               [00]  .stabn 192,0,2,L186
------     1 [--]               [00]  L186:
------     1 [--]               [00]  .stabn 68,0,180,L187
------     1 [--]               [00]  L187:
------     1 [--]               [00]  .stabn 68,0,181,L188
------     1 [--]               [00]  L188:
000048r    1 [01]  00 10 r      [00]  call _PWM_Stop
------     1 [--]               [00]  .stabn 68,0,182,L189
------     1 [--]               [00]  L189:
000049r    1 [01]  40 08 r      [00]  bc _P51,1
------     1 [--]               [00]  .stabn 68,0,183,L190
------     1 [--]               [00]  L190:
------     1 [--]               [00]  .stabn 224,0,2,L191
------     1 [--]               [00]  L191:
------     1 [--]               [00]  L$146:
------     1 [--]               [00]  .stabn 68,0,184,L192
------     1 [--]               [00]  L192:
00004Ar    1 [01]  00 04 r      [00]  LDA _workStep,0,0
00004Br    1 [01]  40 00 r      [00]  mov ecx,a
00004Cr    1 [01]  40 04 r      [00]  EQNEPRIB ecx,0
00004Dr    1 [01]  83 0C        [00]  jbc STATUS,zf
00004Er    1 [01]  00 14 r      [00]  EXTJMP @L$149
00004Fr    1 [01]  00 04 r      [00]  EQNEPRIB ecx,1
           1 [01]  01 1B r      [00]  
000051r    1 [01]  83 0C        [00]  jbc STATUS,zf
000052r    1 [01]  00 14 r      [00]  EXTJMP @L$150
000053r    1 [01]  00 04 r      [00]  EQNEPRIB ecx,2
           1 [01]  02 1B r      [00]  
000055r    1 [01]  83 0C        [00]  jbc STATUS,zf
000056r    1 [01]  00 14 r      [00]  EXTJMP @L$151
000057r    1 [01]  00 14 r      [00]  jmp @L$147
------     1 [--]               [00]  .stabn 192,0,2,L193
------     1 [--]               [00]  L193:
------     1 [--]               [00]  .stabn 68,0,185,L194
------     1 [--]               [00]  L194:
------     1 [--]               [00]  L$149:
------     1 [--]               [00]  .stabn 68,0,187,L195
------     1 [--]               [00]  L195:
000058r    1 [01]  C0 00 r      [00]  clr _PDC1
------     1 [--]               [00]  .stabn 68,0,188,L196
------     1 [--]               [00]  L196:
000059r    1 [01]  00 14 r      [00]  jmp @L$148
------     1 [--]               [00]  L$150:
------     1 [--]               [00]  .stabn 68,0,190,L197
------     1 [--]               [00]  L197:
00005Ar    1 [01]  0E 18        [00]  mov a,@14
00005Br    1 [01]  40 00 r      [00]  STA _PDC1,0,0
------     1 [--]               [00]  .stabn 68,0,191,L198
------     1 [--]               [00]  L198:
00005Cr    1 [01]  00 14 r      [00]  jmp @L$148
------     1 [--]               [00]  L$151:
------     1 [--]               [00]  .stabn 68,0,193,L199
------     1 [--]               [00]  L199:
00005Dr    1 [01]  18 18        [00]  mov a,@24
00005Er    1 [01]  40 00 r      [00]  STA _PDC1,0,0
------     1 [--]               [00]  .stabn 68,0,194,L200
------     1 [--]               [00]  L200:
------     1 [--]               [00]  .stabn 68,0,196,L201
------     1 [--]               [00]  L201:
------     1 [--]               [00]  .stabn 224,0,2,L202
------     1 [--]               [00]  L202:
------     1 [--]               [00]  L$147:
------     1 [--]               [00]  L$148:
------     1 [--]               [00]  .stabn 68,0,198,L203
------     1 [--]               [00]  L203:
------     1 [--]               [00]  .stabn 224,0,1,L204
------     1 [--]               [00]  L204:
------     1 [--]               [00]  L$141:
------     1 [--]               [00]  .stabn 68,0,200,L205
------     1 [--]               [00]  L205:
------     1 [--]               [00]  .stabn 224,0,0,L206
------     1 [--]               [00]  L206:
------     1 [--]               [00]  L$134:
00005Fr    1 [01]  3C 04 r      [00]  mov a,keyCtr_bp-4
000060r    1 [01]  40 00 r      [00]  mov ecx,a
000061r    1 [01]  3D 04 r      [00]  mov a,keyCtr_bp-3
000062r    1 [01]  41 00 r      [00]  mov ecx+1,a
000063r    1 [01]  3E 04 r      [00]  mov a,keyCtr_bp-2
000064r    1 [01]  42 00 r      [00]  mov ecx+2,a
000065r    1 [01]  3F 04 r      [00]  mov a,keyCtr_bp-1
000066r    1 [01]  43 00 r      [00]  mov ecx+3,a
000067r    1 [01]  12 00        [00]  ret
------     1 [--]               [00]  .STACK keyCtr_bp,local,6
------     1 [--]               [00]  public _gotoSleep
------     1 [--]               [00]  public gotoSleep_bp
------     1 [--]               [00]  .stabs "gotoSleep:F15",36,0,0,_gotoSleep
------     1 [--]               [00]  .section ".S4",C_CODE
------     1 [--]               [00]  .SYMDEF ".S4" 
------     1 [--]               [00]  _gotoSleep:
------     1 [--]               [00]  .SYMDEF "_gotoSleep" 
000000r    1 [01]  00 04 r      [00]  mov a,ecx
000001r    1 [01]  7C 00 r      [00]  mov gotoSleep_bp-4,a
000002r    1 [01]  01 04 r      [00]  mov a,ecx+1
000003r    1 [01]  7D 00 r      [00]  mov gotoSleep_bp-3,a
000004r    1 [01]  02 04 r      [00]  mov a,ecx+2
000005r    1 [01]  7E 00 r      [00]  mov gotoSleep_bp-2,a
000006r    1 [01]  03 04 r      [00]  mov a,ecx+3
000007r    1 [01]  7F 00 r      [00]  mov gotoSleep_bp-1,a
------     1 [--]               [00]  .stabn 192,0,0,L208
------     1 [--]               [00]  L208:
------     1 [--]               [00]  .stabn 68,0,203,L209
------     1 [--]               [00]  L209:
------     1 [--]               [00]  .stabn 68,0,204,L210
------     1 [--]               [00]  L210:
000008r    1 [01]  C1 00 r      [00]  clr _count5s+1
000009r    1 [01]  C0 00 r      [00]  clr _count5s
------     1 [--]               [00]  .stabn 68,0,205,L211
------     1 [--]               [00]  L211:
00000Ar    1 [01]  C0 00 r      [00]  clr _sleepTime
------     1 [--]               [00]  .stabn 68,0,206,L212
------     1 [--]               [00]  L212:
00000Br    1 [01]  00 18        [00]  mov a,@0
00000Cr    1 [01]  00 00 r      [00]  STA _WDTCR,0,2
------     1 [--]               [00]  .stabn 68,0,207,L213
------     1 [--]               [00]  L213:
00000Dr    1 [01]  43 18        [00]  mov a,@67
00000Er    1 [01]  40 00 r      [00]  STA _ICIECR,0,0
------     1 [--]               [00]  .stabn 68,0,208,L214
------     1 [--]               [00]  L214:
00000Fr    1 [01]  02 18        [00]  mov a,@2
000010r    1 [01]  00 00 r      [00]  STA _IMR,0,2
------     1 [--]               [00]  .stabn 68,0,209,L215
------     1 [--]               [00]  L215:
000011r    1 [--]  -- --        [00]  LDA _ISR,0,0
000012r    1 [01]  F0 18        [00]  and a,@240
000013r    1 [01]  C0 02 r      [00]  STA _ISR,0,0
------     1 [--]               [00]  .stabn 68,0,210,L216
------     1 [--]               [00]  L216:
------     1 [--]               [00]  .cfile "C:\mcuproject\xj\fan0919\fan.c(210):"
000014r    1 [01]  11 00        [00]  disi
------     1 [--]               [00]  .stabn 68,0,210,L217
------     1 [--]               [00]  L217:
------     1 [--]               [00]  .stabn 68,0,211,L218
------     1 [--]               [00]  L218:
------     1 [--]               [00]  .cfile "C:\mcuproject\xj\fan0919\fan.c(211):"
000015r    1 [01]  03 00        [00]  slep
------     1 [--]               [00]  .stabn 68,0,211,L219
------     1 [--]               [00]  L219:
------     1 [--]               [00]  .stabn 68,0,212,L220
------     1 [--]               [00]  L220:
------     1 [--]               [00]  .cfile "C:\mcuproject\xj\fan0919\fan.c(212):"
000016r    1 [01]  10 00        [00]  eni
------     1 [--]               [00]  .stabn 68,0,212,L221
------     1 [--]               [00]  L221:
------     1 [--]               [00]  .stabn 68,0,213,L222
------     1 [--]               [00]  L222:
000017r    1 [01]  C0 00 r      [00]  clr _ICIECR
------     1 [--]               [00]  .stabn 68,0,214,L223
------     1 [--]               [00]  L223:
000018r    1 [01]  C0 00 r      [00]  clr _ISR
------     1 [--]               [00]  .stabn 68,0,215,L224
------     1 [--]               [00]  L224:
000019r    1 [01]  01 18        [00]  mov a,@1
00001Ar    1 [01]  00 00 r      [00]  STA _IMR,0,2
------     1 [--]               [00]  .stabn 68,0,216,L225
------     1 [--]               [00]  L225:
------     1 [--]               [00]  .stabn 224,0,0,L226
------     1 [--]               [00]  L226:
------     1 [--]               [00]  L$207:
00001Br    1 [01]  3C 04 r      [00]  mov a,gotoSleep_bp-4
00001Cr    1 [01]  40 00 r      [00]  mov ecx,a
00001Dr    1 [01]  3D 04 r      [00]  mov a,gotoSleep_bp-3
00001Er    1 [01]  41 00 r      [00]  mov ecx+1,a
00001Fr    1 [01]  3E 04 r      [00]  mov a,gotoSleep_bp-2
000020r    1 [01]  42 00 r      [00]  mov ecx+2,a
000021r    1 [01]  3F 04 r      [00]  mov a,gotoSleep_bp-1
000022r    1 [01]  43 00 r      [00]  mov ecx+3,a
000023r    1 [01]  12 00        [00]  ret
------     1 [--]               [00]  .STACK gotoSleep_bp,local,4
------     1 [--]               [00]  public _keyRead
------     1 [--]               [00]  public keyRead_bp
------     1 [--]               [00]  .stabs "keyRead:F2",36,0,0,_keyRead
------     1 [--]               [00]  .section ".S5",C_CODE
------     1 [--]               [00]  .SYMDEF ".S5" 
------     1 [--]               [00]  _keyRead:
------     1 [--]               [00]  .SYMDEF "_keyRead" 
000000r    1 [01]  00 04 r      [00]  mov a,ecx
000001r    1 [01]  7C 00 r      [00]  mov keyRead_bp-4,a
000002r    1 [01]  01 04 r      [00]  mov a,ecx+1
000003r    1 [01]  7D 00 r      [00]  mov keyRead_bp-3,a
000004r    1 [01]  02 04 r      [00]  mov a,ecx+2
000005r    1 [01]  7E 00 r      [00]  mov keyRead_bp-2,a
000006r    1 [01]  03 04 r      [00]  mov a,ecx+3
000007r    1 [01]  7F 00 r      [00]  mov keyRead_bp-1,a
------     1 [--]               [00]  .stabs "keyStatus:10",160,0,0,keyRead_bp+0
------     1 [--]               [00]  .stabn 192,0,0,L234
------     1 [--]               [00]  L234:
------     1 [--]               [00]  .stabn 68,0,220,L235
------     1 [--]               [00]  L235:
------     1 [--]               [00]  .stabn 68,0,221,L236
------     1 [--]               [00]  L236:
000008r    1 [01]  40 04 r      [00]  EQNEPRIB keyRead_bp+0,0
000009r    1 [01]  83 0C        [00]  jbc STATUS,zf
00000Ar    1 [01]  00 14 r      [00]  EXTJMP @L$228
------     1 [--]               [00]  .stabn 192,0,1,L237
------     1 [--]               [00]  L237:
------     1 [--]               [00]  .stabn 68,0,222,L238
------     1 [--]               [00]  L238:
------     1 [--]               [00]  .stabn 68,0,223,L239
------     1 [--]               [00]  L239:
00000Br    1 [01]  40 05 r      [00]  LDA _keyCount2,0,0
00000Cr    1 [--]  -- --        [00]  add a,@1
00000Dr    1 [--]  -- --        [00]  STA _keyCount2,0,0
------     1 [--]               [00]  .stabn 68,0,224,L240
------     1 [--]               [00]  L240:
00000Er    1 [01]  C8 18 r      [00]  ULTRIB _keyCount2,0xc8
           1 [01]  00 01 r      [00]  
000010r    1 [01]  03 0E        [00]  jbs STATUS, cf
000011r    1 [01]  00 14 r      [00]  EXTJMP L$229
------     1 [--]               [00]  .stabn 192,0,2,L241
------     1 [--]               [00]  L241:
------     1 [--]               [00]  .stabn 68,0,225,L242
------     1 [--]               [00]  L242:
------     1 [--]               [00]  .stabn 68,0,226,L243
------     1 [--]               [00]  L243:
000012r    1 [01]  C8 18        [00]  mov a,@200
000013r    1 [01]  40 00 r      [00]  STA _keyCount2,0,0
------     1 [--]               [00]  .stabn 68,0,227,L244
------     1 [--]               [00]  L244:
------     1 [--]               [00]  .stabn 224,0,2,L245
------     1 [--]               [00]  L245:
------     1 [--]               [00]  .stabn 68,0,228,L246
------     1 [--]               [00]  L246:
------     1 [--]               [00]  .stabn 224,0,1,L247
------     1 [--]               [00]  L247:
000014r    1 [01]  00 14 r      [00]  jmp @L$229
------     1 [--]               [00]  L$228:
------     1 [--]               [00]  .stabn 192,0,1,L248
------     1 [--]               [00]  L248:
------     1 [--]               [00]  .stabn 68,0,230,L249
------     1 [--]               [00]  L249:
------     1 [--]               [00]  .stabn 68,0,231,L250
------     1 [--]               [00]  L250:
000015r    1 [01]  08 18 r      [00]  ULTRIB _keyCount2,0x8
           1 [01]  00 01 r      [00]  
000017r    1 [01]  03 0E        [00]  jbs STATUS, cf
000018r    1 [01]  00 14 r      [00]  EXTJMP L$232
------     1 [--]               [00]  .stabn 192,0,2,L251
------     1 [--]               [00]  L251:
------     1 [--]               [00]  .stabn 68,0,232,L252
------     1 [--]               [00]  L252:
------     1 [--]               [00]  .stabn 68,0,233,L253
------     1 [--]               [00]  L253:
000019r    1 [01]  C0 00 r      [00]  clr _keyCount2
------     1 [--]               [00]  .stabn 68,0,234,L254
------     1 [--]               [00]  L254:
00001Ar    1 [01]  01 18        [00]  mov a,@1
00001Br    1 [01]  40 00 r      [00]  mov eax,a
00001Cr    1 [01]  00 14 r      [00]  jmp @L$227
------     1 [--]               [00]  .stabn 68,0,235,L255
------     1 [--]               [00]  L255:
------     1 [--]               [00]  .stabn 224,0,2,L256
------     1 [--]               [00]  L256:
------     1 [--]               [00]  L$232:
------     1 [--]               [00]  .stabn 68,0,236,L257
------     1 [--]               [00]  L257:
00001Dr    1 [01]  C0 00 r      [00]  clr _keyCount2
------     1 [--]               [00]  .stabn 68,0,237,L258
------     1 [--]               [00]  L258:
------     1 [--]               [00]  .stabn 224,0,1,L259
------     1 [--]               [00]  L259:
------     1 [--]               [00]  L$229:
------     1 [--]               [00]  .stabn 68,0,238,L260
------     1 [--]               [00]  L260:
00001Er    1 [01]  00 18        [00]  mov a,@0
00001Fr    1 [01]  40 00 r      [00]  mov eax,a
------     1 [--]               [00]  .stabn 68,0,239,L261
------     1 [--]               [00]  L261:
------     1 [--]               [00]  .stabn 224,0,0,L262
------     1 [--]               [00]  L262:
------     1 [--]               [00]  L$227:
000020r    1 [01]  3C 04 r      [00]  mov a,keyRead_bp-4
000021r    1 [01]  40 00 r      [00]  mov ecx,a
000022r    1 [01]  3D 04 r      [00]  mov a,keyRead_bp-3
000023r    1 [01]  41 00 r      [00]  mov ecx+1,a
000024r    1 [01]  3E 04 r      [00]  mov a,keyRead_bp-2
000025r    1 [01]  42 00 r      [00]  mov ecx+2,a
000026r    1 [01]  3F 04 r      [00]  mov a,keyRead_bp-1
000027r    1 [01]  43 00 r      [00]  mov ecx+3,a
000028r    1 [01]  12 00        [00]  ret
------     1 [--]               [00]  .STACK keyRead_bp,local,4
------     1 [--]               [00]  public _keyRead2
------     1 [--]               [00]  public keyRead2_bp
------     1 [--]               [00]  .stabs "keyRead2:F2",36,0,0,_keyRead2
------     1 [--]               [00]  .section ".S6",C_CODE
------     1 [--]               [00]  .SYMDEF ".S6" 
------     1 [--]               [00]  _keyRead2:
------     1 [--]               [00]  .SYMDEF "_keyRead2" 
000000r    1 [01]  00 04 r      [00]  mov a,ecx
000001r    1 [01]  7C 00 r      [00]  mov keyRead2_bp-4,a
000002r    1 [01]  01 04 r      [00]  mov a,ecx+1
000003r    1 [01]  7D 00 r      [00]  mov keyRead2_bp-3,a
000004r    1 [01]  02 04 r      [00]  mov a,ecx+2
000005r    1 [01]  7E 00 r      [00]  mov keyRead2_bp-2,a
000006r    1 [01]  03 04 r      [00]  mov a,ecx+3
000007r    1 [01]  7F 00 r      [00]  mov keyRead2_bp-1,a
------     1 [--]               [00]  .stabs "keyStatus:10",160,0,0,keyRead2_bp+0
------     1 [--]               [00]  .stabn 192,0,0,L270
------     1 [--]               [00]  L270:
------     1 [--]               [00]  .stabn 68,0,242,L271
------     1 [--]               [00]  L271:
------     1 [--]               [00]  .stabn 68,0,243,L272
------     1 [--]               [00]  L272:
000008r    1 [01]  40 04 r      [00]  EQNEPRIB keyRead2_bp+0,0
000009r    1 [01]  83 0C        [00]  jbc STATUS,zf
00000Ar    1 [01]  00 14 r      [00]  EXTJMP @L$264
------     1 [--]               [00]  .stabn 192,0,1,L273
------     1 [--]               [00]  L273:
------     1 [--]               [00]  .stabn 68,0,244,L274
------     1 [--]               [00]  L274:
------     1 [--]               [00]  .stabn 68,0,245,L275
------     1 [--]               [00]  L275:
00000Br    1 [01]  40 05 r      [00]  LDA _keyCount,0,0
00000Cr    1 [--]  -- --        [00]  add a,@1
00000Dr    1 [--]  -- --        [00]  STA _keyCount,0,0
------     1 [--]               [00]  .stabn 68,0,246,L276
------     1 [--]               [00]  L276:
00000Er    1 [01]  C8 18 r      [00]  ULTRIB _keyCount,0xc8
           1 [01]  00 01 r      [00]  
000010r    1 [01]  03 0E        [00]  jbs STATUS, cf
000011r    1 [01]  00 14 r      [00]  EXTJMP L$265
------     1 [--]               [00]  .stabn 192,0,2,L277
------     1 [--]               [00]  L277:
------     1 [--]               [00]  .stabn 68,0,247,L278
------     1 [--]               [00]  L278:
------     1 [--]               [00]  .stabn 68,0,248,L279
------     1 [--]               [00]  L279:
000012r    1 [01]  C8 18        [00]  mov a,@200
000013r    1 [01]  40 00 r      [00]  STA _keyCount,0,0
------     1 [--]               [00]  .stabn 68,0,249,L280
------     1 [--]               [00]  L280:
------     1 [--]               [00]  .stabn 224,0,2,L281
------     1 [--]               [00]  L281:
------     1 [--]               [00]  .stabn 68,0,250,L282
------     1 [--]               [00]  L282:
------     1 [--]               [00]  .stabn 224,0,1,L283
------     1 [--]               [00]  L283:
000014r    1 [01]  00 14 r      [00]  jmp @L$265
------     1 [--]               [00]  L$264:
------     1 [--]               [00]  .stabn 192,0,1,L284
------     1 [--]               [00]  L284:
------     1 [--]               [00]  .stabn 68,0,252,L285
------     1 [--]               [00]  L285:
------     1 [--]               [00]  .stabn 68,0,253,L286
------     1 [--]               [00]  L286:
000015r    1 [01]  08 18 r      [00]  ULTRIB _keyCount,0x8
           1 [01]  00 01 r      [00]  
000017r    1 [01]  03 0E        [00]  jbs STATUS, cf
000018r    1 [01]  00 14 r      [00]  EXTJMP L$268
------     1 [--]               [00]  .stabn 192,0,2,L287
------     1 [--]               [00]  L287:
------     1 [--]               [00]  .stabn 68,0,254,L288
------     1 [--]               [00]  L288:
------     1 [--]               [00]  .stabn 68,0,255,L289
------     1 [--]               [00]  L289:
000019r    1 [01]  C0 00 r      [00]  clr _keyCount
------     1 [--]               [00]  .stabn 68,0,256,L290
------     1 [--]               [00]  L290:
00001Ar    1 [01]  01 18        [00]  mov a,@1
00001Br    1 [01]  40 00 r      [00]  mov eax,a
00001Cr    1 [01]  00 14 r      [00]  jmp @L$263
------     1 [--]               [00]  .stabn 68,0,257,L291
------     1 [--]               [00]  L291:
------     1 [--]               [00]  .stabn 224,0,2,L292
------     1 [--]               [00]  L292:
------     1 [--]               [00]  L$268:
------     1 [--]               [00]  .stabn 68,0,258,L293
------     1 [--]               [00]  L293:
00001Dr    1 [01]  C0 00 r      [00]  clr _keyCount
------     1 [--]               [00]  .stabn 68,0,259,L294
------     1 [--]               [00]  L294:
------     1 [--]               [00]  .stabn 224,0,1,L295
------     1 [--]               [00]  L295:
------     1 [--]               [00]  L$265:
------     1 [--]               [00]  .stabn 68,0,260,L296
------     1 [--]               [00]  L296:
00001Er    1 [01]  00 18        [00]  mov a,@0
00001Fr    1 [01]  40 00 r      [00]  mov eax,a
------     1 [--]               [00]  .stabn 68,0,261,L297
------     1 [--]               [00]  L297:
------     1 [--]               [00]  .stabn 224,0,0,L298
------     1 [--]               [00]  L298:
------     1 [--]               [00]  L$263:
000020r    1 [01]  3C 04 r      [00]  mov a,keyRead2_bp-4
000021r    1 [01]  40 00 r      [00]  mov ecx,a
000022r    1 [01]  3D 04 r      [00]  mov a,keyRead2_bp-3
000023r    1 [01]  41 00 r      [00]  mov ecx+1,a
000024r    1 [01]  3E 04 r      [00]  mov a,keyRead2_bp-2
000025r    1 [01]  42 00 r      [00]  mov ecx+2,a
000026r    1 [01]  3F 04 r      [00]  mov a,keyRead2_bp-1
000027r    1 [01]  43 00 r      [00]  mov ecx+3,a
000028r    1 [01]  12 00        [00]  ret
------     1 [--]               [00]  .STACK keyRead2_bp,local,4
------     1 [--]               [00]  public _delay
------     1 [--]               [00]  public delay_bp
------     1 [--]               [00]  .stabs "delay:F15",36,0,0,_delay
------     1 [--]               [00]  .section ".S7",C_CODE
------     1 [--]               [00]  .SYMDEF ".S7" 
------     1 [--]               [00]  _delay:
------     1 [--]               [00]  .SYMDEF "_delay" 
000000r    1 [01]  00 04 r      [00]  mov a,ecx
000001r    1 [01]  7C 00 r      [00]  mov delay_bp-4,a
000002r    1 [01]  01 04 r      [00]  mov a,ecx+1
000003r    1 [01]  7D 00 r      [00]  mov delay_bp-3,a
000004r    1 [01]  02 04 r      [00]  mov a,ecx+2
000005r    1 [01]  7E 00 r      [00]  mov delay_bp-2,a
000006r    1 [01]  03 04 r      [00]  mov a,ecx+3
000007r    1 [01]  7F 00 r      [00]  mov delay_bp-1,a
------     1 [--]               [00]  .stabs "time:10",160,0,0,delay_bp+0
------     1 [--]               [00]  .stabs "i:10",128,0,0,delay_bp-5
------     1 [--]               [00]  .stabn 192,0,0,L304
------     1 [--]               [00]  L304:
------     1 [--]               [00]  .stabn 68,0,266,L305
------     1 [--]               [00]  L305:
------     1 [--]               [00]  .stabn 68,0,267,L306
------     1 [--]               [00]  L306:
000008r    1 [01]  FB 00 r      [00]  clr delay_bp-5
------     1 [--]               [00]  .stabn 68,0,268,L307
------     1 [--]               [00]  L307:
000009r    1 [01]  00 14 r      [00]  jmp @L$303
------     1 [--]               [00]  L$300:
------     1 [--]               [00]  .stabn 68,0,269,L308
------     1 [--]               [00]  L308:
------     1 [--]               [00]  .cfile "C:\mcuproject\xj\fan0919\fan.c(269):"
00000Ar    1 [01]  00 00        [00]  nop
------     1 [--]               [00]  L$301:
------     1 [--]               [00]  .stabn 68,0,268,L309
------     1 [--]               [00]  L309:
00000Br    1 [01]  7B 05 r      [00]  LDA delay_bp-5,0,0
00000Cr    1 [--]  -- --        [00]  add a,@1
00000Dr    1 [--]  -- --        [00]  STA delay_bp-5,0,0
------     1 [--]               [00]  L$303:
------     1 [--]               [00]  .stabn 68,0,268,L310
------     1 [--]               [00]  L310:
00000Er    1 [01]  00 04 r      [00]  ULTRRB delay_bp-5,delay_bp+0
           1 [01]  3B 01 r      [00]  
000010r    1 [01]  03 0E        [00]  jbs STATUS,cf
000011r    1 [01]  00 14 r      [00]  EXTJMP @L$300
------     1 [--]               [00]  .stabn 68,0,269,L311
------     1 [--]               [00]  L311:
------     1 [--]               [00]  .stabn 68,0,270,L312
------     1 [--]               [00]  L312:
------     1 [--]               [00]  .stabn 224,0,0,L313
------     1 [--]               [00]  L313:
------     1 [--]               [00]  L$299:
000012r    1 [01]  3C 04 r      [00]  mov a,delay_bp-4
000013r    1 [01]  40 00 r      [00]  mov ecx,a
000014r    1 [01]  3D 04 r      [00]  mov a,delay_bp-3
000015r    1 [01]  41 00 r      [00]  mov ecx+1,a
000016r    1 [01]  3E 04 r      [00]  mov a,delay_bp-2
000017r    1 [01]  42 00 r      [00]  mov ecx+2,a
000018r    1 [01]  3F 04 r      [00]  mov a,delay_bp-1
000019r    1 [01]  43 00 r      [00]  mov ecx+3,a
00001Ar    1 [01]  12 00        [00]  ret
------     1 [--]               [00]  .STACK delay_bp,local,5
------     1 [--]               [00]  public _PWM_Init
------     1 [--]               [00]  public PWM_Init_bp
------     1 [--]               [00]  .stabs "PWM_Init:F15",36,0,0,_PWM_Init
------     1 [--]               [00]  .section ".S8",C_CODE
------     1 [--]               [00]  .SYMDEF ".S8" 
------     1 [--]               [00]  _PWM_Init:
------     1 [--]               [00]  .SYMDEF "_PWM_Init" 
000000r    1 [01]  00 04 r      [00]  mov a,ecx
000001r    1 [01]  7C 00 r      [00]  mov PWM_Init_bp-4,a
000002r    1 [01]  01 04 r      [00]  mov a,ecx+1
000003r    1 [01]  7D 00 r      [00]  mov PWM_Init_bp-3,a
000004r    1 [01]  02 04 r      [00]  mov a,ecx+2
000005r    1 [01]  7E 00 r      [00]  mov PWM_Init_bp-2,a
000006r    1 [01]  03 04 r      [00]  mov a,ecx+3
000007r    1 [01]  7F 00 r      [00]  mov PWM_Init_bp-1,a
------     1 [--]               [00]  .stabn 192,0,0,L315
------     1 [--]               [00]  L315:
------     1 [--]               [00]  .stabn 68,0,274,L316
------     1 [--]               [00]  L316:
------     1 [--]               [00]  .stabn 68,0,276,L317
------     1 [--]               [00]  L317:
000008r    1 [01]  31 18        [00]  mov a,@49
000009r    1 [01]  40 00 r      [00]  STA _PRD,0,0
------     1 [--]               [00]  .stabn 68,0,277,L318
------     1 [--]               [00]  L318:
00000Ar    1 [01]  11 18        [00]  mov a,@17
00000Br    1 [01]  40 00 r      [00]  STA _PDC1,0,0
------     1 [--]               [00]  .stabn 68,0,278,L319
------     1 [--]               [00]  L319:
00000Cr    1 [01]  40 18        [00]  mov a,@64
00000Dr    1 [01]  40 00 r      [00]  STA _CPUCON,0,0
------     1 [--]               [00]  .stabn 68,0,279,L320
------     1 [--]               [00]  L320:
00000Er    1 [01]  10 18        [00]  mov a,@16
00000Fr    1 [01]  40 00 r      [00]  STA _PWMCON,0,0
------     1 [--]               [00]  .stabn 68,0,280,L321
------     1 [--]               [00]  L321:
------     1 [--]               [00]  .stabn 224,0,0,L322
------     1 [--]               [00]  L322:
------     1 [--]               [00]  L$314:
000010r    1 [01]  3C 04 r      [00]  mov a,PWM_Init_bp-4
000011r    1 [01]  40 00 r      [00]  mov ecx,a
000012r    1 [01]  3D 04 r      [00]  mov a,PWM_Init_bp-3
000013r    1 [01]  41 00 r      [00]  mov ecx+1,a
000014r    1 [01]  3E 04 r      [00]  mov a,PWM_Init_bp-2
000015r    1 [01]  42 00 r      [00]  mov ecx+2,a
000016r    1 [01]  3F 04 r      [00]  mov a,PWM_Init_bp-1
000017r    1 [01]  43 00 r      [00]  mov ecx+3,a
000018r    1 [01]  12 00        [00]  ret
------     1 [--]               [00]  .STACK PWM_Init_bp,local,4
------     1 [--]               [00]  public _PWM_Stop
------     1 [--]               [00]  public PWM_Stop_bp
------     1 [--]               [00]  .stabs "PWM_Stop:F15",36,0,0,_PWM_Stop
------     1 [--]               [00]  .section ".S9",C_CODE
------     1 [--]               [00]  .SYMDEF ".S9" 
------     1 [--]               [00]  _PWM_Stop:
------     1 [--]               [00]  .SYMDEF "_PWM_Stop" 
000000r    1 [01]  00 04 r      [00]  mov a,ecx
000001r    1 [01]  7C 00 r      [00]  mov PWM_Stop_bp-4,a
000002r    1 [01]  01 04 r      [00]  mov a,ecx+1
000003r    1 [01]  7D 00 r      [00]  mov PWM_Stop_bp-3,a
000004r    1 [01]  02 04 r      [00]  mov a,ecx+2
000005r    1 [01]  7E 00 r      [00]  mov PWM_Stop_bp-2,a
000006r    1 [01]  03 04 r      [00]  mov a,ecx+3
000007r    1 [01]  7F 00 r      [00]  mov PWM_Stop_bp-1,a
------     1 [--]               [00]  .stabn 192,0,0,L324
------     1 [--]               [00]  L324:
------     1 [--]               [00]  .stabn 68,0,283,L325
------     1 [--]               [00]  L325:
------     1 [--]               [00]  .stabn 68,0,284,L326
------     1 [--]               [00]  L326:
000008r    1 [01]  C0 00 r      [00]  clr _PWMCON
------     1 [--]               [00]  .stabn 68,0,285,L327
------     1 [--]               [00]  L327:
------     1 [--]               [00]  .stabn 224,0,0,L328
------     1 [--]               [00]  L328:
------     1 [--]               [00]  L$323:
000009r    1 [01]  3C 04 r      [00]  mov a,PWM_Stop_bp-4
00000Ar    1 [01]  40 00 r      [00]  mov ecx,a
00000Br    1 [01]  3D 04 r      [00]  mov a,PWM_Stop_bp-3
00000Cr    1 [01]  41 00 r      [00]  mov ecx+1,a
00000Dr    1 [01]  3E 04 r      [00]  mov a,PWM_Stop_bp-2
00000Er    1 [01]  42 00 r      [00]  mov ecx+2,a
00000Fr    1 [01]  3F 04 r      [00]  mov a,PWM_Stop_bp-1
000010r    1 [01]  43 00 r      [00]  mov ecx+3,a
000011r    1 [01]  12 00        [00]  ret
------     1 [--]               [00]  .STACK PWM_Stop_bp,local,4
------     1 [--]               [00]  public _IO_Init
------     1 [--]               [00]  public IO_Init_bp
------     1 [--]               [00]  .stabs "IO_Init:F15",36,0,0,_IO_Init
------     1 [--]               [00]  .section ".S10",C_CODE
------     1 [--]               [00]  .SYMDEF ".S10" 
------     1 [--]               [00]  _IO_Init:
------     1 [--]               [00]  .SYMDEF "_IO_Init" 
000000r    1 [01]  00 04 r      [00]  mov a,ecx
000001r    1 [01]  7C 00 r      [00]  mov IO_Init_bp-4,a
000002r    1 [01]  01 04 r      [00]  mov a,ecx+1
000003r    1 [01]  7D 00 r      [00]  mov IO_Init_bp-3,a
000004r    1 [01]  02 04 r      [00]  mov a,ecx+2
000005r    1 [01]  7E 00 r      [00]  mov IO_Init_bp-2,a
000006r    1 [01]  03 04 r      [00]  mov a,ecx+3
000007r    1 [01]  7F 00 r      [00]  mov IO_Init_bp-1,a
------     1 [--]               [00]  .stabn 192,0,0,L330
------     1 [--]               [00]  L330:
------     1 [--]               [00]  .stabn 68,0,289,L331
------     1 [--]               [00]  L331:
------     1 [--]               [00]  .stabn 68,0,291,L332
------     1 [--]               [00]  L332:
000008r    1 [01]  C0 00 r      [00]  clr _PORT5
------     1 [--]               [00]  .stabn 68,0,292,L333
------     1 [--]               [00]  L333:
000009r    1 [01]  00 18        [00]  mov a,@0
00000Ar    1 [01]  00 00 r      [00]  STA _P5CR,0,2
------     1 [--]               [00]  .stabn 68,0,293,L334
------     1 [--]               [00]  L334:
00000Br    1 [01]  C0 00 r      [00]  clr _PORT6
------     1 [--]               [00]  .stabn 68,0,294,L335
------     1 [--]               [00]  L335:
00000Cr    1 [01]  43 18        [00]  mov a,@67
00000Dr    1 [01]  00 00 r      [00]  STA _P6CR,0,2
------     1 [--]               [00]  .stabn 68,0,295,L336
------     1 [--]               [00]  L336:
00000Er    1 [01]  FC 18        [00]  mov a,@252
00000Fr    1 [01]  00 00 r      [00]  STA _PHCR,0,2
------     1 [--]               [00]  .stabn 68,0,296,L337
------     1 [--]               [00]  L337:
000010r    1 [01]  BF 18        [00]  mov a,@191
000011r    1 [01]  00 00 r      [00]  STA _PHDCR,0,2
------     1 [--]               [00]  .stabn 68,0,297,L338
------     1 [--]               [00]  L338:
000012r    1 [01]  BF 18        [00]  mov a,@191
000013r    1 [01]  40 00 r      [00]  STA _PRD,0,0
------     1 [--]               [00]  .stabn 68,0,299,L339
------     1 [--]               [00]  L339:
------     1 [--]               [00]  .cfile "C:\mcuproject\xj\fan0919\fan.c(299):"
000014r    1 [01]  03 18        [00]  mov	a,@0x03
------     1 [--]               [00]  .stabn 68,0,300,L340
------     1 [--]               [00]  L340:
------     1 [--]               [00]  .cfile "C:\mcuproject\xj\fan0919\fan.c(300):"
000015r    1 [01]  02 00        [00]  contw
------     1 [--]               [00]  .stabn 68,0,302,L341
------     1 [--]               [00]  L341:
------     1 [--]               [00]  .stabn 224,0,0,L342
------     1 [--]               [00]  L342:
------     1 [--]               [00]  L$329:
000016r    1 [01]  3C 04 r      [00]  mov a,IO_Init_bp-4
000017r    1 [01]  40 00 r      [00]  mov ecx,a
000018r    1 [01]  3D 04 r      [00]  mov a,IO_Init_bp-3
000019r    1 [01]  41 00 r      [00]  mov ecx+1,a
00001Ar    1 [01]  3E 04 r      [00]  mov a,IO_Init_bp-2
00001Br    1 [01]  42 00 r      [00]  mov ecx+2,a
00001Cr    1 [01]  3F 04 r      [00]  mov a,IO_Init_bp-1
00001Dr    1 [01]  43 00 r      [00]  mov ecx+3,a
00001Er    1 [01]  12 00        [00]  ret
------     1 [--]               [00]  .STACK IO_Init_bp,local,4
------     1 [--]               [00]  public _interrupt
------     1 [--]               [00]  public interrupt_bp
------     1 [--]               [00]  .stabs "interrupt:F15",36,0,0,_interrupt
------     1 [--]               [00]  .section ".S11",C_CODE
------     1 [--]               [00]  .SYMDEF ".S11" INT:-1
------     1 [--]               [00]  _interrupt:
------     1 [--]               [00]  .SYMDEF "_interrupt" INT:-1
------     1 [--]               [00]  .stabn 192,0,0,L358
------     1 [--]               [00]  L358:
------     1 [--]               [00]  .stabn 68,0,306,L359
------     1 [--]               [00]  L359:
------     1 [--]               [00]  .stabn 68,0,309,L360
------     1 [--]               [00]  L360:
------     1 [--]               [00]  .cfile "C:\mcuproject\xj\fan0919\fan.c(309):"
000000r    1 [01]  7D 00        [00]  MOV 0x3D,A ;保存 A
------     1 [--]               [00]  .stabn 68,0,310,L361
------     1 [--]               [00]  L361:
------     1 [--]               [00]  .cfile "C:\mcuproject\xj\fan0919\fan.c(310):"
000001r    1 [01]  03 04        [00]  MOV A,0x03
------     1 [--]               [00]  .stabn 68,0,311,L362
------     1 [--]               [00]  L362:
------     1 [--]               [00]  .cfile "C:\mcuproject\xj\fan0919\fan.c(311):"
000002r    1 [01]  7E 00        [00]  MOV 0x3E,A ;保存 R3
------     1 [--]               [00]  .stabn 68,0,312,L363
------     1 [--]               [00]  L363:
------     1 [--]               [00]  .cfile "C:\mcuproject\xj\fan0919\fan.c(312):"
000003r    1 [01]  04 04        [00]  MOV A,0x04
------     1 [--]               [00]  .stabn 68,0,313,L364
------     1 [--]               [00]  L364:
------     1 [--]               [00]  .cfile "C:\mcuproject\xj\fan0919\fan.c(313):"
000004r    1 [01]  7F 00        [00]  MOV 0x3F,A ;保存 R4
------     1 [--]               [00]  .stabn 68,0,316,L365
------     1 [--]               [00]  L365:
000005r    1 [01]  00 0E r      [00]  jbs _TCIF,0
000006r    1 [01]  00 14 r      [00]  EXTJMP @L$344
------     1 [--]               [00]  .stabn 192,0,1,L366
------     1 [--]               [00]  L366:
------     1 [--]               [00]  .stabn 68,0,317,L367
------     1 [--]               [00]  L367:
------     1 [--]               [00]  .stabn 68,0,319,L368
------     1 [--]               [00]  L368:
000007r    1 [--]  -- --        [00]  LDA _ISR,0,0
000008r    1 [01]  FE 18        [00]  and a,@254
000009r    1 [01]  C0 02 r      [00]  STA _ISR,0,0
------     1 [--]               [00]  .stabn 68,0,320,L369
------     1 [--]               [00]  L369:
00000Ar    1 [--]  -- --        [00]  LDA _TCC,0,0
00000Br    1 [01]  CE 18        [00]  add a,@206
00000Cr    1 [01]  C0 03 r      [00]  STA _TCC,0,0
------     1 [--]               [00]  .stabn 68,0,322,L370
------     1 [--]               [00]  L370:
00000Dr    1 [01]  40 05 r      [00]  LDA _intCount,0,0
00000Er    1 [--]  -- --        [00]  mov ecx,a
00000Fr    1 [--]  -- --        [00]  mov a,@1
000010r    1 [--]  -- --        [00]  add ecx,a
000011r    1 [--]  -- --        [00]  mov a,ecx
000012r    1 [--]  -- --        [00]  STA _intCount,0,0
000013r    1 [01]  32 18 r      [00]  ULTRIB ecx,0x32
           1 [01]  00 01 r      [00]  
000015r    1 [01]  03 0E        [00]  jbs STATUS, cf
000016r    1 [01]  00 14 r      [00]  EXTJMP L$346
------     1 [--]               [00]  .stabn 192,0,2,L371
------     1 [--]               [00]  L371:
------     1 [--]               [00]  .stabn 68,0,323,L372
------     1 [--]               [00]  L372:
------     1 [--]               [00]  .stabn 68,0,324,L373
------     1 [--]               [00]  L373:
000017r    1 [01]  C0 00 r      [00]  clr _intCount
------     1 [--]               [00]  .stabn 68,0,325,L374
------     1 [--]               [00]  L374:
000018r    1 [01]  00 0A r      [00]  bs _IntFlag,0
------     1 [--]               [00]  .stabn 68,0,326,L375
------     1 [--]               [00]  L375:
000019r    1 [01]  40 05 r      [00]  LDA _count500ms,0,0
00001Ar    1 [--]  -- --        [00]  mov ecx,a
00001Br    1 [--]  -- --        [00]  mov a,@1
00001Cr    1 [--]  -- --        [00]  add ecx,a
00001Dr    1 [--]  -- --        [00]  mov a,ecx
00001Er    1 [--]  -- --        [00]  STA _count500ms,0,0
00001Fr    1 [01]  32 18 r      [00]  ULTRIB ecx,0x32
           1 [01]  00 01 r      [00]  
000021r    1 [01]  03 0E        [00]  jbs STATUS, cf
000022r    1 [01]  00 14 r      [00]  EXTJMP L$348
------     1 [--]               [00]  .stabn 68,0,327,L376
------     1 [--]               [00]  L376:
000023r    1 [01]  C0 00 r      [00]  clr _count500ms
------     1 [--]               [00]  L$348:
------     1 [--]               [00]  .stabn 68,0,328,L377
------     1 [--]               [00]  L377:
------     1 [--]               [00]  .stabn 224,0,2,L378
------     1 [--]               [00]  L378:
------     1 [--]               [00]  L$346:
------     1 [--]               [00]  .stabn 68,0,329,L379
------     1 [--]               [00]  L379:
000024r    1 [01]  00 04 r      [00]  EQNEPRIB _ledStep,1
           1 [01]  01 1B r      [00]  
000026r    1 [01]  83 0E        [00]  jbs STATUS,zf
000027r    1 [01]  00 14 r      [00]  EXTJMP @L$350
------     1 [--]               [00]  .stabn 192,0,2,L380
------     1 [--]               [00]  L380:
------     1 [--]               [00]  .stabn 68,0,330,L381
------     1 [--]               [00]  L381:
------     1 [--]               [00]  .stabn 68,0,331,L382
------     1 [--]               [00]  L382:
000028r    1 [01]  40 05 r      [00]  LDA _count64ms,0,0
000029r    1 [--]  -- --        [00]  mov ecx,a
00002Ar    1 [--]  -- --        [00]  mov a,@1
00002Br    1 [--]  -- --        [00]  add ecx,a
00002Cr    1 [--]  -- --        [00]  mov a,ecx
00002Dr    1 [--]  -- --        [00]  STA _count64ms,0,0
00002Er    1 [01]  20 18 r      [00]  ULTRIB ecx,0x20
           1 [01]  00 01 r      [00]  
000030r    1 [01]  03 0E        [00]  jbs STATUS, cf
000031r    1 [01]  00 14 r      [00]  EXTJMP L$352
------     1 [--]               [00]  .stabn 192,0,3,L383
------     1 [--]               [00]  L383:
------     1 [--]               [00]  .stabn 68,0,332,L384
------     1 [--]               [00]  L384:
------     1 [--]               [00]  .stabn 68,0,333,L385
------     1 [--]               [00]  L385:
000032r    1 [01]  C0 00 r      [00]  clr _count64ms
------     1 [--]               [00]  .stabn 68,0,334,L386
------     1 [--]               [00]  L386:
------     1 [--]               [00]  .stabn 224,0,3,L387
------     1 [--]               [00]  L387:
------     1 [--]               [00]  L$352:
------     1 [--]               [00]  .stabn 68,0,335,L388
------     1 [--]               [00]  L388:
000033r    1 [01]  10 18 r      [00]  ULTRIB _count64ms,0x10
           1 [01]  00 01 r      [00]  
000035r    1 [01]  03 0C        [00]  jbc STATUS, cf
000036r    1 [01]  00 14 r      [00]  EXTJMP L$354
------     1 [--]               [00]  .stabn 68,0,336,L389
------     1 [--]               [00]  L389:
000037r    1 [01]  00 0A r      [00]  bs _P50,0
000038r    1 [01]  00 14 r      [00]  jmp @L$351
------     1 [--]               [00]  L$354:
------     1 [--]               [00]  .stabn 68,0,338,L390
------     1 [--]               [00]  L390:
000039r    1 [01]  00 08 r      [00]  bc _P50,0
------     1 [--]               [00]  .stabn 68,0,339,L391
------     1 [--]               [00]  L391:
------     1 [--]               [00]  .stabn 224,0,2,L392
------     1 [--]               [00]  L392:
00003Ar    1 [01]  00 14 r      [00]  jmp @L$351
------     1 [--]               [00]  L$350:
------     1 [--]               [00]  .stabn 68,0,340,L393
------     1 [--]               [00]  L393:
00003Br    1 [01]  00 04 r      [00]  EQNEPRIB _ledStep,2
           1 [01]  02 1B r      [00]  
00003Dr    1 [01]  83 0E        [00]  jbs STATUS,zf
00003Er    1 [01]  00 14 r      [00]  EXTJMP @L$356
------     1 [--]               [00]  .stabn 192,0,2,L394
------     1 [--]               [00]  L394:
------     1 [--]               [00]  .stabn 68,0,341,L395
------     1 [--]               [00]  L395:
------     1 [--]               [00]  .stabn 68,0,342,L396
------     1 [--]               [00]  L396:
00003Fr    1 [01]  00 0A r      [00]  bs _P50,0
------     1 [--]               [00]  .stabn 68,0,343,L397
------     1 [--]               [00]  L397:
------     1 [--]               [00]  .stabn 224,0,2,L398
------     1 [--]               [00]  L398:
000040r    1 [01]  00 14 r      [00]  jmp @L$357
------     1 [--]               [00]  L$356:
------     1 [--]               [00]  .stabn 192,0,2,L399
------     1 [--]               [00]  L399:
------     1 [--]               [00]  .stabn 68,0,345,L400
------     1 [--]               [00]  L400:
------     1 [--]               [00]  .stabn 68,0,346,L401
------     1 [--]               [00]  L401:
000041r    1 [01]  00 08 r      [00]  bc _P50,0
------     1 [--]               [00]  .stabn 68,0,347,L402
------     1 [--]               [00]  L402:
------     1 [--]               [00]  .stabn 224,0,2,L403
------     1 [--]               [00]  L403:
------     1 [--]               [00]  L$357:
------     1 [--]               [00]  L$351:
------     1 [--]               [00]  .stabn 68,0,349,L404
------     1 [--]               [00]  L404:
------     1 [--]               [00]  .stabn 224,0,1,L405
------     1 [--]               [00]  L405:
------     1 [--]               [00]  L$344:
------     1 [--]               [00]  .stabn 68,0,353,L406
------     1 [--]               [00]  L406:
------     1 [--]               [00]  .cfile "C:\mcuproject\xj\fan0919\fan.c(353):"
000042r    1 [01]  3F 04        [00]  MOV A,0x3F ;返回 R4
------     1 [--]               [00]  .stabn 68,0,354,L407
------     1 [--]               [00]  L407:
------     1 [--]               [00]  .cfile "C:\mcuproject\xj\fan0919\fan.c(354):"
000043r    1 [01]  44 00        [00]  MOV 0x04,A
------     1 [--]               [00]  .stabn 68,0,355,L408
------     1 [--]               [00]  L408:
------     1 [--]               [00]  .cfile "C:\mcuproject\xj\fan0919\fan.c(355):"
000044r    1 [01]  3E 04        [00]  MOV A,0x3E ;返回 R3
------     1 [--]               [00]  .stabn 68,0,356,L409
------     1 [--]               [00]  L409:
------     1 [--]               [00]  .cfile "C:\mcuproject\xj\fan0919\fan.c(356):"
000045r    1 [01]  43 00        [00]  MOV 0x03,A
------     1 [--]               [00]  .stabn 68,0,357,L410
------     1 [--]               [00]  L410:
------     1 [--]               [00]  .cfile "C:\mcuproject\xj\fan0919\fan.c(357):"
000046r    1 [01]  7D 07        [00]  SWAP 0x3D  ;返回 A
------     1 [--]               [00]  .stabn 68,0,358,L411
------     1 [--]               [00]  L411:
------     1 [--]               [00]  .cfile "C:\mcuproject\xj\fan0919\fan.c(358):"
000047r    1 [01]  3D 07        [00]  SWAPA 0x3D
------     1 [--]               [00]  .stabn 68,0,360,L412
------     1 [--]               [00]  L412:
------     1 [--]               [00]  .stabn 224,0,0,L413
------     1 [--]               [00]  L413:
------     1 [--]               [00]  L$343:
000048r    1 [01]  13 00        [00]  reti
------     1 [--]               [00]  .STACK interrupt_bp,local,0
------     1 [--]               [00]  public _interrupt_l
------     1 [--]               [00]  public interrupt_l_bp
------     1 [--]               [00]  .stabs "interrupt_l:F15",36,0,0,_interrupt_l
------     1 [--]               [00]  .section ".S12",C_CODE
------     1 [--]               [00]  .SYMDEF ".S12" LOWINT:0,8
------     1 [--]               [00]  _interrupt_l:
------     1 [--]               [00]  .SYMDEF "_interrupt_l" LOWINT:0,8
------     1 [--]               [00]  .stabn 192,0,0,L415
------     1 [--]               [00]  L415:
------     1 [--]               [00]  .stabn 68,0,365,L416
------     1 [--]               [00]  L416:
------     1 [--]               [00]  .stabn 68,0,367,L417
------     1 [--]               [00]  L417:
------     1 [--]               [00]  .stabn 224,0,0,L418
------     1 [--]               [00]  L418:
------     1 [--]               [00]  L$414:
000008r    1 [01]  13 00        [00]  reti
------     1 [--]               [00]  .STACK interrupt_l_bp,local,0
------     1 [--]               [00]  .section ".bss"
------     1 [--]               [00]  .align 1
------     1 [--]               [00]  _lvdFlag:
------     1 [--]               [00]  .SYMDEF "_lvdFlag" BANK:0,BIT:2,32,LEN:1
000000r    1 [--]  xx           [00]  ds 1
------     1 [--]               [00]  .stabs "lvdFlag:S16",40,0,0,_lvdFlag
------     1 [--]               [00]  .align 1
------     1 [--]               [00]  _longPressFlag:
------     1 [--]               [00]  .SYMDEF "_longPressFlag" BANK:0,BIT:1,32,LEN:1
000001r    1 [--]  xx           [00]  ds 1
------     1 [--]               [00]  .stabs "longPressFlag:S16",40,0,0,_longPressFlag
------     1 [--]               [00]  .align 1
------     1 [--]               [00]  _IntFlag:
------     1 [--]               [00]  .SYMDEF "_IntFlag" BANK:0,BIT:0,32,LEN:1
000002r    1 [--]  xx           [00]  ds 1
------     1 [--]               [00]  .stabs "IntFlag:S16",40,0,0,_IntFlag
------     1 [--]               [00]  public _Status
------     1 [--]               [00]  .align 1
------     1 [--]               [00]  _Status:
------     1 [--]               [00]  .SYMDEF "_Status" BANK:0,32,LEN:1
000003r    1 [--]  xx           [00]  ds 1
------     1 [--]               [00]  .stabs "Status:G10",32,0,0,_Status
------     1 [--]               [00]  .align 1
------     1 [--]               [00]  _TCIF:
------     1 [--]               [00]  .SYMDEF "_TCIF" REG:0,BIT:0,15,LEN:1
000004r    1 [--]  xx           [00]  ds 1
------     1 [--]               [00]  .stabs "TCIF:S16",40,0,0,_TCIF
------     1 [--]               [00]  .align 1
------     1 [--]               [00]  _ICIF:
------     1 [--]               [00]  .SYMDEF "_ICIF" REG:0,BIT:1,15,LEN:1
000005r    1 [--]  xx           [00]  ds 1
------     1 [--]               [00]  .stabs "ICIF:S16",40,0,0,_ICIF
------     1 [--]               [00]  .align 1
------     1 [--]               [00]  _EXIF:
------     1 [--]               [00]  .SYMDEF "_EXIF" REG:0,BIT:2,15,LEN:1
000006r    1 [--]  xx           [00]  ds 1
------     1 [--]               [00]  .stabs "EXIF:S16",40,0,0,_EXIF
------     1 [--]               [00]  .align 1
------     1 [--]               [00]  _P60:
------     1 [--]               [00]  .SYMDEF "_P60" REG:0,BIT:0,6,LEN:1
000007r    1 [--]  xx           [00]  ds 1
------     1 [--]               [00]  .stabs "P60:S16",40,0,0,_P60
------     1 [--]               [00]  .align 1
------     1 [--]               [00]  _P61:
------     1 [--]               [00]  .SYMDEF "_P61" REG:0,BIT:1,6,LEN:1
000008r    1 [--]  xx           [00]  ds 1
------     1 [--]               [00]  .stabs "P61:S16",40,0,0,_P61
------     1 [--]               [00]  .align 1
------     1 [--]               [00]  _P62:
------     1 [--]               [00]  .SYMDEF "_P62" REG:0,BIT:2,6,LEN:1
000009r    1 [--]  xx           [00]  ds 1
------     1 [--]               [00]  .stabs "P62:S16",40,0,0,_P62
------     1 [--]               [00]  .align 1
------     1 [--]               [00]  _P63:
------     1 [--]               [00]  .SYMDEF "_P63" REG:0,BIT:3,6,LEN:1
00000Ar    1 [--]  xx           [00]  ds 1
------     1 [--]               [00]  .stabs "P63:S16",40,0,0,_P63
------     1 [--]               [00]  .align 1
------     1 [--]               [00]  _P64:
------     1 [--]               [00]  .SYMDEF "_P64" REG:0,BIT:4,6,LEN:1
00000Br    1 [--]  xx           [00]  ds 1
------     1 [--]               [00]  .stabs "P64:S16",40,0,0,_P64
------     1 [--]               [00]  .align 1
------     1 [--]               [00]  _P65:
------     1 [--]               [00]  .SYMDEF "_P65" REG:0,BIT:5,6,LEN:1
00000Cr    1 [--]  xx           [00]  ds 1
------     1 [--]               [00]  .stabs "P65:S16",40,0,0,_P65
------     1 [--]               [00]  .align 1
------     1 [--]               [00]  _P66:
------     1 [--]               [00]  .SYMDEF "_P66" REG:0,BIT:6,6,LEN:1
00000Dr    1 [--]  xx           [00]  ds 1
------     1 [--]               [00]  .stabs "P66:S16",40,0,0,_P66
------     1 [--]               [00]  .align 1
------     1 [--]               [00]  _P67:
------     1 [--]               [00]  .SYMDEF "_P67" REG:0,BIT:7,6,LEN:1
00000Er    1 [--]  xx           [00]  ds 1
------     1 [--]               [00]  .stabs "P67:S16",40,0,0,_P67
------     1 [--]               [00]  .align 1
------     1 [--]               [00]  _P50:
------     1 [--]               [00]  .SYMDEF "_P50" REG:0,BIT:0,5,LEN:1
00000Fr    1 [--]  xx           [00]  ds 1
------     1 [--]               [00]  .stabs "P50:S16",40,0,0,_P50
------     1 [--]               [00]  .align 1
------     1 [--]               [00]  _P51:
------     1 [--]               [00]  .SYMDEF "_P51" REG:0,BIT:1,5,LEN:1
000010r    1 [--]  xx           [00]  ds 1
------     1 [--]               [00]  .stabs "P51:S16",40,0,0,_P51
------     1 [--]               [00]  .align 1
------     1 [--]               [00]  _P52:
------     1 [--]               [00]  .SYMDEF "_P52" REG:0,BIT:2,5,LEN:1
000011r    1 [--]  xx           [00]  ds 1
------     1 [--]               [00]  .stabs "P52:S16",40,0,0,_P52
------     1 [--]               [00]  .align 1
------     1 [--]               [00]  _P53:
------     1 [--]               [00]  .SYMDEF "_P53" REG:0,BIT:3,5,LEN:1
000012r    1 [--]  xx           [00]  ds 1
------     1 [--]               [00]  .stabs "P53:S16",40,0,0,_P53
------     1 [--]               [00]  .align 1
------     1 [--]               [00]  _C:
------     1 [--]               [00]  .SYMDEF "_C" REG:0,BIT:0,3,LEN:1
000013r    1 [--]  xx           [00]  ds 1
------     1 [--]               [00]  .stabs "C:S16",40,0,0,_C
------     1 [--]               [00]  .align 1
------     1 [--]               [00]  _DC:
------     1 [--]               [00]  .SYMDEF "_DC" REG:0,BIT:1,3,LEN:1
000014r    1 [--]  xx           [00]  ds 1
------     1 [--]               [00]  .stabs "DC:S16",40,0,0,_DC
------     1 [--]               [00]  .align 1
------     1 [--]               [00]  _Z:
------     1 [--]               [00]  .SYMDEF "_Z" REG:0,BIT:2,3,LEN:1
000015r    1 [--]  xx           [00]  ds 1
------     1 [--]               [00]  .stabs "Z:S16",40,0,0,_Z
------     1 [--]               [00]  .align 1
------     1 [--]               [00]  _P:
------     1 [--]               [00]  .SYMDEF "_P" REG:0,BIT:3,3,LEN:1
000016r    1 [--]  xx           [00]  ds 1
------     1 [--]               [00]  .stabs "P:S16",40,0,0,_P
------     1 [--]               [00]  .align 1
------     1 [--]               [00]  _T:
------     1 [--]               [00]  .SYMDEF "_T" REG:0,BIT:4,3,LEN:1
000017r    1 [--]  xx           [00]  ds 1
------     1 [--]               [00]  .stabs "T:S16",40,0,0,_T
------     1 [--]               [00]  .align 1
------     1 [--]               [00]  _GP0:
------     1 [--]               [00]  .SYMDEF "_GP0" REG:0,BIT:5,3,LEN:1
000018r    1 [--]  xx           [00]  ds 1
------     1 [--]               [00]  .stabs "GP0:S16",40,0,0,_GP0
------     1 [--]               [00]  .align 1
------     1 [--]               [00]  _GP1:
------     1 [--]               [00]  .SYMDEF "_GP1" REG:0,BIT:6,3,LEN:1
000019r    1 [--]  xx           [00]  ds 1
------     1 [--]               [00]  .stabs "GP1:S16",40,0,0,_GP1
------     1 [--]               [00]  .align 1
------     1 [--]               [00]  _RST:
------     1 [--]               [00]  .SYMDEF "_RST" REG:0,BIT:7,3,LEN:1
00001Ar    1 [--]  xx           [00]  ds 1
------     1 [--]               [00]  .stabs "RST:S16",40,0,0,_RST
------     1 [--]               [00]  .align 1
------     1 [--]               [00]  _IMR:
------     1 [--]               [00]  .SYMDEF "_IMR" IO:0,15,LEN:1
00001Br    1 [--]  xx           [00]  ds 1
------     1 [--]               [00]  .stabs "IMR:S14",40,0,0,_IMR
------     1 [--]               [00]  .align 1
------     1 [--]               [00]  _WDTCR:
------     1 [--]               [00]  .SYMDEF "_WDTCR" IO:0,14,LEN:1
00001Cr    1 [--]  xx           [00]  ds 1
------     1 [--]               [00]  .stabs "WDTCR:S14",40,0,0,_WDTCR
------     1 [--]               [00]  .align 1
------     1 [--]               [00]  _PHCR:
------     1 [--]               [00]  .SYMDEF "_PHCR" IO:0,13,LEN:1
00001Dr    1 [--]  xx           [00]  ds 1
------     1 [--]               [00]  .stabs "PHCR:S14",40,0,0,_PHCR
------     1 [--]               [00]  .align 1
------     1 [--]               [00]  _PDCR:
------     1 [--]               [00]  .SYMDEF "_PDCR" IO:0,11,LEN:1
00001Er    1 [--]  xx           [00]  ds 1
------     1 [--]               [00]  .stabs "PDCR:S14",40,0,0,_PDCR
------     1 [--]               [00]  .align 1
------     1 [--]               [00]  _PHDCR:
------     1 [--]               [00]  .SYMDEF "_PHDCR" IO:0,9,LEN:1
00001Fr    1 [--]  xx           [00]  ds 1
------     1 [--]               [00]  .stabs "PHDCR:S14",40,0,0,_PHDCR
------     1 [--]               [00]  .align 1
------     1 [--]               [00]  _P6CR:
------     1 [--]               [00]  .SYMDEF "_P6CR" IO:0,6,LEN:1
000020r    1 [--]  xx           [00]  ds 1
------     1 [--]               [00]  .stabs "P6CR:S14",40,0,0,_P6CR
------     1 [--]               [00]  .align 1
------     1 [--]               [00]  _P5CR:
------     1 [--]               [00]  .SYMDEF "_P5CR" IO:0,5,LEN:1
000021r    1 [--]  xx           [00]  ds 1
------     1 [--]               [00]  .stabs "P5CR:S14",40,0,0,_P5CR
------     1 [--]               [00]  .align 1
------     1 [--]               [00]  _ISR:
------     1 [--]               [00]  .SYMDEF "_ISR" REG:0,15,LEN:1
000022r    1 [--]  xx           [00]  ds 1
------     1 [--]               [00]  .stabs "ISR:S14",40,0,0,_ISR
------     1 [--]               [00]  .align 1
------     1 [--]               [00]  _CPUCON:
------     1 [--]               [00]  .SYMDEF "_CPUCON" REG:0,14,LEN:1
000023r    1 [--]  xx           [00]  ds 1
------     1 [--]               [00]  .stabs "CPUCON:S14",40,0,0,_CPUCON
------     1 [--]               [00]  .align 1
------     1 [--]               [00]  _ICIECR:
------     1 [--]               [00]  .SYMDEF "_ICIECR" REG:0,13,LEN:1
000024r    1 [--]  xx           [00]  ds 1
------     1 [--]               [00]  .stabs "ICIECR:S14",40,0,0,_ICIECR
------     1 [--]               [00]  .align 1
------     1 [--]               [00]  _PDC3:
------     1 [--]               [00]  .SYMDEF "_PDC3" REG:0,12,LEN:1
000025r    1 [--]  xx           [00]  ds 1
------     1 [--]               [00]  .stabs "PDC3:S14",40,0,0,_PDC3
------     1 [--]               [00]  .align 1
------     1 [--]               [00]  _PDC2:
------     1 [--]               [00]  .SYMDEF "_PDC2" REG:0,11,LEN:1
000026r    1 [--]  xx           [00]  ds 1
------     1 [--]               [00]  .stabs "PDC2:S14",40,0,0,_PDC2
------     1 [--]               [00]  .align 1
------     1 [--]               [00]  _PDC1:
------     1 [--]               [00]  .SYMDEF "_PDC1" REG:0,10,LEN:1
000027r    1 [--]  xx           [00]  ds 1
------     1 [--]               [00]  .stabs "PDC1:S14",40,0,0,_PDC1
------     1 [--]               [00]  .align 1
------     1 [--]               [00]  _PRD:
------     1 [--]               [00]  .SYMDEF "_PRD" REG:0,9,LEN:1
000028r    1 [--]  xx           [00]  ds 1
------     1 [--]               [00]  .stabs "PRD:S14",40,0,0,_PRD
------     1 [--]               [00]  .align 1
------     1 [--]               [00]  _PWMCON:
------     1 [--]               [00]  .SYMDEF "_PWMCON" REG:0,8,LEN:1
000029r    1 [--]  xx           [00]  ds 1
------     1 [--]               [00]  .stabs "PWMCON:S14",40,0,0,_PWMCON
------     1 [--]               [00]  .align 1
------     1 [--]               [00]  _LVDCON:
------     1 [--]               [00]  .SYMDEF "_LVDCON" REG:0,7,LEN:1
00002Ar    1 [--]  xx           [00]  ds 1
------     1 [--]               [00]  .stabs "LVDCON:S14",40,0,0,_LVDCON
------     1 [--]               [00]  .align 1
------     1 [--]               [00]  _PORT6:
------     1 [--]               [00]  .SYMDEF "_PORT6" REG:0,6,LEN:1
00002Br    1 [--]  xx           [00]  ds 1
------     1 [--]               [00]  .stabs "PORT6:S14",40,0,0,_PORT6
------     1 [--]               [00]  .align 1
------     1 [--]               [00]  _PORT5:
------     1 [--]               [00]  .SYMDEF "_PORT5" REG:0,5,LEN:1
00002Cr    1 [--]  xx           [00]  ds 1
------     1 [--]               [00]  .stabs "PORT5:S14",40,0,0,_PORT5
------     1 [--]               [00]  .align 1
------     1 [--]               [00]  _RSR:
------     1 [--]               [00]  .SYMDEF "_RSR" REG:0,4,LEN:1
00002Dr    1 [--]  xx           [00]  ds 1
------     1 [--]               [00]  .stabs "RSR:S14",40,0,0,_RSR
------     1 [--]               [00]  .align 1
------     1 [--]               [00]  _STATUS:
------     1 [--]               [00]  .SYMDEF "_STATUS" REG:0,3,LEN:1
00002Er    1 [--]  xx           [00]  ds 1
------     1 [--]               [00]  .stabs "STATUS:S14",40,0,0,_STATUS
------     1 [--]               [00]  .align 1
------     1 [--]               [00]  _PC:
------     1 [--]               [00]  .SYMDEF "_PC" REG:0,2,LEN:1
00002Fr    1 [--]  xx           [00]  ds 1
------     1 [--]               [00]  .stabs "PC:S14",40,0,0,_PC
------     1 [--]               [00]  .align 1
------     1 [--]               [00]  _TCC:
------     1 [--]               [00]  .SYMDEF "_TCC" REG:0,1,LEN:1
000030r    1 [--]  xx           [00]  ds 1
------     1 [--]               [00]  .stabs "TCC:S14",40,0,0,_TCC
------     1 [--]               [00]  .align 1
------     1 [--]               [00]  _R0:
------     1 [--]               [00]  .SYMDEF "_R0" REG:0,0,LEN:1
000031r    1 [--]  xx           [00]  ds 1
------     1 [--]               [00]  .stabs "R0:S14",40,0,0,_R0
------     1 [--]               [00]  .stabs "u16t:t13",128,0,0,0
------     1 [--]               [00]  .stabs "u8t:t10",128,0,0,0
------     1 [--]               [00]  .section ".code"
------     1 [--]               [00]  end
------     1 [--]               [00]  

	** End of list file C:\mcuproject\xj\fan0919\fan.lst **