ias78II.exe v2.0.100.101b - The macro assembler for EM78 series.
Copyright (C) ELAN Microelectronic Corp. 2003-2008. All rights reserved.
Main file : main.s

File list:
   1 ----  C:\mcuproject\xj\太阳能大花\main.s
   2 ----  C:\Program Files (x86)\ELAN\eUIDE\Bin\Include\sysdefii.inc


The format of a listing line is:
  XXXXXXm FFFF [TT]  11 22 33 44  [DD]  Source code
Where:
  XXXXXX   is the PC
  m        is the mode ('r' or empty)
  FFFF     is the file name
  [TT]     is the CPU clock
  11 ..    are code or data bytes
  [DD]     depth of IFDEF and ENDIF (The depth or empty)


------     1 [--]               [00]  .autoimport
------     1 [--]               [00]  EM78P153B EQU 1
------     1 [--]               [00]  _SIMPLE_RSR_ EQU 1
------     1 [--]               [00]  .include "sysdefii.inc"
------     2 [--]               [00]  
------     1 [--]               [00]  ccounter equ pr1
------     1 [--]               [00]  .stabs "icc_compiled.",60,0,0,0
------     1 [--]               [00]  .stabs "C:\mcuproject\xj\太阳能大花\main.c",100,0,3,0
------     1 [--]               [00]  .stabs "int:t1=r1;-128;127;",128,0,0,0
------     1 [--]               [00]  .stabs "char:t2=r2;-128;127;",128,0,0,0
------     1 [--]               [00]  .stabs "double:t3=r1;3;0;",128,0,0,0
------     1 [--]               [00]  .stabs "float:t4=r1;3;0;",128,0,0,0
------     1 [--]               [00]  .stabs "long double:t5=r1;3;0;",128,0,0,0
------     1 [--]               [00]  .stabs "long:t6=r1;-2147483648;2147483647;",128,0,0,0
------     1 [--]               [00]  .stabs "long long:t7=r1;-2147483648;2147483647;",128,0,0,0
------     1 [--]               [00]  .stabs "short:t8=r1;-32768;32767;",128,0,0,0
------     1 [--]               [00]  .stabs "signed char:t9=r1;-128;127;",128,0,0,0
------     1 [--]               [00]  .stabs "unsigned char:t10=r1;0;255;",128,0,0,0
------     1 [--]               [00]  .stabs "unsigned long:t11=r1;0;4294967295;",128,0,0,0
------     1 [--]               [00]  .stabs "unsigned long long:t12=r1;0;4294967295;",128,0,0,0
------     1 [--]               [00]  .stabs "unsigned short:t13=r1;0;65535;",128,0,0,0
------     1 [--]               [00]  .stabs "unsigned int:t14=r1;0;255;",128,0,0,0
------     1 [--]               [00]  .stabs "void:t15=15",128,0,0,0
------     1 [--]               [00]  .stabs "bit:t16=r16;0;1;",128,0,0,0
------     1 [--]               [00]  .section ".data"
------     1 [--]               [00]  public _intCount
------     1 [--]               [00]  .align 1
------     1 [--]               [00]  _intCount:
------     1 [--]               [00]  .SYMDEF "_intCount" LEN:1
000000r    1 [--]  00 00        [00]  db 0x0
------     1 [--]               [00]  .stabs "intCount:G10",32,0,0,_intCount
------     1 [--]               [00]  public _lvdFlag
------     1 [--]               [00]  .align 1
------     1 [--]               [00]  _lvdFlag:
------     1 [--]               [00]  .SYMDEF "_lvdFlag" LEN:1
000002r    1 [--]  -- --        [00]  db 0x0
------     1 [--]               [00]  .stabs "lvdFlag:G10",32,0,0,_lvdFlag
------     1 [--]               [00]  public _timeCount
------     1 [--]               [00]  .align 1
------     1 [--]               [00]  _timeCount:
------     1 [--]               [00]  .SYMDEF "_timeCount" LEN:1
000004r    1 [--]  00 00        [00]  db 0x0
------     1 [--]               [00]  .stabs "timeCount:G10",32,0,0,_timeCount
------     1 [--]               [00]  public _timeStep
------     1 [--]               [00]  .align 1
------     1 [--]               [00]  _timeStep:
------     1 [--]               [00]  .SYMDEF "_timeStep" LEN:1
000006r    1 [--]  -- --        [00]  db 0x0
------     1 [--]               [00]  .stabs "timeStep:G10",32,0,0,_timeStep
------     1 [--]               [00]  public _count7s
------     1 [--]               [00]  .align 1
------     1 [--]               [00]  _count7s:
------     1 [--]               [00]  .SYMDEF "_count7s" LEN:1
000008r    1 [--]  BC 00        [00]  db 0xbc
------     1 [--]               [00]  .stabs "count7s:G14",32,0,0,_count7s
------     1 [--]               [00]  public _lvdCount
------     1 [--]               [00]  .align 1
------     1 [--]               [00]  _lvdCount:
------     1 [--]               [00]  .SYMDEF "_lvdCount" LEN:1
00000Ar    1 [--]  -- --        [00]  db 0x0
------     1 [--]               [00]  .stabs "lvdCount:G10",32,0,0,_lvdCount
------     1 [--]               [00]  public _main
------     1 [--]               [00]  public main_bp
------     1 [--]               [00]  .section ".code"
------     1 [--]               [00]  .stabs "main:F15",36,0,0,_main
------     1 [--]               [00]  .section ".S0",C_CODE
------     1 [--]               [00]  .SYMDEF ".S0" 
------     1 [--]               [00]  _main:
------     1 [--]               [00]  .SYMDEF "_main" 
------     1 [--]               [00]  .stabs "i:14",128,0,0,main_bp-1
------     1 [--]               [00]  .stabn 192,0,0,L10
------     1 [--]               [00]  L10:
------     1 [--]               [00]  .stabn 68,0,31,L12
------     1 [--]               [00]  L12:
------     1 [--]               [00]  .stabn 68,0,35,L13
------     1 [--]               [00]  L13:
------     1 [--]               [00]  .cfile "C:\mcuproject\xj\太阳能大花\main.c(35):"
000000r    1 [01]  04 00        [00]  wdtc
------     1 [--]               [00]  .stabn 68,0,35,L14
------     1 [--]               [00]  L14:
------     1 [--]               [00]  .stabn 68,0,36,L15
------     1 [--]               [00]  L15:
------     1 [--]               [00]  .cfile "C:\mcuproject\xj\太阳能大花\main.c(36):"
000001r    1 [01]  11 00        [00]  disi
------     1 [--]               [00]  .stabn 68,0,36,L16
------     1 [--]               [00]  L16:
------     1 [--]               [00]  .stabn 68,0,37,L17
------     1 [--]               [00]  L17:
000002r    1 [01]  80 18        [00]  mov a,@128
000003r    1 [01]  00 00 r      [00]  STA _WDTCR,0,2
------     1 [--]               [00]  .stabn 68,0,39,L18
------     1 [--]               [00]  L18:
000004r    1 [01]  00 10 r      [00]  call _IO_Init
------     1 [--]               [00]  .stabn 68,0,40,L19
------     1 [--]               [00]  L19:
000005r    1 [01]  CE 18        [00]  mov a,@206
000006r    1 [01]  40 00 r      [00]  STA _TCC,0,0
------     1 [--]               [00]  .stabn 68,0,41,L20
------     1 [--]               [00]  L20:
000007r    1 [01]  C0 00 r      [00]  clr _ISR
------     1 [--]               [00]  .stabn 68,0,42,L21
------     1 [--]               [00]  L21:
000008r    1 [01]  01 18        [00]  mov a,@1
000009r    1 [01]  00 00 r      [00]  STA _IMR,0,2
------     1 [--]               [00]  .stabn 68,0,43,L22
------     1 [--]               [00]  L22:
------     1 [--]               [00]  .cfile "C:\mcuproject\xj\太阳能大花\main.c(43):"
00000Ar    1 [01]  10 00        [00]  eni
------     1 [--]               [00]  .stabn 68,0,43,L23
------     1 [--]               [00]  L23:
------     1 [--]               [00]  .stabn 68,0,46,L24
------     1 [--]               [00]  L24:
------     1 [--]               [00]  L$2:
------     1 [--]               [00]  .stabn 192,0,1,L25
------     1 [--]               [00]  L25:
------     1 [--]               [00]  .stabn 68,0,47,L26
------     1 [--]               [00]  L26:
------     1 [--]               [00]  .stabn 68,0,48,L27
------     1 [--]               [00]  L27:
------     1 [--]               [00]  .cfile "C:\mcuproject\xj\太阳能大花\main.c(48):"
00000Br    1 [01]  04 00        [00]  wdtc
------     1 [--]               [00]  .stabn 68,0,48,L28
------     1 [--]               [00]  L28:
------     1 [--]               [00]  .stabn 68,0,49,L29
------     1 [--]               [00]  L29:
00000Cr    1 [01]  00 0C r      [00]  jbc _IntFlag,0
00000Dr    1 [01]  00 14 r      [00]  EXTJMP @L$6
------     1 [--]               [00]  .stabn 68,0,50,L30
------     1 [--]               [00]  L30:
00000Er    1 [01]  00 14 r      [00]  jmp @L$2
------     1 [--]               [00]  L$6:
------     1 [--]               [00]  .stabn 68,0,51,L31
------     1 [--]               [00]  L31:
00000Fr    1 [01]  00 08 r      [00]  bc _IntFlag,0
------     1 [--]               [00]  .stabn 68,0,52,L32
------     1 [--]               [00]  L32:
000010r    1 [01]  C0 00 r      [00]  clr _lvdFlag
------     1 [--]               [00]  .stabn 68,0,54,L33
------     1 [--]               [00]  L33:
000011r    1 [01]  40 04 r      [00]  EQNEPRIB _lvdFlag,0
000012r    1 [01]  83 0C        [00]  jbc STATUS,zf
000013r    1 [01]  00 14 r      [00]  EXTJMP @L$8
------     1 [--]               [00]  .stabn 192,0,2,L34
------     1 [--]               [00]  L34:
------     1 [--]               [00]  .stabn 68,0,55,L35
------     1 [--]               [00]  L35:
------     1 [--]               [00]  .stabn 68,0,56,L36
------     1 [--]               [00]  L36:
000014r    1 [01]  00 10 r      [00]  call _gotoSleep
------     1 [--]               [00]  .stabn 68,0,57,L37
------     1 [--]               [00]  L37:
------     1 [--]               [00]  .stabn 224,0,2,L38
------     1 [--]               [00]  L38:
000015r    1 [01]  00 14 r      [00]  jmp @L$2
------     1 [--]               [00]  L$8:
------     1 [--]               [00]  .stabn 192,0,2,L39
------     1 [--]               [00]  L39:
------     1 [--]               [00]  .stabn 68,0,59,L40
------     1 [--]               [00]  L40:
------     1 [--]               [00]  .stabn 68,0,60,L41
------     1 [--]               [00]  L41:
000016r    1 [01]  00 10 r      [00]  call _workCtr
------     1 [--]               [00]  .stabn 68,0,61,L42
------     1 [--]               [00]  L42:
------     1 [--]               [00]  .stabn 224,0,2,L43
------     1 [--]               [00]  L43:
------     1 [--]               [00]  .stabn 68,0,64,L44
------     1 [--]               [00]  L44:
------     1 [--]               [00]  .stabn 224,0,1,L45
------     1 [--]               [00]  L45:
------     1 [--]               [00]  .stabn 68,0,46,L46
------     1 [--]               [00]  L46:
------     1 [--]               [00]  .stabn 68,0,46,L47
------     1 [--]               [00]  L47:
000017r    1 [01]  00 14 r      [00]  jmp @L$2
------     1 [--]               [00]  .stabn 68,0,66,L48
------     1 [--]               [00]  L48:
------     1 [--]               [00]  .stabn 224,0,0,L49
------     1 [--]               [00]  L49:
------     1 [--]               [00]  L$1:
000018r    1 [01]  12 00        [00]  ret
------     1 [--]               [00]  .STACK main_bp,local,1
------     1 [--]               [00]  public _workCtr
------     1 [--]               [00]  public workCtr_bp
------     1 [--]               [00]  .stabs "workCtr:F15",36,0,0,_workCtr
------     1 [--]               [00]  .section ".S1",C_CODE
------     1 [--]               [00]  .SYMDEF ".S1" 
------     1 [--]               [00]  _workCtr:
------     1 [--]               [00]  .SYMDEF "_workCtr" 
000000r    1 [01]  00 04 r      [00]  mov a,ecx
000001r    1 [01]  7C 00 r      [00]  mov workCtr_bp-4,a
000002r    1 [01]  01 04 r      [00]  mov a,ecx+1
000003r    1 [01]  7D 00 r      [00]  mov workCtr_bp-3,a
000004r    1 [01]  02 04 r      [00]  mov a,ecx+2
000005r    1 [01]  7E 00 r      [00]  mov workCtr_bp-2,a
000006r    1 [01]  03 04 r      [00]  mov a,ecx+3
000007r    1 [01]  7F 00 r      [00]  mov workCtr_bp-1,a
------     1 [--]               [00]  .stabn 192,0,0,L65
------     1 [--]               [00]  L65:
------     1 [--]               [00]  .stabn 68,0,69,L66
------     1 [--]               [00]  L66:
------     1 [--]               [00]  .stabn 68,0,70,L67
------     1 [--]               [00]  L67:
000008r    1 [01]  00 04 r      [00]  LDA _PORT6,0,0
000009r    1 [--]  -- --        [00]  mov ecx,a
00000Ar    1 [01]  02 1A        [00]  mov a,@2
00000Br    1 [--]  -- --        [00]  and ecx,a
00000Cr    1 [--]  -- --        [00]  EQNEPRIB ecx,0
00000Dr    1 [01]  83 0C        [00]  jbc STATUS,zf
00000Er    1 [01]  00 14 r      [00]  EXTJMP @L$51
------     1 [--]               [00]  .stabn 192,0,1,L68
------     1 [--]               [00]  L68:
------     1 [--]               [00]  .stabn 68,0,71,L69
------     1 [--]               [00]  L69:
------     1 [--]               [00]  .stabn 68,0,73,L70
------     1 [--]               [00]  L70:
00000Fr    1 [01]  40 05 r      [00]  LDA _timeCount,0,0
000010r    1 [--]  -- --        [00]  mov ecx,a
000011r    1 [--]  -- --        [00]  mov a,@1
000012r    1 [--]  -- --        [00]  add ecx,a
000013r    1 [01]  00 04 r      [00]  mov a,ecx
000014r    1 [--]  -- --        [00]  STA _timeCount,0,0
000015r    1 [--]  -- --        [00]  UGTRIB ecx,0xc8
           1 [01]  C8 1D        [00]  
000017r    1 [01]  03 0C        [00]  jbc STATUS, cf
000018r    1 [01]  00 14 r      [00]  EXTJMP L$53
------     1 [--]               [00]  .stabn 192,0,2,L71
------     1 [--]               [00]  L71:
------     1 [--]               [00]  .stabn 68,0,74,L72
------     1 [--]               [00]  L72:
------     1 [--]               [00]  .stabn 68,0,75,L73
------     1 [--]               [00]  L73:
000019r    1 [01]  40 04 r      [00]  EQNEPRIB _timeStep,0
00001Ar    1 [01]  83 0E        [00]  jbs STATUS,zf
00001Br    1 [01]  00 14 r      [00]  EXTJMP @L$55
------     1 [--]               [00]  .stabn 192,0,3,L74
------     1 [--]               [00]  L74:
------     1 [--]               [00]  .stabn 68,0,76,L75
------     1 [--]               [00]  L75:
------     1 [--]               [00]  .stabn 68,0,77,L76
------     1 [--]               [00]  L76:
00001Cr    1 [01]  BC 18        [00]  mov a,@.b0.700
00001Dr    1 [01]  40 00 r      [00]  mov ecx,a
00001Er    1 [01]  02 18        [00]  mov a,@.b1.700
00001Fr    1 [01]  41 00 r      [00]  mov ecx+1,a
000020r    1 [01]  00 04 r      [00]  mov a,ecx
000021r    1 [01]  40 00 r      [00]  STA _count7s,0,0
------     1 [--]               [00]  .stabn 68,0,78,L77
------     1 [--]               [00]  L77:
------     1 [--]               [00]  .stabn 224,0,3,L78
------     1 [--]               [00]  L78:
------     1 [--]               [00]  L$55:
------     1 [--]               [00]  .stabn 68,0,79,L79
------     1 [--]               [00]  L79:
000022r    1 [01]  01 18        [00]  mov a,@1
000023r    1 [01]  40 00 r      [00]  STA _timeStep,0,0
------     1 [--]               [00]  .stabn 68,0,80,L80
------     1 [--]               [00]  L80:
000024r    1 [01]  C8 18        [00]  mov a,@200
000025r    1 [01]  40 00 r      [00]  STA _timeCount,0,0
------     1 [--]               [00]  .stabn 68,0,81,L81
------     1 [--]               [00]  L81:
------     1 [--]               [00]  .stabn 224,0,2,L82
------     1 [--]               [00]  L82:
000026r    1 [01]  00 14 r      [00]  jmp @L$52
------     1 [--]               [00]  L$53:
------     1 [--]               [00]  .stabn 192,0,2,L83
------     1 [--]               [00]  L83:
------     1 [--]               [00]  .stabn 68,0,83,L84
------     1 [--]               [00]  L84:
------     1 [--]               [00]  .stabn 68,0,84,L85
------     1 [--]               [00]  L85:
000027r    1 [--]  -- --        [00]  LDA _PORT6,0,0
000028r    1 [01]  EF 18        [00]  and a,@239
000029r    1 [01]  C0 02 r      [00]  STA _PORT6,0,0
------     1 [--]               [00]  .stabn 68,0,85,L86
------     1 [--]               [00]  L86:
00002Ar    1 [01]  00 14 r      [00]  jmp @L$50
------     1 [--]               [00]  .stabn 68,0,86,L87
------     1 [--]               [00]  L87:
------     1 [--]               [00]  .stabn 224,0,2,L88
------     1 [--]               [00]  L88:
------     1 [--]               [00]  .stabn 68,0,87,L89
------     1 [--]               [00]  L89:
------     1 [--]               [00]  .stabn 224,0,1,L90
------     1 [--]               [00]  L90:
------     1 [--]               [00]  L$51:
------     1 [--]               [00]  .stabn 192,0,1,L91
------     1 [--]               [00]  L91:
------     1 [--]               [00]  .stabn 68,0,89,L92
------     1 [--]               [00]  L92:
------     1 [--]               [00]  .stabn 68,0,91,L93
------     1 [--]               [00]  L93:
00002Br    1 [01]  00 04 r      [00]  EQNEPRIB _timeStep,1
           1 [01]  01 1B r      [00]  
00002Dr    1 [01]  83 0E        [00]  jbs STATUS,zf
00002Er    1 [01]  00 14 r      [00]  EXTJMP @L$57
------     1 [--]               [00]  .stabn 192,0,2,L94
------     1 [--]               [00]  L94:
------     1 [--]               [00]  .stabn 68,0,92,L95
------     1 [--]               [00]  L95:
------     1 [--]               [00]  .stabn 68,0,93,L96
------     1 [--]               [00]  L96:
00002Fr    1 [01]  BC 18        [00]  mov a,@.b0.700
000030r    1 [01]  40 00 r      [00]  mov ecx,a
000031r    1 [01]  02 18        [00]  mov a,@.b1.700
000032r    1 [01]  41 00 r      [00]  mov ecx+1,a
000033r    1 [01]  00 04 r      [00]  mov a,ecx
000034r    1 [01]  40 00 r      [00]  STA _count7s,0,0
------     1 [--]               [00]  .stabn 68,0,94,L97
------     1 [--]               [00]  L97:
------     1 [--]               [00]  .stabn 224,0,2,L98
------     1 [--]               [00]  L98:
------     1 [--]               [00]  L$57:
------     1 [--]               [00]  .stabn 68,0,95,L99
------     1 [--]               [00]  L99:
000035r    1 [01]  C0 00 r      [00]  clr _timeStep
------     1 [--]               [00]  .stabn 68,0,96,L100
------     1 [--]               [00]  L100:
000036r    1 [01]  C0 00 r      [00]  clr _timeCount
------     1 [--]               [00]  .stabn 68,0,97,L101
------     1 [--]               [00]  L101:
------     1 [--]               [00]  .stabn 224,0,1,L102
------     1 [--]               [00]  L102:
------     1 [--]               [00]  L$52:
------     1 [--]               [00]  .stabn 68,0,99,L103
------     1 [--]               [00]  L103:
000037r    1 [01]  40 04 r      [00]  EQNEPRIB _timeStep,0
000038r    1 [01]  83 0C        [00]  jbc STATUS,zf
000039r    1 [01]  00 14 r      [00]  EXTJMP @L$59
------     1 [--]               [00]  .stabn 192,0,1,L104
------     1 [--]               [00]  L104:
------     1 [--]               [00]  .stabn 68,0,100,L105
------     1 [--]               [00]  L105:
------     1 [--]               [00]  .stabn 68,0,101,L106
------     1 [--]               [00]  L106:
00003Ar    1 [01]  40 04 r      [00]  EQNEPRIB _count7s,0
00003Br    1 [01]  83 0C        [00]  jbc STATUS, zf
00003Cr    1 [01]  00 14 r      [00]  EXTJMP L$61
------     1 [--]               [00]  .stabn 192,0,2,L107
------     1 [--]               [00]  L107:
------     1 [--]               [00]  .stabn 68,0,102,L108
------     1 [--]               [00]  L108:
------     1 [--]               [00]  .stabn 68,0,103,L109
------     1 [--]               [00]  L109:
00003Dr    1 [01]  C0 01 r      [00]  DECMB _count7s,0
------     1 [--]               [00]  .stabn 68,0,104,L110
------     1 [--]               [00]  L110:
00003Er    1 [--]  -- --        [00]  LDA _PORT6,0,0
00003Fr    1 [01]  20 18        [00]  or a,@32
000040r    1 [01]  40 02 r      [00]  STA _PORT6,0,0
------     1 [--]               [00]  .stabn 68,0,105,L111
------     1 [--]               [00]  L111:
------     1 [--]               [00]  .stabn 224,0,2,L112
------     1 [--]               [00]  L112:
000041r    1 [01]  00 14 r      [00]  jmp @L$62
------     1 [--]               [00]  L$61:
------     1 [--]               [00]  .stabn 192,0,2,L113
------     1 [--]               [00]  L113:
------     1 [--]               [00]  .stabn 68,0,107,L114
------     1 [--]               [00]  L114:
------     1 [--]               [00]  .stabn 68,0,108,L115
------     1 [--]               [00]  L115:
000042r    1 [--]  -- --        [00]  LDA _PORT6,0,0
000043r    1 [01]  DF 18        [00]  and a,@223
000044r    1 [01]  C0 02 r      [00]  STA _PORT6,0,0
------     1 [--]               [00]  .stabn 68,0,109,L116
------     1 [--]               [00]  L116:
------     1 [--]               [00]  .stabn 224,0,2,L117
------     1 [--]               [00]  L117:
------     1 [--]               [00]  L$62:
------     1 [--]               [00]  .stabn 68,0,110,L118
------     1 [--]               [00]  L118:
000045r    1 [--]  -- --        [00]  LDA _PORT6,0,0
000046r    1 [01]  04 18        [00]  or a,@4
000047r    1 [01]  40 02 r      [00]  STA _PORT6,0,0
------     1 [--]               [00]  .stabn 68,0,111,L119
------     1 [--]               [00]  L119:
000048r    1 [--]  -- --        [00]  LDA _PORT6,0,0
000049r    1 [01]  EF 18        [00]  and a,@239
00004Ar    1 [01]  C0 02 r      [00]  STA _PORT6,0,0
------     1 [--]               [00]  .stabn 68,0,112,L120
------     1 [--]               [00]  L120:
------     1 [--]               [00]  .stabn 224,0,1,L121
------     1 [--]               [00]  L121:
00004Br    1 [01]  00 14 r      [00]  jmp @L$60
------     1 [--]               [00]  L$59:
------     1 [--]               [00]  .stabn 192,0,1,L122
------     1 [--]               [00]  L122:
------     1 [--]               [00]  .stabn 68,0,114,L123
------     1 [--]               [00]  L123:
------     1 [--]               [00]  .stabn 68,0,115,L124
------     1 [--]               [00]  L124:
00004Cr    1 [01]  40 04 r      [00]  EQNEPRIB _count7s,0
00004Dr    1 [01]  83 0C        [00]  jbc STATUS, zf
00004Er    1 [01]  00 14 r      [00]  EXTJMP L$63
------     1 [--]               [00]  .stabn 192,0,2,L125
------     1 [--]               [00]  L125:
------     1 [--]               [00]  .stabn 68,0,116,L126
------     1 [--]               [00]  L126:
------     1 [--]               [00]  .stabn 68,0,117,L127
------     1 [--]               [00]  L127:
00004Fr    1 [01]  C0 01 r      [00]  DECMB _count7s,0
------     1 [--]               [00]  .stabn 68,0,118,L128
------     1 [--]               [00]  L128:
000050r    1 [--]  -- --        [00]  LDA _PORT6,0,0
000051r    1 [01]  10 18        [00]  or a,@16
000052r    1 [01]  40 02 r      [00]  STA _PORT6,0,0
------     1 [--]               [00]  .stabn 68,0,119,L129
------     1 [--]               [00]  L129:
------     1 [--]               [00]  .stabn 224,0,2,L130
------     1 [--]               [00]  L130:
000053r    1 [01]  00 14 r      [00]  jmp @L$64
------     1 [--]               [00]  L$63:
------     1 [--]               [00]  .stabn 192,0,2,L131
------     1 [--]               [00]  L131:
------     1 [--]               [00]  .stabn 68,0,121,L132
------     1 [--]               [00]  L132:
------     1 [--]               [00]  .stabn 68,0,122,L133
------     1 [--]               [00]  L133:
000054r    1 [--]  -- --        [00]  LDA _PORT6,0,0
000055r    1 [01]  EF 18        [00]  and a,@239
000056r    1 [01]  C0 02 r      [00]  STA _PORT6,0,0
------     1 [--]               [00]  .stabn 68,0,124,L134
------     1 [--]               [00]  L134:
000057r    1 [01]  00 10 r      [00]  call _gotoSleep
------     1 [--]               [00]  .stabn 68,0,125,L135
------     1 [--]               [00]  L135:
------     1 [--]               [00]  .stabn 224,0,2,L136
------     1 [--]               [00]  L136:
------     1 [--]               [00]  L$64:
------     1 [--]               [00]  .stabn 68,0,126,L137
------     1 [--]               [00]  L137:
000058r    1 [--]  -- --        [00]  LDA _PORT6,0,0
000059r    1 [01]  DB 18        [00]  and a,@219
00005Ar    1 [01]  C0 02 r      [00]  STA _PORT6,0,0
------     1 [--]               [00]  .stabn 68,0,127,L138
------     1 [--]               [00]  L138:
------     1 [--]               [00]  .stabn 224,0,1,L139
------     1 [--]               [00]  L139:
------     1 [--]               [00]  L$60:
------     1 [--]               [00]  .stabn 68,0,128,L140
------     1 [--]               [00]  L140:
------     1 [--]               [00]  .stabn 224,0,0,L141
------     1 [--]               [00]  L141:
------     1 [--]               [00]  L$50:
00005Br    1 [01]  3C 04 r      [00]  mov a,workCtr_bp-4
00005Cr    1 [01]  40 00 r      [00]  mov ecx,a
00005Dr    1 [01]  3D 04 r      [00]  mov a,workCtr_bp-3
00005Er    1 [01]  41 00 r      [00]  mov ecx+1,a
00005Fr    1 [01]  3E 04 r      [00]  mov a,workCtr_bp-2
000060r    1 [01]  42 00 r      [00]  mov ecx+2,a
000061r    1 [01]  3F 04 r      [00]  mov a,workCtr_bp-1
000062r    1 [01]  43 00 r      [00]  mov ecx+3,a
000063r    1 [01]  12 00        [00]  ret
------     1 [--]               [00]  .STACK workCtr_bp,local,4
------     1 [--]               [00]  public _checkLVD
------     1 [--]               [00]  public checkLVD_bp
------     1 [--]               [00]  .stabs "checkLVD:F15",36,0,0,_checkLVD
------     1 [--]               [00]  .section ".S2",C_CODE
------     1 [--]               [00]  .SYMDEF ".S2" 
------     1 [--]               [00]  _checkLVD:
------     1 [--]               [00]  .SYMDEF "_checkLVD" 
000000r    1 [01]  00 04 r      [00]  mov a,ecx
000001r    1 [01]  7C 00 r      [00]  mov checkLVD_bp-4,a
000002r    1 [01]  01 04 r      [00]  mov a,ecx+1
000003r    1 [01]  7D 00 r      [00]  mov checkLVD_bp-3,a
000004r    1 [01]  02 04 r      [00]  mov a,ecx+2
000005r    1 [01]  7E 00 r      [00]  mov checkLVD_bp-2,a
000006r    1 [01]  03 04 r      [00]  mov a,ecx+3
000007r    1 [01]  7F 00 r      [00]  mov checkLVD_bp-1,a
------     1 [--]               [00]  .stabn 192,0,0,L147
------     1 [--]               [00]  L147:
------     1 [--]               [00]  .stabn 68,0,132,L148
------     1 [--]               [00]  L148:
------     1 [--]               [00]  .stabn 68,0,133,L149
------     1 [--]               [00]  L149:
000008r    1 [01]  88 18        [00]  mov a,@136
000009r    1 [01]  40 00 r      [00]  STA _LVDCON,0,0
------     1 [--]               [00]  .stabn 68,0,134,L150
------     1 [--]               [00]  L150:
00000Ar    1 [01]  50 18        [00]  mov a,@80
00000Br    1 [01]  40 00 r      [00]  mov delay_bp+0,a
------     1 [--]               [00]  .STACK delay_bp,parameter,1
00000Cr    1 [01]  00 10 r      [00]  call _delay
------     1 [--]               [00]  .stabn 68,0,136,L151
------     1 [--]               [00]  L151:
00000Dr    1 [01]  00 04 r      [00]  LDA _LVDCON,0,0
00000Er    1 [01]  40 00 r      [00]  mov ecx,a
00000Fr    1 [01]  40 07 r      [00]  RSHUMIB ecx,6,0
           1 [01]  40 06 r      [00]  
           1 [01]  00 06 r      [00]  
           1 [01]  03 1A r      [00]  
           1 [01]  40 00 r      [00]  
000014r    1 [01]  01 18        [00]  mov a,@1
000015r    1 [01]  C0 02 r      [00]  and ecx,a
000016r    1 [01]  40 04 r      [00]  EQNEPRIB ecx,0
000017r    1 [01]  83 0C        [00]  jbc STATUS,zf
000018r    1 [01]  00 14 r      [00]  EXTJMP @L$143
------     1 [--]               [00]  .stabn 192,0,1,L152
------     1 [--]               [00]  L152:
------     1 [--]               [00]  .stabn 68,0,137,L153
------     1 [--]               [00]  L153:
------     1 [--]               [00]  .stabn 68,0,139,L154
------     1 [--]               [00]  L154:
000019r    1 [01]  40 04 r      [00]  EQNEPRIB _lvdFlag,0
00001Ar    1 [01]  83 0E        [00]  jbs STATUS,zf
00001Br    1 [01]  00 14 r      [00]  EXTJMP @L$144
00001Cr    1 [01]  40 05 r      [00]  LDA _lvdCount,0,0
00001Dr    1 [--]  -- --        [00]  mov ecx,a
00001Er    1 [--]  -- --        [00]  mov a,@1
00001Fr    1 [--]  -- --        [00]  add ecx,a
000020r    1 [--]  -- --        [00]  mov a,ecx
000021r    1 [--]  -- --        [00]  STA _lvdCount,0,0
000022r    1 [01]  C8 18 r      [00]  ULTRIB ecx,0xc8
           1 [01]  00 01 r      [00]  
000024r    1 [01]  03 0E        [00]  jbs STATUS, cf
000025r    1 [01]  00 14 r      [00]  EXTJMP L$144
------     1 [--]               [00]  .stabn 192,0,2,L155
------     1 [--]               [00]  L155:
------     1 [--]               [00]  .stabn 68,0,140,L156
------     1 [--]               [00]  L156:
------     1 [--]               [00]  .stabn 68,0,141,L157
------     1 [--]               [00]  L157:
000026r    1 [01]  01 18        [00]  mov a,@1
000027r    1 [01]  40 00 r      [00]  STA _lvdFlag,0,0
------     1 [--]               [00]  .stabn 68,0,142,L158
------     1 [--]               [00]  L158:
000028r    1 [01]  C0 00 r      [00]  clr _lvdCount
------     1 [--]               [00]  .stabn 68,0,143,L159
------     1 [--]               [00]  L159:
------     1 [--]               [00]  .stabn 224,0,2,L160
------     1 [--]               [00]  L160:
------     1 [--]               [00]  .stabn 68,0,144,L161
------     1 [--]               [00]  L161:
------     1 [--]               [00]  .stabn 224,0,1,L162
------     1 [--]               [00]  L162:
000029r    1 [01]  00 14 r      [00]  jmp @L$144
------     1 [--]               [00]  L$143:
------     1 [--]               [00]  .stabn 192,0,1,L163
------     1 [--]               [00]  L163:
------     1 [--]               [00]  .stabn 68,0,146,L164
------     1 [--]               [00]  L164:
------     1 [--]               [00]  .stabn 68,0,147,L165
------     1 [--]               [00]  L165:
00002Ar    1 [01]  C0 00 r      [00]  clr _lvdCount
------     1 [--]               [00]  .stabn 68,0,149,L166
------     1 [--]               [00]  L166:
------     1 [--]               [00]  .stabn 224,0,1,L167
------     1 [--]               [00]  L167:
------     1 [--]               [00]  L$144:
------     1 [--]               [00]  .stabn 68,0,151,L168
------     1 [--]               [00]  L168:
------     1 [--]               [00]  .stabn 224,0,0,L169
------     1 [--]               [00]  L169:
------     1 [--]               [00]  L$142:
00002Br    1 [01]  3C 04 r      [00]  mov a,checkLVD_bp-4
00002Cr    1 [01]  40 00 r      [00]  mov ecx,a
00002Dr    1 [01]  3D 04 r      [00]  mov a,checkLVD_bp-3
00002Er    1 [01]  41 00 r      [00]  mov ecx+1,a
00002Fr    1 [01]  3E 04 r      [00]  mov a,checkLVD_bp-2
000030r    1 [01]  42 00 r      [00]  mov ecx+2,a
000031r    1 [01]  3F 04 r      [00]  mov a,checkLVD_bp-1
000032r    1 [01]  43 00 r      [00]  mov ecx+3,a
000033r    1 [01]  12 00        [00]  ret
------     1 [--]               [00]  .STACK checkLVD_bp,local,4
------     1 [--]               [00]  public _delay
------     1 [--]               [00]  public delay_bp
------     1 [--]               [00]  .stabs "delay:F15",36,0,0,_delay
------     1 [--]               [00]  .section ".S3",C_CODE
------     1 [--]               [00]  .SYMDEF ".S3" 
------     1 [--]               [00]  _delay:
------     1 [--]               [00]  .SYMDEF "_delay" 
000000r    1 [01]  00 04 r      [00]  mov a,ecx
000001r    1 [01]  7C 00 r      [00]  mov delay_bp-4,a
000002r    1 [01]  01 04 r      [00]  mov a,ecx+1
000003r    1 [01]  7D 00 r      [00]  mov delay_bp-3,a
000004r    1 [01]  02 04 r      [00]  mov a,ecx+2
000005r    1 [01]  7E 00 r      [00]  mov delay_bp-2,a
000006r    1 [01]  03 04 r      [00]  mov a,ecx+3
000007r    1 [01]  7F 00 r      [00]  mov delay_bp-1,a
------     1 [--]               [00]  .stabs "time:14",160,0,0,delay_bp+0
------     1 [--]               [00]  .stabs "i:14",128,0,0,delay_bp-5
------     1 [--]               [00]  .stabn 192,0,0,L175
------     1 [--]               [00]  L175:
------     1 [--]               [00]  .stabn 68,0,155,L176
------     1 [--]               [00]  L176:
------     1 [--]               [00]  .stabn 68,0,157,L177
------     1 [--]               [00]  L177:
000008r    1 [01]  FB 00 r      [00]  clr delay_bp-5
000009r    1 [01]  00 14 r      [00]  jmp @L$174
------     1 [--]               [00]  L$171:
------     1 [--]               [00]  .stabn 68,0,157,L178
------     1 [--]               [00]  L178:
------     1 [--]               [00]  L$172:
------     1 [--]               [00]  .stabn 68,0,157,L179
------     1 [--]               [00]  L179:
00000Ar    1 [01]  7B 05 r      [00]  LDA delay_bp-5,0,0
00000Br    1 [--]  -- --        [00]  add a,@1
00000Cr    1 [--]  -- --        [00]  STA delay_bp-5,0,0
------     1 [--]               [00]  L$174:
------     1 [--]               [00]  .stabn 68,0,157,L180
------     1 [--]               [00]  L180:
00000Dr    1 [01]  00 04 r      [00]  ULTRRB delay_bp-5,delay_bp+0
           1 [01]  3B 01 r      [00]  
00000Fr    1 [01]  03 0E        [00]  jbs STATUS,cf
000010r    1 [01]  00 14 r      [00]  EXTJMP @L$171
------     1 [--]               [00]  .stabn 68,0,158,L181
------     1 [--]               [00]  L181:
------     1 [--]               [00]  .stabn 224,0,0,L182
------     1 [--]               [00]  L182:
------     1 [--]               [00]  L$170:
000011r    1 [01]  3C 04 r      [00]  mov a,delay_bp-4
000012r    1 [01]  40 00 r      [00]  mov ecx,a
000013r    1 [01]  3D 04 r      [00]  mov a,delay_bp-3
000014r    1 [01]  41 00 r      [00]  mov ecx+1,a
000015r    1 [01]  3E 04 r      [00]  mov a,delay_bp-2
000016r    1 [01]  42 00 r      [00]  mov ecx+2,a
000017r    1 [01]  3F 04 r      [00]  mov a,delay_bp-1
000018r    1 [01]  43 00 r      [00]  mov ecx+3,a
000019r    1 [01]  12 00        [00]  ret
------     1 [--]               [00]  .STACK delay_bp,local,5
------     1 [--]               [00]  public _gotoSleep
------     1 [--]               [00]  public gotoSleep_bp
------     1 [--]               [00]  .stabs "gotoSleep:F15",36,0,0,_gotoSleep
------     1 [--]               [00]  .section ".S4",C_CODE
------     1 [--]               [00]  .SYMDEF ".S4" 
------     1 [--]               [00]  _gotoSleep:
------     1 [--]               [00]  .SYMDEF "_gotoSleep" 
000000r    1 [01]  00 04 r      [00]  mov a,ecx
000001r    1 [01]  7C 00 r      [00]  mov gotoSleep_bp-4,a
000002r    1 [01]  01 04 r      [00]  mov a,ecx+1
000003r    1 [01]  7D 00 r      [00]  mov gotoSleep_bp-3,a
000004r    1 [01]  02 04 r      [00]  mov a,ecx+2
000005r    1 [01]  7E 00 r      [00]  mov gotoSleep_bp-2,a
000006r    1 [01]  03 04 r      [00]  mov a,ecx+3
000007r    1 [01]  7F 00 r      [00]  mov gotoSleep_bp-1,a
------     1 [--]               [00]  .stabn 192,0,0,L184
------     1 [--]               [00]  L184:
------     1 [--]               [00]  .stabn 68,0,162,L185
------     1 [--]               [00]  L185:
------     1 [--]               [00]  .stabn 68,0,163,L186
------     1 [--]               [00]  L186:
000008r    1 [01]  C0 00 r      [00]  clr _lvdFlag
------     1 [--]               [00]  .stabn 68,0,164,L187
------     1 [--]               [00]  L187:
000009r    1 [01]  C0 00 r      [00]  clr _lvdCount
------     1 [--]               [00]  .stabn 68,0,165,L188
------     1 [--]               [00]  L188:
00000Ar    1 [01]  BC 18        [00]  mov a,@.b0.700
00000Br    1 [01]  40 00 r      [00]  mov ecx,a
00000Cr    1 [01]  02 18        [00]  mov a,@.b1.700
00000Dr    1 [01]  41 00 r      [00]  mov ecx+1,a
00000Er    1 [01]  00 04 r      [00]  mov a,ecx
00000Fr    1 [01]  40 00 r      [00]  STA _count7s,0,0
------     1 [--]               [00]  .stabn 68,0,166,L189
------     1 [--]               [00]  L189:
000010r    1 [01]  C0 00 r      [00]  clr _PORT6
------     1 [--]               [00]  .stabn 68,0,167,L190
------     1 [--]               [00]  L190:
000011r    1 [01]  00 18        [00]  mov a,@0
000012r    1 [01]  00 00 r      [00]  STA _WDTCR,0,2
------     1 [--]               [00]  .stabn 68,0,168,L191
------     1 [--]               [00]  L191:
000013r    1 [01]  02 18        [00]  mov a,@2
000014r    1 [01]  40 00 r      [00]  STA _ICIECR,0,0
------     1 [--]               [00]  .stabn 68,0,169,L192
------     1 [--]               [00]  L192:
000015r    1 [01]  02 18        [00]  mov a,@2
000016r    1 [01]  00 00 r      [00]  STA _IMR,0,2
------     1 [--]               [00]  .stabn 68,0,170,L193
------     1 [--]               [00]  L193:
000017r    1 [--]  -- --        [00]  LDA _ISR,0,0
000018r    1 [01]  F0 18        [00]  and a,@240
000019r    1 [01]  C0 02 r      [00]  STA _ISR,0,0
------     1 [--]               [00]  .stabn 68,0,171,L194
------     1 [--]               [00]  L194:
------     1 [--]               [00]  .cfile "C:\mcuproject\xj\太阳能大花\main.c(171):"
00001Ar    1 [01]  11 00        [00]  disi
------     1 [--]               [00]  .stabn 68,0,171,L195
------     1 [--]               [00]  L195:
------     1 [--]               [00]  .stabn 68,0,172,L196
------     1 [--]               [00]  L196:
------     1 [--]               [00]  .cfile "C:\mcuproject\xj\太阳能大花\main.c(172):"
00001Br    1 [01]  03 00        [00]  slep
------     1 [--]               [00]  .stabn 68,0,172,L197
------     1 [--]               [00]  L197:
------     1 [--]               [00]  .stabn 68,0,173,L198
------     1 [--]               [00]  L198:
------     1 [--]               [00]  .cfile "C:\mcuproject\xj\太阳能大花\main.c(173):"
00001Cr    1 [01]  10 00        [00]  eni
------     1 [--]               [00]  .stabn 68,0,173,L199
------     1 [--]               [00]  L199:
------     1 [--]               [00]  .stabn 68,0,174,L200
------     1 [--]               [00]  L200:
00001Dr    1 [01]  80 18        [00]  mov a,@128
00001Er    1 [01]  00 00 r      [00]  STA _WDTCR,0,2
------     1 [--]               [00]  .stabn 68,0,175,L201
------     1 [--]               [00]  L201:
00001Fr    1 [01]  C0 00 r      [00]  clr _ICIECR
------     1 [--]               [00]  .stabn 68,0,176,L202
------     1 [--]               [00]  L202:
000020r    1 [01]  C0 00 r      [00]  clr _ISR
------     1 [--]               [00]  .stabn 68,0,177,L203
------     1 [--]               [00]  L203:
000021r    1 [01]  01 18        [00]  mov a,@1
000022r    1 [01]  00 00 r      [00]  STA _IMR,0,2
------     1 [--]               [00]  .stabn 68,0,178,L204
------     1 [--]               [00]  L204:
------     1 [--]               [00]  .stabn 224,0,0,L205
------     1 [--]               [00]  L205:
------     1 [--]               [00]  L$183:
000023r    1 [01]  3C 04 r      [00]  mov a,gotoSleep_bp-4
000024r    1 [01]  40 00 r      [00]  mov ecx,a
000025r    1 [01]  3D 04 r      [00]  mov a,gotoSleep_bp-3
000026r    1 [01]  41 00 r      [00]  mov ecx+1,a
000027r    1 [01]  3E 04 r      [00]  mov a,gotoSleep_bp-2
000028r    1 [01]  42 00 r      [00]  mov ecx+2,a
000029r    1 [01]  3F 04 r      [00]  mov a,gotoSleep_bp-1
00002Ar    1 [01]  43 00 r      [00]  mov ecx+3,a
00002Br    1 [01]  12 00        [00]  ret
------     1 [--]               [00]  .STACK gotoSleep_bp,local,4
------     1 [--]               [00]  public _IO_Init
------     1 [--]               [00]  public IO_Init_bp
------     1 [--]               [00]  .stabs "IO_Init:F15",36,0,0,_IO_Init
------     1 [--]               [00]  .section ".S5",C_CODE
------     1 [--]               [00]  .SYMDEF ".S5" 
------     1 [--]               [00]  _IO_Init:
------     1 [--]               [00]  .SYMDEF "_IO_Init" 
000000r    1 [01]  00 04 r      [00]  mov a,ecx
000001r    1 [01]  7C 00 r      [00]  mov IO_Init_bp-4,a
000002r    1 [01]  01 04 r      [00]  mov a,ecx+1
000003r    1 [01]  7D 00 r      [00]  mov IO_Init_bp-3,a
000004r    1 [01]  02 04 r      [00]  mov a,ecx+2
000005r    1 [01]  7E 00 r      [00]  mov IO_Init_bp-2,a
000006r    1 [01]  03 04 r      [00]  mov a,ecx+3
000007r    1 [01]  7F 00 r      [00]  mov IO_Init_bp-1,a
------     1 [--]               [00]  .stabn 192,0,0,L207
------     1 [--]               [00]  L207:
------     1 [--]               [00]  .stabn 68,0,182,L208
------     1 [--]               [00]  L208:
------     1 [--]               [00]  .stabn 68,0,184,L209
------     1 [--]               [00]  L209:
000008r    1 [01]  C0 00 r      [00]  clr _PORT5
------     1 [--]               [00]  .stabn 68,0,185,L210
------     1 [--]               [00]  L210:
000009r    1 [01]  00 18        [00]  mov a,@0
00000Ar    1 [01]  00 00 r      [00]  STA _P5CR,0,2
------     1 [--]               [00]  .stabn 68,0,186,L211
------     1 [--]               [00]  L211:
00000Br    1 [01]  C0 00 r      [00]  clr _PORT6
------     1 [--]               [00]  .stabn 68,0,187,L212
------     1 [--]               [00]  L212:
00000Cr    1 [01]  02 18        [00]  mov a,@2
00000Dr    1 [01]  00 00 r      [00]  STA _P6CR,0,2
------     1 [--]               [00]  .stabn 68,0,188,L213
------     1 [--]               [00]  L213:
00000Er    1 [01]  FD 18        [00]  mov a,@253
00000Fr    1 [01]  00 00 r      [00]  STA _PHCR,0,2
------     1 [--]               [00]  .stabn 68,0,190,L214
------     1 [--]               [00]  L214:
------     1 [--]               [00]  .cfile "C:\mcuproject\xj\太阳能大花\main.c(190):"
000010r    1 [01]  02 18        [00]  mov	a,@0x02
------     1 [--]               [00]  .stabn 68,0,191,L215
------     1 [--]               [00]  L215:
------     1 [--]               [00]  .cfile "C:\mcuproject\xj\太阳能大花\main.c(191):"
000011r    1 [01]  02 00        [00]  contw
------     1 [--]               [00]  .stabn 68,0,193,L216
------     1 [--]               [00]  L216:
------     1 [--]               [00]  .stabn 224,0,0,L217
------     1 [--]               [00]  L217:
------     1 [--]               [00]  L$206:
000012r    1 [01]  3C 04 r      [00]  mov a,IO_Init_bp-4
000013r    1 [01]  40 00 r      [00]  mov ecx,a
000014r    1 [01]  3D 04 r      [00]  mov a,IO_Init_bp-3
000015r    1 [01]  41 00 r      [00]  mov ecx+1,a
000016r    1 [01]  3E 04 r      [00]  mov a,IO_Init_bp-2
000017r    1 [01]  42 00 r      [00]  mov ecx+2,a
000018r    1 [01]  3F 04 r      [00]  mov a,IO_Init_bp-1
000019r    1 [01]  43 00 r      [00]  mov ecx+3,a
00001Ar    1 [01]  12 00        [00]  ret
------     1 [--]               [00]  .STACK IO_Init_bp,local,4
------     1 [--]               [00]  public _interrupt
------     1 [--]               [00]  public interrupt_bp
------     1 [--]               [00]  .stabs "interrupt:F15",36,0,0,_interrupt
------     1 [--]               [00]  .section ".S6",C_CODE
------     1 [--]               [00]  .SYMDEF ".S6" INT:-1
------     1 [--]               [00]  _interrupt:
------     1 [--]               [00]  .SYMDEF "_interrupt" INT:-1
------     1 [--]               [00]  .stabn 192,0,0,L223
------     1 [--]               [00]  L223:
------     1 [--]               [00]  .stabn 68,0,197,L224
------     1 [--]               [00]  L224:
------     1 [--]               [00]  .stabn 68,0,200,L225
------     1 [--]               [00]  L225:
------     1 [--]               [00]  .cfile "C:\mcuproject\xj\太阳能大花\main.c(200):"
000000r    1 [01]  7D 00        [00]  MOV 0x3D,A ;保存 A
------     1 [--]               [00]  .stabn 68,0,201,L226
------     1 [--]               [00]  L226:
------     1 [--]               [00]  .cfile "C:\mcuproject\xj\太阳能大花\main.c(201):"
000001r    1 [01]  03 04        [00]  MOV A,0x03
------     1 [--]               [00]  .stabn 68,0,202,L227
------     1 [--]               [00]  L227:
------     1 [--]               [00]  .cfile "C:\mcuproject\xj\太阳能大花\main.c(202):"
000002r    1 [01]  7E 00        [00]  MOV 0x3E,A ;保存 R3
------     1 [--]               [00]  .stabn 68,0,203,L228
------     1 [--]               [00]  L228:
------     1 [--]               [00]  .cfile "C:\mcuproject\xj\太阳能大花\main.c(203):"
000003r    1 [01]  04 04        [00]  MOV A,0x04
------     1 [--]               [00]  .stabn 68,0,204,L229
------     1 [--]               [00]  L229:
------     1 [--]               [00]  .cfile "C:\mcuproject\xj\太阳能大花\main.c(204):"
000004r    1 [01]  7F 00        [00]  MOV 0x3F,A ;保存 R4
------     1 [--]               [00]  .stabn 68,0,207,L230
------     1 [--]               [00]  L230:
000005r    1 [01]  00 0E r      [00]  jbs _TCIF,0
000006r    1 [01]  00 14 r      [00]  EXTJMP @L$219
------     1 [--]               [00]  .stabn 192,0,1,L231
------     1 [--]               [00]  L231:
------     1 [--]               [00]  .stabn 68,0,208,L232
------     1 [--]               [00]  L232:
------     1 [--]               [00]  .stabn 68,0,210,L233
------     1 [--]               [00]  L233:
000007r    1 [--]  -- --        [00]  LDA _ISR,0,0
000008r    1 [01]  FE 18        [00]  and a,@254
000009r    1 [01]  C0 02 r      [00]  STA _ISR,0,0
------     1 [--]               [00]  .stabn 68,0,211,L234
------     1 [--]               [00]  L234:
00000Ar    1 [--]  -- --        [00]  LDA _TCC,0,0
00000Br    1 [01]  CE 18        [00]  add a,@206
00000Cr    1 [01]  C0 03 r      [00]  STA _TCC,0,0
------     1 [--]               [00]  .stabn 68,0,213,L235
------     1 [--]               [00]  L235:
00000Dr    1 [01]  40 05 r      [00]  LDA _intCount,0,0
00000Er    1 [--]  -- --        [00]  mov ecx,a
00000Fr    1 [--]  -- --        [00]  mov a,@1
000010r    1 [--]  -- --        [00]  add ecx,a
000011r    1 [--]  -- --        [00]  mov a,ecx
000012r    1 [--]  -- --        [00]  STA _intCount,0,0
000013r    1 [01]  64 18 r      [00]  ULTRIB ecx,0x64
           1 [01]  00 01 r      [00]  
000015r    1 [01]  03 0E        [00]  jbs STATUS, cf
000016r    1 [01]  00 14 r      [00]  EXTJMP L$221
------     1 [--]               [00]  .stabn 192,0,2,L236
------     1 [--]               [00]  L236:
------     1 [--]               [00]  .stabn 68,0,214,L237
------     1 [--]               [00]  L237:
------     1 [--]               [00]  .stabn 68,0,215,L238
------     1 [--]               [00]  L238:
000017r    1 [01]  C0 00 r      [00]  clr _intCount
------     1 [--]               [00]  .stabn 68,0,216,L239
------     1 [--]               [00]  L239:
000018r    1 [01]  00 0A r      [00]  bs _IntFlag,0
------     1 [--]               [00]  .stabn 68,0,220,L240
------     1 [--]               [00]  L240:
------     1 [--]               [00]  .stabn 224,0,2,L241
------     1 [--]               [00]  L241:
------     1 [--]               [00]  L$221:
------     1 [--]               [00]  .stabn 68,0,223,L242
------     1 [--]               [00]  L242:
------     1 [--]               [00]  .stabn 224,0,1,L243
------     1 [--]               [00]  L243:
------     1 [--]               [00]  L$219:
------     1 [--]               [00]  .stabn 68,0,227,L244
------     1 [--]               [00]  L244:
------     1 [--]               [00]  .cfile "C:\mcuproject\xj\太阳能大花\main.c(227):"
000019r    1 [01]  3F 04        [00]  MOV A,0x3F ;返回 R4
------     1 [--]               [00]  .stabn 68,0,228,L245
------     1 [--]               [00]  L245:
------     1 [--]               [00]  .cfile "C:\mcuproject\xj\太阳能大花\main.c(228):"
00001Ar    1 [01]  44 00        [00]  MOV 0x04,A
------     1 [--]               [00]  .stabn 68,0,229,L246
------     1 [--]               [00]  L246:
------     1 [--]               [00]  .cfile "C:\mcuproject\xj\太阳能大花\main.c(229):"
00001Br    1 [01]  3E 04        [00]  MOV A,0x3E ;返回 R3
------     1 [--]               [00]  .stabn 68,0,230,L247
------     1 [--]               [00]  L247:
------     1 [--]               [00]  .cfile "C:\mcuproject\xj\太阳能大花\main.c(230):"
00001Cr    1 [01]  43 00        [00]  MOV 0x03,A
------     1 [--]               [00]  .stabn 68,0,231,L248
------     1 [--]               [00]  L248:
------     1 [--]               [00]  .cfile "C:\mcuproject\xj\太阳能大花\main.c(231):"
00001Dr    1 [01]  7D 07        [00]  SWAP 0x3D  ;返回 A
------     1 [--]               [00]  .stabn 68,0,232,L249
------     1 [--]               [00]  L249:
------     1 [--]               [00]  .cfile "C:\mcuproject\xj\太阳能大花\main.c(232):"
00001Er    1 [01]  3D 07        [00]  SWAPA 0x3D
------     1 [--]               [00]  .stabn 68,0,234,L250
------     1 [--]               [00]  L250:
------     1 [--]               [00]  .stabn 224,0,0,L251
------     1 [--]               [00]  L251:
------     1 [--]               [00]  L$218:
00001Fr    1 [01]  13 00        [00]  reti
------     1 [--]               [00]  .STACK interrupt_bp,local,0
------     1 [--]               [00]  public _interrupt_l
------     1 [--]               [00]  public interrupt_l_bp
------     1 [--]               [00]  .stabs "interrupt_l:F15",36,0,0,_interrupt_l
------     1 [--]               [00]  .section ".S7",C_CODE
------     1 [--]               [00]  .SYMDEF ".S7" LOWINT:0,8
------     1 [--]               [00]  _interrupt_l:
------     1 [--]               [00]  .SYMDEF "_interrupt_l" LOWINT:0,8
------     1 [--]               [00]  .stabn 192,0,0,L253
------     1 [--]               [00]  L253:
------     1 [--]               [00]  .stabn 68,0,239,L254
------     1 [--]               [00]  L254:
------     1 [--]               [00]  .stabn 68,0,241,L255
------     1 [--]               [00]  L255:
------     1 [--]               [00]  .stabn 224,0,0,L256
------     1 [--]               [00]  L256:
------     1 [--]               [00]  L$252:
000008r    1 [01]  13 00        [00]  reti
------     1 [--]               [00]  .STACK interrupt_l_bp,local,0
------     1 [--]               [00]  .section ".bss"
------     1 [--]               [00]  .align 1
------     1 [--]               [00]  _longPressFlag:
------     1 [--]               [00]  .SYMDEF "_longPressFlag" BANK:0,BIT:1,32,LEN:1
000000r    1 [--]  xx           [00]  ds 1
------     1 [--]               [00]  .stabs "longPressFlag:S16",40,0,0,_longPressFlag
------     1 [--]               [00]  .align 1
------     1 [--]               [00]  _IntFlag:
------     1 [--]               [00]  .SYMDEF "_IntFlag" BANK:0,BIT:0,32,LEN:1
000001r    1 [--]  xx           [00]  ds 1
------     1 [--]               [00]  .stabs "IntFlag:S16",40,0,0,_IntFlag
------     1 [--]               [00]  public _Status
------     1 [--]               [00]  .align 1
------     1 [--]               [00]  _Status:
------     1 [--]               [00]  .SYMDEF "_Status" BANK:0,32,LEN:1
000002r    1 [--]  xx           [00]  ds 1
------     1 [--]               [00]  .stabs "Status:G10",32,0,0,_Status
------     1 [--]               [00]  .align 1
------     1 [--]               [00]  _TCIF:
------     1 [--]               [00]  .SYMDEF "_TCIF" REG:0,BIT:0,15,LEN:1
000003r    1 [--]  xx           [00]  ds 1
------     1 [--]               [00]  .stabs "TCIF:S16",40,0,0,_TCIF
------     1 [--]               [00]  .align 1
------     1 [--]               [00]  _ICIF:
------     1 [--]               [00]  .SYMDEF "_ICIF" REG:0,BIT:1,15,LEN:1
000004r    1 [--]  xx           [00]  ds 1
------     1 [--]               [00]  .stabs "ICIF:S16",40,0,0,_ICIF
------     1 [--]               [00]  .align 1
------     1 [--]               [00]  _EXIF:
------     1 [--]               [00]  .SYMDEF "_EXIF" REG:0,BIT:2,15,LEN:1
000005r    1 [--]  xx           [00]  ds 1
------     1 [--]               [00]  .stabs "EXIF:S16",40,0,0,_EXIF
------     1 [--]               [00]  .align 1
------     1 [--]               [00]  _P60:
------     1 [--]               [00]  .SYMDEF "_P60" REG:0,BIT:0,6,LEN:1
000006r    1 [--]  xx           [00]  ds 1
------     1 [--]               [00]  .stabs "P60:S16",40,0,0,_P60
------     1 [--]               [00]  .align 1
------     1 [--]               [00]  _P61:
------     1 [--]               [00]  .SYMDEF "_P61" REG:0,BIT:1,6,LEN:1
000007r    1 [--]  xx           [00]  ds 1
------     1 [--]               [00]  .stabs "P61:S16",40,0,0,_P61
------     1 [--]               [00]  .align 1
------     1 [--]               [00]  _P62:
------     1 [--]               [00]  .SYMDEF "_P62" REG:0,BIT:2,6,LEN:1
000008r    1 [--]  xx           [00]  ds 1
------     1 [--]               [00]  .stabs "P62:S16",40,0,0,_P62
------     1 [--]               [00]  .align 1
------     1 [--]               [00]  _P63:
------     1 [--]               [00]  .SYMDEF "_P63" REG:0,BIT:3,6,LEN:1
000009r    1 [--]  xx           [00]  ds 1
------     1 [--]               [00]  .stabs "P63:S16",40,0,0,_P63
------     1 [--]               [00]  .align 1
------     1 [--]               [00]  _P64:
------     1 [--]               [00]  .SYMDEF "_P64" REG:0,BIT:4,6,LEN:1
00000Ar    1 [--]  xx           [00]  ds 1
------     1 [--]               [00]  .stabs "P64:S16",40,0,0,_P64
------     1 [--]               [00]  .align 1
------     1 [--]               [00]  _P65:
------     1 [--]               [00]  .SYMDEF "_P65" REG:0,BIT:5,6,LEN:1
00000Br    1 [--]  xx           [00]  ds 1
------     1 [--]               [00]  .stabs "P65:S16",40,0,0,_P65
------     1 [--]               [00]  .align 1
------     1 [--]               [00]  _P66:
------     1 [--]               [00]  .SYMDEF "_P66" REG:0,BIT:6,6,LEN:1
00000Cr    1 [--]  xx           [00]  ds 1
------     1 [--]               [00]  .stabs "P66:S16",40,0,0,_P66
------     1 [--]               [00]  .align 1
------     1 [--]               [00]  _P67:
------     1 [--]               [00]  .SYMDEF "_P67" REG:0,BIT:7,6,LEN:1
00000Dr    1 [--]  xx           [00]  ds 1
------     1 [--]               [00]  .stabs "P67:S16",40,0,0,_P67
------     1 [--]               [00]  .align 1
------     1 [--]               [00]  _P50:
------     1 [--]               [00]  .SYMDEF "_P50" REG:0,BIT:0,5,LEN:1
00000Er    1 [--]  xx           [00]  ds 1
------     1 [--]               [00]  .stabs "P50:S16",40,0,0,_P50
------     1 [--]               [00]  .align 1
------     1 [--]               [00]  _P51:
------     1 [--]               [00]  .SYMDEF "_P51" REG:0,BIT:1,5,LEN:1
00000Fr    1 [--]  xx           [00]  ds 1
------     1 [--]               [00]  .stabs "P51:S16",40,0,0,_P51
------     1 [--]               [00]  .align 1
------     1 [--]               [00]  _P52:
------     1 [--]               [00]  .SYMDEF "_P52" REG:0,BIT:2,5,LEN:1
000010r    1 [--]  xx           [00]  ds 1
------     1 [--]               [00]  .stabs "P52:S16",40,0,0,_P52
------     1 [--]               [00]  .align 1
------     1 [--]               [00]  _P53:
------     1 [--]               [00]  .SYMDEF "_P53" REG:0,BIT:3,5,LEN:1
000011r    1 [--]  xx           [00]  ds 1
------     1 [--]               [00]  .stabs "P53:S16",40,0,0,_P53
------     1 [--]               [00]  .align 1
------     1 [--]               [00]  _C:
------     1 [--]               [00]  .SYMDEF "_C" REG:0,BIT:0,3,LEN:1
000012r    1 [--]  xx           [00]  ds 1
------     1 [--]               [00]  .stabs "C:S16",40,0,0,_C
------     1 [--]               [00]  .align 1
------     1 [--]               [00]  _DC:
------     1 [--]               [00]  .SYMDEF "_DC" REG:0,BIT:1,3,LEN:1
000013r    1 [--]  xx           [00]  ds 1
------     1 [--]               [00]  .stabs "DC:S16",40,0,0,_DC
------     1 [--]               [00]  .align 1
------     1 [--]               [00]  _Z:
------     1 [--]               [00]  .SYMDEF "_Z" REG:0,BIT:2,3,LEN:1
000014r    1 [--]  xx           [00]  ds 1
------     1 [--]               [00]  .stabs "Z:S16",40,0,0,_Z
------     1 [--]               [00]  .align 1
------     1 [--]               [00]  _P:
------     1 [--]               [00]  .SYMDEF "_P" REG:0,BIT:3,3,LEN:1
000015r    1 [--]  xx           [00]  ds 1
------     1 [--]               [00]  .stabs "P:S16",40,0,0,_P
------     1 [--]               [00]  .align 1
------     1 [--]               [00]  _T:
------     1 [--]               [00]  .SYMDEF "_T" REG:0,BIT:4,3,LEN:1
000016r    1 [--]  xx           [00]  ds 1
------     1 [--]               [00]  .stabs "T:S16",40,0,0,_T
------     1 [--]               [00]  .align 1
------     1 [--]               [00]  _GP0:
------     1 [--]               [00]  .SYMDEF "_GP0" REG:0,BIT:5,3,LEN:1
000017r    1 [--]  xx           [00]  ds 1
------     1 [--]               [00]  .stabs "GP0:S16",40,0,0,_GP0
------     1 [--]               [00]  .align 1
------     1 [--]               [00]  _GP1:
------     1 [--]               [00]  .SYMDEF "_GP1" REG:0,BIT:6,3,LEN:1
000018r    1 [--]  xx           [00]  ds 1
------     1 [--]               [00]  .stabs "GP1:S16",40,0,0,_GP1
------     1 [--]               [00]  .align 1
------     1 [--]               [00]  _RST:
------     1 [--]               [00]  .SYMDEF "_RST" REG:0,BIT:7,3,LEN:1
000019r    1 [--]  xx           [00]  ds 1
------     1 [--]               [00]  .stabs "RST:S16",40,0,0,_RST
------     1 [--]               [00]  .align 1
------     1 [--]               [00]  _IMR:
------     1 [--]               [00]  .SYMDEF "_IMR" IO:0,15,LEN:1
00001Ar    1 [--]  xx           [00]  ds 1
------     1 [--]               [00]  .stabs "IMR:S14",40,0,0,_IMR
------     1 [--]               [00]  .align 1
------     1 [--]               [00]  _WDTCR:
------     1 [--]               [00]  .SYMDEF "_WDTCR" IO:0,14,LEN:1
00001Br    1 [--]  xx           [00]  ds 1
------     1 [--]               [00]  .stabs "WDTCR:S14",40,0,0,_WDTCR
------     1 [--]               [00]  .align 1
------     1 [--]               [00]  _PHCR:
------     1 [--]               [00]  .SYMDEF "_PHCR" IO:0,13,LEN:1
00001Cr    1 [--]  xx           [00]  ds 1
------     1 [--]               [00]  .stabs "PHCR:S14",40,0,0,_PHCR
------     1 [--]               [00]  .align 1
------     1 [--]               [00]  _PDCR:
------     1 [--]               [00]  .SYMDEF "_PDCR" IO:0,11,LEN:1
00001Dr    1 [--]  xx           [00]  ds 1
------     1 [--]               [00]  .stabs "PDCR:S14",40,0,0,_PDCR
------     1 [--]               [00]  .align 1
------     1 [--]               [00]  _PHDCR:
------     1 [--]               [00]  .SYMDEF "_PHDCR" IO:0,9,LEN:1
00001Er    1 [--]  xx           [00]  ds 1
------     1 [--]               [00]  .stabs "PHDCR:S14",40,0,0,_PHDCR
------     1 [--]               [00]  .align 1
------     1 [--]               [00]  _P6CR:
------     1 [--]               [00]  .SYMDEF "_P6CR" IO:0,6,LEN:1
00001Fr    1 [--]  xx           [00]  ds 1
------     1 [--]               [00]  .stabs "P6CR:S14",40,0,0,_P6CR
------     1 [--]               [00]  .align 1
------     1 [--]               [00]  _P5CR:
------     1 [--]               [00]  .SYMDEF "_P5CR" IO:0,5,LEN:1
000020r    1 [--]  xx           [00]  ds 1
------     1 [--]               [00]  .stabs "P5CR:S14",40,0,0,_P5CR
------     1 [--]               [00]  .align 1
------     1 [--]               [00]  _ISR:
------     1 [--]               [00]  .SYMDEF "_ISR" REG:0,15,LEN:1
000021r    1 [--]  xx           [00]  ds 1
------     1 [--]               [00]  .stabs "ISR:S14",40,0,0,_ISR
------     1 [--]               [00]  .align 1
------     1 [--]               [00]  _CPUCON:
------     1 [--]               [00]  .SYMDEF "_CPUCON" REG:0,14,LEN:1
000022r    1 [--]  xx           [00]  ds 1
------     1 [--]               [00]  .stabs "CPUCON:S14",40,0,0,_CPUCON
------     1 [--]               [00]  .align 1
------     1 [--]               [00]  _ICIECR:
------     1 [--]               [00]  .SYMDEF "_ICIECR" REG:0,13,LEN:1
000023r    1 [--]  xx           [00]  ds 1
------     1 [--]               [00]  .stabs "ICIECR:S14",40,0,0,_ICIECR
------     1 [--]               [00]  .align 1
------     1 [--]               [00]  _PDC3:
------     1 [--]               [00]  .SYMDEF "_PDC3" REG:0,12,LEN:1
000024r    1 [--]  xx           [00]  ds 1
------     1 [--]               [00]  .stabs "PDC3:S14",40,0,0,_PDC3
------     1 [--]               [00]  .align 1
------     1 [--]               [00]  _PDC2:
------     1 [--]               [00]  .SYMDEF "_PDC2" REG:0,11,LEN:1
000025r    1 [--]  xx           [00]  ds 1
------     1 [--]               [00]  .stabs "PDC2:S14",40,0,0,_PDC2
------     1 [--]               [00]  .align 1
------     1 [--]               [00]  _PDC1:
------     1 [--]               [00]  .SYMDEF "_PDC1" REG:0,10,LEN:1
000026r    1 [--]  xx           [00]  ds 1
------     1 [--]               [00]  .stabs "PDC1:S14",40,0,0,_PDC1
------     1 [--]               [00]  .align 1
------     1 [--]               [00]  _PRD:
------     1 [--]               [00]  .SYMDEF "_PRD" REG:0,9,LEN:1
000027r    1 [--]  xx           [00]  ds 1
------     1 [--]               [00]  .stabs "PRD:S14",40,0,0,_PRD
------     1 [--]               [00]  .align 1
------     1 [--]               [00]  _PWMCON:
------     1 [--]               [00]  .SYMDEF "_PWMCON" REG:0,8,LEN:1
000028r    1 [--]  xx           [00]  ds 1
------     1 [--]               [00]  .stabs "PWMCON:S14",40,0,0,_PWMCON
------     1 [--]               [00]  .align 1
------     1 [--]               [00]  _LVDCON:
------     1 [--]               [00]  .SYMDEF "_LVDCON" REG:0,7,LEN:1
000029r    1 [--]  xx           [00]  ds 1
------     1 [--]               [00]  .stabs "LVDCON:S14",40,0,0,_LVDCON
------     1 [--]               [00]  .align 1
------     1 [--]               [00]  _PORT6:
------     1 [--]               [00]  .SYMDEF "_PORT6" REG:0,6,LEN:1
00002Ar    1 [--]  xx           [00]  ds 1
------     1 [--]               [00]  .stabs "PORT6:S14",40,0,0,_PORT6
------     1 [--]               [00]  .align 1
------     1 [--]               [00]  _PORT5:
------     1 [--]               [00]  .SYMDEF "_PORT5" REG:0,5,LEN:1
00002Br    1 [--]  xx           [00]  ds 1
------     1 [--]               [00]  .stabs "PORT5:S14",40,0,0,_PORT5
------     1 [--]               [00]  .align 1
------     1 [--]               [00]  _RSR:
------     1 [--]               [00]  .SYMDEF "_RSR" REG:0,4,LEN:1
00002Cr    1 [--]  xx           [00]  ds 1
------     1 [--]               [00]  .stabs "RSR:S14",40,0,0,_RSR
------     1 [--]               [00]  .align 1
------     1 [--]               [00]  _STATUS:
------     1 [--]               [00]  .SYMDEF "_STATUS" REG:0,3,LEN:1
00002Dr    1 [--]  xx           [00]  ds 1
------     1 [--]               [00]  .stabs "STATUS:S14",40,0,0,_STATUS
------     1 [--]               [00]  .align 1
------     1 [--]               [00]  _PC:
------     1 [--]               [00]  .SYMDEF "_PC" REG:0,2,LEN:1
00002Er    1 [--]  xx           [00]  ds 1
------     1 [--]               [00]  .stabs "PC:S14",40,0,0,_PC
------     1 [--]               [00]  .align 1
------     1 [--]               [00]  _TCC:
------     1 [--]               [00]  .SYMDEF "_TCC" REG:0,1,LEN:1
00002Fr    1 [--]  xx           [00]  ds 1
------     1 [--]               [00]  .stabs "TCC:S14",40,0,0,_TCC
------     1 [--]               [00]  .align 1
------     1 [--]               [00]  _R0:
------     1 [--]               [00]  .SYMDEF "_R0" REG:0,0,LEN:1
000030r    1 [--]  xx           [00]  ds 1
------     1 [--]               [00]  .stabs "R0:S14",40,0,0,_R0
------     1 [--]               [00]  .stabs "u16t:t14",128,0,0,0
------     1 [--]               [00]  .stabs "u8t:t10",128,0,0,0
------     1 [--]               [00]  .section ".code"
------     1 [--]               [00]  end
------     1 [--]               [00]  

	** End of list file C:\mcuproject\xj\太阳能大花\main.lst **