ias78II.exe v2.0.100.101b - The macro assembler for EM78 series.
Copyright (C) ELAN Microelectronic Corp. 2003-2008. All rights reserved.
Main file : PWM.s

File list:
   1 ----  C:\mcuproject\xj\S25_1001B_sop8\PWM.s
   2 ----  C:\Program Files (x86)\ELAN\eUIDE\Bin\Include\sysdefii.inc


The format of a listing line is:
  XXXXXXm FFFF [TT]  11 22 33 44  [DD]  Source code
Where:
  XXXXXX   is the PC
  m        is the mode ('r' or empty)
  FFFF     is the file name
  [TT]     is the CPU clock
  11 ..    are code or data bytes
  [DD]     depth of IFDEF and ENDIF (The depth or empty)


------     1 [--]               [00]  .autoimport
------     1 [--]               [00]  EM78P153B EQU 1
------     1 [--]               [00]  _SIMPLE_RSR_ EQU 1
------     1 [--]               [00]  .include "sysdefii.inc"
------     2 [--]               [00]  
------     1 [--]               [00]  ccounter equ pr1
------     1 [--]               [00]  .stabs "icc_compiled.",60,0,0,0
------     1 [--]               [00]  .stabs "C:\mcuproject\xj\S25_1001B_sop8\PWM.c",100,0,3,0
------     1 [--]               [00]  .stabs "int:t1=r1;-128;127;",128,0,0,0
------     1 [--]               [00]  .stabs "char:t2=r2;-128;127;",128,0,0,0
------     1 [--]               [00]  .stabs "double:t3=r1;3;0;",128,0,0,0
------     1 [--]               [00]  .stabs "float:t4=r1;3;0;",128,0,0,0
------     1 [--]               [00]  .stabs "long double:t5=r1;3;0;",128,0,0,0
------     1 [--]               [00]  .stabs "long:t6=r1;-2147483648;2147483647;",128,0,0,0
------     1 [--]               [00]  .stabs "long long:t7=r1;-2147483648;2147483647;",128,0,0,0
------     1 [--]               [00]  .stabs "short:t8=r1;-32768;32767;",128,0,0,0
------     1 [--]               [00]  .stabs "signed char:t9=r1;-128;127;",128,0,0,0
------     1 [--]               [00]  .stabs "unsigned char:t10=r1;0;255;",128,0,0,0
------     1 [--]               [00]  .stabs "unsigned long:t11=r1;0;4294967295;",128,0,0,0
------     1 [--]               [00]  .stabs "unsigned long long:t12=r1;0;4294967295;",128,0,0,0
------     1 [--]               [00]  .stabs "unsigned short:t13=r1;0;65535;",128,0,0,0
------     1 [--]               [00]  .stabs "unsigned int:t14=r1;0;255;",128,0,0,0
------     1 [--]               [00]  .stabs "void:t15=15",128,0,0,0
------     1 [--]               [00]  .stabs "bit:t16=r16;0;1;",128,0,0,0
------     1 [--]               [00]  .section ".data"
------     1 [--]               [00]  public _intCount
------     1 [--]               [00]  .align 1
------     1 [--]               [00]  _intCount:
------     1 [--]               [00]  .SYMDEF "_intCount" LEN:1
000000r    1 [--]  00 00        [00]  db 0x0
------     1 [--]               [00]  .stabs "intCount:G10",32,0,0,_intCount
------     1 [--]               [00]  public _chrgFlag
------     1 [--]               [00]  .align 1
------     1 [--]               [00]  _chrgFlag:
------     1 [--]               [00]  .SYMDEF "_chrgFlag" LEN:1
000002r    1 [--]  -- --        [00]  db 0x0
------     1 [--]               [00]  .stabs "chrgFlag:G10",32,0,0,_chrgFlag
------     1 [--]               [00]  public _sleepTime
------     1 [--]               [00]  .align 1
------     1 [--]               [00]  _sleepTime:
------     1 [--]               [00]  .SYMDEF "_sleepTime" LEN:1
000004r    1 [--]  00 00        [00]  db 0x0
------     1 [--]               [00]  .stabs "sleepTime:G10",32,0,0,_sleepTime
------     1 [--]               [00]  public _main
------     1 [--]               [00]  public main_bp
------     1 [--]               [00]  .section ".code"
------     1 [--]               [00]  .stabs "main:F15",36,0,0,_main
------     1 [--]               [00]  .section ".S0",C_CODE
------     1 [--]               [00]  .SYMDEF ".S0" 
------     1 [--]               [00]  _main:
------     1 [--]               [00]  .SYMDEF "_main" 
------     1 [--]               [00]  .stabs "i:14",128,0,0,main_bp-1
------     1 [--]               [00]  .stabn 192,0,0,L19
------     1 [--]               [00]  L19:
------     1 [--]               [00]  .stabn 68,0,29,L21
------     1 [--]               [00]  L21:
------     1 [--]               [00]  .stabn 68,0,33,L22
------     1 [--]               [00]  L22:
------     1 [--]               [00]  .cfile "C:\mcuproject\xj\S25_1001B_sop8\PWM.c(33):"
000000r    1 [01]  04 00        [00]  wdtc
------     1 [--]               [00]  .stabn 68,0,33,L23
------     1 [--]               [00]  L23:
------     1 [--]               [00]  .stabn 68,0,34,L24
------     1 [--]               [00]  L24:
------     1 [--]               [00]  .cfile "C:\mcuproject\xj\S25_1001B_sop8\PWM.c(34):"
000001r    1 [01]  11 00        [00]  disi
------     1 [--]               [00]  .stabn 68,0,34,L25
------     1 [--]               [00]  L25:
------     1 [--]               [00]  .stabn 68,0,35,L26
------     1 [--]               [00]  L26:
000002r    1 [01]  00 18        [00]  mov a,@0
000003r    1 [01]  00 00 r      [00]  STA _WDTCR,0,2
------     1 [--]               [00]  .stabn 68,0,37,L27
------     1 [--]               [00]  L27:
000004r    1 [01]  00 10 r      [00]  call _IO_Init
------     1 [--]               [00]  .stabn 68,0,39,L28
------     1 [--]               [00]  L28:
000005r    1 [01]  CE 18        [00]  mov a,@206
000006r    1 [01]  40 00 r      [00]  STA _TCC,0,0
------     1 [--]               [00]  .stabn 68,0,40,L29
------     1 [--]               [00]  L29:
000007r    1 [01]  C0 00 r      [00]  clr _ISR
------     1 [--]               [00]  .stabn 68,0,41,L30
------     1 [--]               [00]  L30:
000008r    1 [01]  01 18        [00]  mov a,@1
000009r    1 [01]  00 00 r      [00]  STA _IMR,0,2
------     1 [--]               [00]  .stabn 68,0,43,L31
------     1 [--]               [00]  L31:
------     1 [--]               [00]  .cfile "C:\mcuproject\xj\S25_1001B_sop8\PWM.c(43):"
00000Ar    1 [01]  10 00        [00]  eni
------     1 [--]               [00]  .stabn 68,0,43,L32
------     1 [--]               [00]  L32:
00000Br    1 [01]  00 14 r      [00]  jmp @L$3
------     1 [--]               [00]  L$2:
------     1 [--]               [00]  .stabn 192,0,1,L33
------     1 [--]               [00]  L33:
------     1 [--]               [00]  .stabn 68,0,48,L34
------     1 [--]               [00]  L34:
------     1 [--]               [00]  .stabn 68,0,49,L35
------     1 [--]               [00]  L35:
------     1 [--]               [00]  .cfile "C:\mcuproject\xj\S25_1001B_sop8\PWM.c(49):"
00000Cr    1 [01]  04 00        [00]  wdtc
------     1 [--]               [00]  .stabn 68,0,49,L36
------     1 [--]               [00]  L36:
------     1 [--]               [00]  .stabn 68,0,51,L37
------     1 [--]               [00]  L37:
00000Dr    1 [01]  00 0C r      [00]  jbc _IntFlag,0
00000Er    1 [01]  00 14 r      [00]  EXTJMP @L$5
------     1 [--]               [00]  .stabn 68,0,52,L38
------     1 [--]               [00]  L38:
00000Fr    1 [01]  00 14 r      [00]  jmp @L$3
------     1 [--]               [00]  L$5:
------     1 [--]               [00]  .stabn 68,0,53,L39
------     1 [--]               [00]  L39:
000010r    1 [01]  00 08 r      [00]  bc _IntFlag,0
------     1 [--]               [00]  .stabn 68,0,54,L40
------     1 [--]               [00]  L40:
000011r    1 [01]  C0 0E r      [00]  jbs _P63,3
000012r    1 [01]  00 14 r      [00]  EXTJMP @L$7
------     1 [--]               [00]  .stabn 192,0,2,L41
------     1 [--]               [00]  L41:
------     1 [--]               [00]  .stabn 68,0,55,L42
------     1 [--]               [00]  L42:
------     1 [--]               [00]  .stabn 68,0,57,L43
------     1 [--]               [00]  L43:
000013r    1 [01]  01 18        [00]  mov a,@1
000014r    1 [01]  40 00 r      [00]  STA _chrgFlag,0,0
------     1 [--]               [00]  .stabn 68,0,58,L44
------     1 [--]               [00]  L44:
000015r    1 [01]  40 08 r      [00]  bc _P61,1
------     1 [--]               [00]  .stabn 68,0,59,L45
------     1 [--]               [00]  L45:
000016r    1 [01]  C0 00 r      [00]  clr _sleepTime
------     1 [--]               [00]  .stabn 68,0,60,L46
------     1 [--]               [00]  L46:
000017r    1 [01]  80 0E r      [00]  jbs _P62,2
000018r    1 [01]  00 14 r      [00]  EXTJMP @L$9
------     1 [--]               [00]  .stabn 192,0,3,L47
------     1 [--]               [00]  L47:
------     1 [--]               [00]  .stabn 68,0,61,L48
------     1 [--]               [00]  L48:
------     1 [--]               [00]  .stabn 68,0,62,L49
------     1 [--]               [00]  L49:
000019r    1 [01]  00 10 r      [00]  call _ledOn
------     1 [--]               [00]  .stabn 68,0,63,L50
------     1 [--]               [00]  L50:
------     1 [--]               [00]  .stabn 224,0,3,L51
------     1 [--]               [00]  L51:
00001Ar    1 [01]  00 14 r      [00]  jmp @L$8
------     1 [--]               [00]  L$9:
------     1 [--]               [00]  .stabn 192,0,3,L52
------     1 [--]               [00]  L52:
------     1 [--]               [00]  .stabn 68,0,65,L53
------     1 [--]               [00]  L53:
------     1 [--]               [00]  .stabn 68,0,66,L54
------     1 [--]               [00]  L54:
00001Br    1 [01]  00 10 r      [00]  call _ledOff
------     1 [--]               [00]  .stabn 68,0,67,L55
------     1 [--]               [00]  L55:
------     1 [--]               [00]  .stabn 224,0,3,L56
------     1 [--]               [00]  L56:
------     1 [--]               [00]  .stabn 68,0,68,L57
------     1 [--]               [00]  L57:
------     1 [--]               [00]  .stabn 224,0,2,L58
------     1 [--]               [00]  L58:
00001Cr    1 [01]  00 14 r      [00]  jmp @L$8
------     1 [--]               [00]  L$7:
------     1 [--]               [00]  .stabn 192,0,2,L59
------     1 [--]               [00]  L59:
------     1 [--]               [00]  .stabn 68,0,70,L60
------     1 [--]               [00]  L60:
------     1 [--]               [00]  .stabn 68,0,71,L61
------     1 [--]               [00]  L61:
00001Dr    1 [01]  C0 00 r      [00]  clr _chrgFlag
------     1 [--]               [00]  .stabn 68,0,72,L62
------     1 [--]               [00]  L62:
00001Er    1 [01]  40 0D r      [00]  jbc _P65,5
00001Fr    1 [01]  00 14 r      [00]  EXTJMP @L$11
------     1 [--]               [00]  .stabn 192,0,3,L63
------     1 [--]               [00]  L63:
------     1 [--]               [00]  .stabn 68,0,73,L64
------     1 [--]               [00]  L64:
------     1 [--]               [00]  .stabn 68,0,74,L65
------     1 [--]               [00]  L65:
000020r    1 [01]  00 0C r      [00]  jbc _P60,0
000021r    1 [01]  00 14 r      [00]  EXTJMP @L$13
------     1 [--]               [00]  .stabn 192,0,4,L66
------     1 [--]               [00]  L66:
------     1 [--]               [00]  .stabn 68,0,75,L67
------     1 [--]               [00]  L67:
------     1 [--]               [00]  .stabn 68,0,76,L68
------     1 [--]               [00]  L68:
000022r    1 [01]  40 0A r      [00]  bs _P61,1
------     1 [--]               [00]  .stabn 68,0,77,L69
------     1 [--]               [00]  L69:
000023r    1 [01]  00 10 r      [00]  call _ledOn
------     1 [--]               [00]  .stabn 68,0,78,L70
------     1 [--]               [00]  L70:
000024r    1 [01]  C0 00 r      [00]  clr _sleepTime
------     1 [--]               [00]  .stabn 68,0,79,L71
------     1 [--]               [00]  L71:
------     1 [--]               [00]  .stabn 224,0,4,L72
------     1 [--]               [00]  L72:
000025r    1 [01]  00 14 r      [00]  jmp @L$12
------     1 [--]               [00]  L$13:
------     1 [--]               [00]  .stabn 192,0,4,L73
------     1 [--]               [00]  L73:
------     1 [--]               [00]  .stabn 68,0,81,L74
------     1 [--]               [00]  L74:
------     1 [--]               [00]  .stabn 68,0,82,L75
------     1 [--]               [00]  L75:
000026r    1 [01]  40 08 r      [00]  bc _P61,1
------     1 [--]               [00]  .stabn 68,0,83,L76
------     1 [--]               [00]  L76:
000027r    1 [01]  00 10 r      [00]  call _ledOff
------     1 [--]               [00]  .stabn 68,0,84,L77
------     1 [--]               [00]  L77:
000028r    1 [01]  40 05 r      [00]  LDA _sleepTime,0,0
000029r    1 [--]  -- --        [00]  mov ecx,a
00002Ar    1 [--]  -- --        [00]  mov a,@1
00002Br    1 [--]  -- --        [00]  add ecx,a
00002Cr    1 [01]  00 04 r      [00]  mov a,ecx
00002Dr    1 [--]  -- --        [00]  STA _sleepTime,0,0
00002Er    1 [--]  -- --        [00]  UGTRIB ecx,0xc8
           1 [01]  C8 1D        [00]  
000030r    1 [01]  03 0C        [00]  jbc STATUS, cf
000031r    1 [01]  00 14 r      [00]  EXTJMP L$12
------     1 [--]               [00]  .stabn 68,0,85,L78
------     1 [--]               [00]  L78:
000032r    1 [01]  00 10 r      [00]  call _gotoSleep
------     1 [--]               [00]  .stabn 68,0,86,L79
------     1 [--]               [00]  L79:
------     1 [--]               [00]  .stabn 224,0,4,L80
------     1 [--]               [00]  L80:
------     1 [--]               [00]  .stabn 68,0,87,L81
------     1 [--]               [00]  L81:
------     1 [--]               [00]  .stabn 224,0,3,L82
------     1 [--]               [00]  L82:
000033r    1 [01]  00 14 r      [00]  jmp @L$12
------     1 [--]               [00]  L$11:
------     1 [--]               [00]  .stabn 192,0,3,L83
------     1 [--]               [00]  L83:
------     1 [--]               [00]  .stabn 68,0,89,L84
------     1 [--]               [00]  L84:
------     1 [--]               [00]  .stabn 68,0,90,L85
------     1 [--]               [00]  L85:
000034r    1 [01]  40 08 r      [00]  bc _P61,1
------     1 [--]               [00]  .stabn 68,0,91,L86
------     1 [--]               [00]  L86:
000035r    1 [01]  00 10 r      [00]  call _ledOff
------     1 [--]               [00]  .stabn 68,0,92,L87
------     1 [--]               [00]  L87:
000036r    1 [01]  40 05 r      [00]  LDA _sleepTime,0,0
000037r    1 [--]  -- --        [00]  mov ecx,a
000038r    1 [--]  -- --        [00]  mov a,@1
000039r    1 [--]  -- --        [00]  add ecx,a
00003Ar    1 [01]  00 04 r      [00]  mov a,ecx
00003Br    1 [--]  -- --        [00]  STA _sleepTime,0,0
00003Cr    1 [--]  -- --        [00]  UGTRIB ecx,0xc8
           1 [01]  C8 1D        [00]  
00003Er    1 [01]  03 0C        [00]  jbc STATUS, cf
00003Fr    1 [01]  00 14 r      [00]  EXTJMP L$17
------     1 [--]               [00]  .stabn 68,0,93,L88
------     1 [--]               [00]  L88:
000040r    1 [01]  00 10 r      [00]  call _gotoSleep
------     1 [--]               [00]  L$17:
------     1 [--]               [00]  .stabn 68,0,94,L89
------     1 [--]               [00]  L89:
------     1 [--]               [00]  .stabn 224,0,3,L90
------     1 [--]               [00]  L90:
------     1 [--]               [00]  L$12:
------     1 [--]               [00]  .stabn 68,0,95,L91
------     1 [--]               [00]  L91:
------     1 [--]               [00]  .stabn 224,0,2,L92
------     1 [--]               [00]  L92:
------     1 [--]               [00]  L$8:
------     1 [--]               [00]  .stabn 68,0,96,L93
------     1 [--]               [00]  L93:
------     1 [--]               [00]  .stabn 224,0,1,L94
------     1 [--]               [00]  L94:
------     1 [--]               [00]  L$3:
------     1 [--]               [00]  .stabn 68,0,47,L95
------     1 [--]               [00]  L95:
000041r    1 [01]  00 14 r      [00]  jmp @L$2
------     1 [--]               [00]  .stabn 68,0,97,L96
------     1 [--]               [00]  L96:
------     1 [--]               [00]  .stabn 224,0,0,L97
------     1 [--]               [00]  L97:
------     1 [--]               [00]  L$1:
000042r    1 [01]  12 00        [00]  ret
------     1 [--]               [00]  .STACK main_bp,local,1
------     1 [--]               [00]  public _ledOn
------     1 [--]               [00]  public ledOn_bp
------     1 [--]               [00]  .stabs "ledOn:F15",36,0,0,_ledOn
------     1 [--]               [00]  .section ".S1",C_CODE
------     1 [--]               [00]  .SYMDEF ".S1" 
------     1 [--]               [00]  _ledOn:
------     1 [--]               [00]  .SYMDEF "_ledOn" 
000000r    1 [01]  00 04 r      [00]  mov a,ecx
000001r    1 [01]  7C 00 r      [00]  mov ledOn_bp-4,a
000002r    1 [01]  01 04 r      [00]  mov a,ecx+1
000003r    1 [01]  7D 00 r      [00]  mov ledOn_bp-3,a
000004r    1 [01]  02 04 r      [00]  mov a,ecx+2
000005r    1 [01]  7E 00 r      [00]  mov ledOn_bp-2,a
000006r    1 [01]  03 04 r      [00]  mov a,ecx+3
000007r    1 [01]  7F 00 r      [00]  mov ledOn_bp-1,a
------     1 [--]               [00]  .stabn 192,0,0,L99
------     1 [--]               [00]  L99:
------     1 [--]               [00]  .stabn 68,0,101,L100
------     1 [--]               [00]  L100:
------     1 [--]               [00]  .stabn 68,0,102,L101
------     1 [--]               [00]  L101:
000008r    1 [01]  10 00 r      [00]  LDA _P6CR,0,2
000009r    1 [01]  EF 1A        [00]  and a,@239
00000Ar    1 [01]  00 00 r      [00]  STA _P6CR,0,2
------     1 [--]               [00]  .stabn 68,0,103,L102
------     1 [--]               [00]  L102:
00000Br    1 [01]  00 09 r      [00]  bc _P64,4
------     1 [--]               [00]  .stabn 68,0,104,L103
------     1 [--]               [00]  L103:
------     1 [--]               [00]  .stabn 224,0,0,L104
------     1 [--]               [00]  L104:
------     1 [--]               [00]  L$98:
00000Cr    1 [01]  3C 04 r      [00]  mov a,ledOn_bp-4
00000Dr    1 [01]  40 00 r      [00]  mov ecx,a
00000Er    1 [01]  3D 04 r      [00]  mov a,ledOn_bp-3
00000Fr    1 [01]  41 00 r      [00]  mov ecx+1,a
000010r    1 [01]  3E 04 r      [00]  mov a,ledOn_bp-2
000011r    1 [01]  42 00 r      [00]  mov ecx+2,a
000012r    1 [01]  3F 04 r      [00]  mov a,ledOn_bp-1
000013r    1 [01]  43 00 r      [00]  mov ecx+3,a
000014r    1 [01]  12 00        [00]  ret
------     1 [--]               [00]  .STACK ledOn_bp,local,4
------     1 [--]               [00]  public _ledOff
------     1 [--]               [00]  public ledOff_bp
------     1 [--]               [00]  .stabs "ledOff:F15",36,0,0,_ledOff
------     1 [--]               [00]  .section ".S2",C_CODE
------     1 [--]               [00]  .SYMDEF ".S2" 
------     1 [--]               [00]  _ledOff:
------     1 [--]               [00]  .SYMDEF "_ledOff" 
000000r    1 [01]  00 04 r      [00]  mov a,ecx
000001r    1 [01]  7C 00 r      [00]  mov ledOff_bp-4,a
000002r    1 [01]  01 04 r      [00]  mov a,ecx+1
000003r    1 [01]  7D 00 r      [00]  mov ledOff_bp-3,a
000004r    1 [01]  02 04 r      [00]  mov a,ecx+2
000005r    1 [01]  7E 00 r      [00]  mov ledOff_bp-2,a
000006r    1 [01]  03 04 r      [00]  mov a,ecx+3
000007r    1 [01]  7F 00 r      [00]  mov ledOff_bp-1,a
------     1 [--]               [00]  .stabn 192,0,0,L106
------     1 [--]               [00]  L106:
------     1 [--]               [00]  .stabn 68,0,108,L107
------     1 [--]               [00]  L107:
------     1 [--]               [00]  .stabn 68,0,109,L108
------     1 [--]               [00]  L108:
000008r    1 [01]  10 00 r      [00]  LDA _P6CR,0,2
000009r    1 [01]  10 19        [00]  or a,@16
00000Ar    1 [01]  00 00 r      [00]  STA _P6CR,0,2
------     1 [--]               [00]  .stabn 68,0,110,L109
------     1 [--]               [00]  L109:
00000Br    1 [01]  00 0B r      [00]  bs _P64,4
------     1 [--]               [00]  .stabn 68,0,112,L110
------     1 [--]               [00]  L110:
------     1 [--]               [00]  .stabn 224,0,0,L111
------     1 [--]               [00]  L111:
------     1 [--]               [00]  L$105:
00000Cr    1 [01]  3C 04 r      [00]  mov a,ledOff_bp-4
00000Dr    1 [01]  40 00 r      [00]  mov ecx,a
00000Er    1 [01]  3D 04 r      [00]  mov a,ledOff_bp-3
00000Fr    1 [01]  41 00 r      [00]  mov ecx+1,a
000010r    1 [01]  3E 04 r      [00]  mov a,ledOff_bp-2
000011r    1 [01]  42 00 r      [00]  mov ecx+2,a
000012r    1 [01]  3F 04 r      [00]  mov a,ledOff_bp-1
000013r    1 [01]  43 00 r      [00]  mov ecx+3,a
000014r    1 [01]  12 00        [00]  ret
------     1 [--]               [00]  .STACK ledOff_bp,local,4
------     1 [--]               [00]  public _IO_Init
------     1 [--]               [00]  public IO_Init_bp
------     1 [--]               [00]  .stabs "IO_Init:F15",36,0,0,_IO_Init
------     1 [--]               [00]  .section ".S3",C_CODE
------     1 [--]               [00]  .SYMDEF ".S3" 
------     1 [--]               [00]  _IO_Init:
------     1 [--]               [00]  .SYMDEF "_IO_Init" 
000000r    1 [01]  00 04 r      [00]  mov a,ecx
000001r    1 [01]  7C 00 r      [00]  mov IO_Init_bp-4,a
000002r    1 [01]  01 04 r      [00]  mov a,ecx+1
000003r    1 [01]  7D 00 r      [00]  mov IO_Init_bp-3,a
000004r    1 [01]  02 04 r      [00]  mov a,ecx+2
000005r    1 [01]  7E 00 r      [00]  mov IO_Init_bp-2,a
000006r    1 [01]  03 04 r      [00]  mov a,ecx+3
000007r    1 [01]  7F 00 r      [00]  mov IO_Init_bp-1,a
------     1 [--]               [00]  .stabn 192,0,0,L113
------     1 [--]               [00]  L113:
------     1 [--]               [00]  .stabn 68,0,116,L114
------     1 [--]               [00]  L114:
------     1 [--]               [00]  .stabn 68,0,118,L115
------     1 [--]               [00]  L115:
000008r    1 [01]  C0 00 r      [00]  clr _PORT6
------     1 [--]               [00]  .stabn 68,0,119,L116
------     1 [--]               [00]  L116:
000009r    1 [01]  3D 18        [00]  mov a,@61
00000Ar    1 [01]  00 00 r      [00]  STA _P6CR,0,2
------     1 [--]               [00]  .stabn 68,0,120,L117
------     1 [--]               [00]  L117:
00000Br    1 [01]  DA 18        [00]  mov a,@218
00000Cr    1 [01]  00 00 r      [00]  STA _PHCR,0,2
------     1 [--]               [00]  .stabn 68,0,121,L118
------     1 [--]               [00]  L118:
00000Dr    1 [01]  FF 18        [00]  mov a,@255
00000Er    1 [01]  40 00 r      [00]  STA _PRD,0,0
------     1 [--]               [00]  .stabn 68,0,124,L119
------     1 [--]               [00]  L119:
------     1 [--]               [00]  .cfile "C:\mcuproject\xj\S25_1001B_sop8\PWM.c(124):"
00000Fr    1 [01]  02 18        [00]  mov	a,@0x02
------     1 [--]               [00]  .stabn 68,0,125,L120
------     1 [--]               [00]  L120:
------     1 [--]               [00]  .cfile "C:\mcuproject\xj\S25_1001B_sop8\PWM.c(125):"
000010r    1 [01]  02 00        [00]  contw
------     1 [--]               [00]  .stabn 68,0,127,L121
------     1 [--]               [00]  L121:
------     1 [--]               [00]  .stabn 224,0,0,L122
------     1 [--]               [00]  L122:
------     1 [--]               [00]  L$112:
000011r    1 [01]  3C 04 r      [00]  mov a,IO_Init_bp-4
000012r    1 [01]  40 00 r      [00]  mov ecx,a
000013r    1 [01]  3D 04 r      [00]  mov a,IO_Init_bp-3
000014r    1 [01]  41 00 r      [00]  mov ecx+1,a
000015r    1 [01]  3E 04 r      [00]  mov a,IO_Init_bp-2
000016r    1 [01]  42 00 r      [00]  mov ecx+2,a
000017r    1 [01]  3F 04 r      [00]  mov a,IO_Init_bp-1
000018r    1 [01]  43 00 r      [00]  mov ecx+3,a
000019r    1 [01]  12 00        [00]  ret
------     1 [--]               [00]  .STACK IO_Init_bp,local,4
------     1 [--]               [00]  public _gotoSleep
------     1 [--]               [00]  public gotoSleep_bp
------     1 [--]               [00]  .stabs "gotoSleep:F15",36,0,0,_gotoSleep
------     1 [--]               [00]  .section ".S4",C_CODE
------     1 [--]               [00]  .SYMDEF ".S4" 
------     1 [--]               [00]  _gotoSleep:
------     1 [--]               [00]  .SYMDEF "_gotoSleep" 
000000r    1 [01]  00 04 r      [00]  mov a,ecx
000001r    1 [01]  7C 00 r      [00]  mov gotoSleep_bp-4,a
000002r    1 [01]  01 04 r      [00]  mov a,ecx+1
000003r    1 [01]  7D 00 r      [00]  mov gotoSleep_bp-3,a
000004r    1 [01]  02 04 r      [00]  mov a,ecx+2
000005r    1 [01]  7E 00 r      [00]  mov gotoSleep_bp-2,a
000006r    1 [01]  03 04 r      [00]  mov a,ecx+3
000007r    1 [01]  7F 00 r      [00]  mov gotoSleep_bp-1,a
------     1 [--]               [00]  .stabn 192,0,0,L124
------     1 [--]               [00]  L124:
------     1 [--]               [00]  .stabn 68,0,130,L125
------     1 [--]               [00]  L125:
------     1 [--]               [00]  .stabn 68,0,132,L126
------     1 [--]               [00]  L126:
000008r    1 [01]  C0 00 r      [00]  clr _sleepTime
------     1 [--]               [00]  .stabn 68,0,133,L127
------     1 [--]               [00]  L127:
000009r    1 [01]  C0 00 r      [00]  clr _chrgFlag
------     1 [--]               [00]  .stabn 68,0,134,L128
------     1 [--]               [00]  L128:
00000Ar    1 [01]  00 18        [00]  mov a,@0
00000Br    1 [01]  00 00 r      [00]  STA _WDTCR,0,2
------     1 [--]               [00]  .stabn 68,0,135,L129
------     1 [--]               [00]  L129:
00000Cr    1 [01]  09 18        [00]  mov a,@9
00000Dr    1 [01]  40 00 r      [00]  STA _ICIECR,0,0
------     1 [--]               [00]  .stabn 68,0,136,L130
------     1 [--]               [00]  L130:
00000Er    1 [01]  02 18        [00]  mov a,@2
00000Fr    1 [01]  00 00 r      [00]  STA _IMR,0,2
------     1 [--]               [00]  .stabn 68,0,137,L131
------     1 [--]               [00]  L131:
000010r    1 [--]  -- --        [00]  LDA _ISR,0,0
000011r    1 [01]  F0 18        [00]  and a,@240
000012r    1 [01]  C0 02 r      [00]  STA _ISR,0,0
------     1 [--]               [00]  .stabn 68,0,138,L132
------     1 [--]               [00]  L132:
------     1 [--]               [00]  .cfile "C:\mcuproject\xj\S25_1001B_sop8\PWM.c(138):"
000013r    1 [01]  11 00        [00]  disi
------     1 [--]               [00]  .stabn 68,0,138,L133
------     1 [--]               [00]  L133:
------     1 [--]               [00]  .stabn 68,0,139,L134
------     1 [--]               [00]  L134:
------     1 [--]               [00]  .cfile "C:\mcuproject\xj\S25_1001B_sop8\PWM.c(139):"
000014r    1 [01]  03 00        [00]  slep
------     1 [--]               [00]  .stabn 68,0,139,L135
------     1 [--]               [00]  L135:
------     1 [--]               [00]  .stabn 68,0,140,L136
------     1 [--]               [00]  L136:
------     1 [--]               [00]  .cfile "C:\mcuproject\xj\S25_1001B_sop8\PWM.c(140):"
000015r    1 [01]  10 00        [00]  eni
------     1 [--]               [00]  .stabn 68,0,140,L137
------     1 [--]               [00]  L137:
------     1 [--]               [00]  .stabn 68,0,141,L138
------     1 [--]               [00]  L138:
000016r    1 [01]  80 18        [00]  mov a,@128
000017r    1 [01]  00 00 r      [00]  STA _WDTCR,0,2
------     1 [--]               [00]  .stabn 68,0,142,L139
------     1 [--]               [00]  L139:
000018r    1 [01]  C0 00 r      [00]  clr _ICIECR
------     1 [--]               [00]  .stabn 68,0,143,L140
------     1 [--]               [00]  L140:
000019r    1 [01]  C0 00 r      [00]  clr _ISR
------     1 [--]               [00]  .stabn 68,0,144,L141
------     1 [--]               [00]  L141:
00001Ar    1 [01]  01 18        [00]  mov a,@1
00001Br    1 [01]  00 00 r      [00]  STA _IMR,0,2
------     1 [--]               [00]  .stabn 68,0,145,L142
------     1 [--]               [00]  L142:
------     1 [--]               [00]  .stabn 224,0,0,L143
------     1 [--]               [00]  L143:
------     1 [--]               [00]  L$123:
00001Cr    1 [01]  3C 04 r      [00]  mov a,gotoSleep_bp-4
00001Dr    1 [01]  40 00 r      [00]  mov ecx,a
00001Er    1 [01]  3D 04 r      [00]  mov a,gotoSleep_bp-3
00001Fr    1 [01]  41 00 r      [00]  mov ecx+1,a
000020r    1 [01]  3E 04 r      [00]  mov a,gotoSleep_bp-2
000021r    1 [01]  42 00 r      [00]  mov ecx+2,a
000022r    1 [01]  3F 04 r      [00]  mov a,gotoSleep_bp-1
000023r    1 [01]  43 00 r      [00]  mov ecx+3,a
000024r    1 [01]  12 00        [00]  ret
------     1 [--]               [00]  .STACK gotoSleep_bp,local,4
------     1 [--]               [00]  public _interrupt
------     1 [--]               [00]  public interrupt_bp
------     1 [--]               [00]  .stabs "interrupt:F15",36,0,0,_interrupt
------     1 [--]               [00]  .section ".S5",C_CODE
------     1 [--]               [00]  .SYMDEF ".S5" INT:-1
------     1 [--]               [00]  _interrupt:
------     1 [--]               [00]  .SYMDEF "_interrupt" INT:-1
------     1 [--]               [00]  .stabn 192,0,0,L149
------     1 [--]               [00]  L149:
------     1 [--]               [00]  .stabn 68,0,150,L150
------     1 [--]               [00]  L150:
------     1 [--]               [00]  .stabn 68,0,153,L151
------     1 [--]               [00]  L151:
------     1 [--]               [00]  .cfile "C:\mcuproject\xj\S25_1001B_sop8\PWM.c(153):"
000000r    1 [01]  7D 00        [00]  MOV 0x3D,A ;保存 A
------     1 [--]               [00]  .stabn 68,0,154,L152
------     1 [--]               [00]  L152:
------     1 [--]               [00]  .cfile "C:\mcuproject\xj\S25_1001B_sop8\PWM.c(154):"
000001r    1 [01]  03 04        [00]  MOV A,0x03
------     1 [--]               [00]  .stabn 68,0,155,L153
------     1 [--]               [00]  L153:
------     1 [--]               [00]  .cfile "C:\mcuproject\xj\S25_1001B_sop8\PWM.c(155):"
000002r    1 [01]  7E 00        [00]  MOV 0x3E,A ;保存 R3
------     1 [--]               [00]  .stabn 68,0,156,L154
------     1 [--]               [00]  L154:
------     1 [--]               [00]  .cfile "C:\mcuproject\xj\S25_1001B_sop8\PWM.c(156):"
000003r    1 [01]  04 04        [00]  MOV A,0x04
------     1 [--]               [00]  .stabn 68,0,157,L155
------     1 [--]               [00]  L155:
------     1 [--]               [00]  .cfile "C:\mcuproject\xj\S25_1001B_sop8\PWM.c(157):"
000004r    1 [01]  7F 00        [00]  MOV 0x3F,A ;保存 R4
------     1 [--]               [00]  .stabn 68,0,160,L156
------     1 [--]               [00]  L156:
000005r    1 [01]  00 0E r      [00]  jbs _TCIF,0
000006r    1 [01]  00 14 r      [00]  EXTJMP @L$145
------     1 [--]               [00]  .stabn 192,0,1,L157
------     1 [--]               [00]  L157:
------     1 [--]               [00]  .stabn 68,0,161,L158
------     1 [--]               [00]  L158:
------     1 [--]               [00]  .stabn 68,0,163,L159
------     1 [--]               [00]  L159:
000007r    1 [--]  -- --        [00]  LDA _ISR,0,0
000008r    1 [01]  FE 18        [00]  and a,@254
000009r    1 [01]  C0 02 r      [00]  STA _ISR,0,0
------     1 [--]               [00]  .stabn 68,0,164,L160
------     1 [--]               [00]  L160:
00000Ar    1 [--]  -- --        [00]  LDA _TCC,0,0
00000Br    1 [01]  CE 18        [00]  add a,@206
00000Cr    1 [01]  C0 03 r      [00]  STA _TCC,0,0
------     1 [--]               [00]  .stabn 68,0,166,L161
------     1 [--]               [00]  L161:
00000Dr    1 [01]  40 05 r      [00]  LDA _intCount,0,0
00000Er    1 [--]  -- --        [00]  mov ecx,a
00000Fr    1 [--]  -- --        [00]  mov a,@1
000010r    1 [--]  -- --        [00]  add ecx,a
000011r    1 [--]  -- --        [00]  mov a,ecx
000012r    1 [--]  -- --        [00]  STA _intCount,0,0
000013r    1 [01]  64 18 r      [00]  ULTRIB ecx,0x64
           1 [01]  00 01 r      [00]  
000015r    1 [01]  03 0E        [00]  jbs STATUS, cf
000016r    1 [01]  00 14 r      [00]  EXTJMP L$147
------     1 [--]               [00]  .stabn 192,0,2,L162
------     1 [--]               [00]  L162:
------     1 [--]               [00]  .stabn 68,0,167,L163
------     1 [--]               [00]  L163:
------     1 [--]               [00]  .stabn 68,0,168,L164
------     1 [--]               [00]  L164:
000017r    1 [01]  C0 00 r      [00]  clr _intCount
------     1 [--]               [00]  .stabn 68,0,169,L165
------     1 [--]               [00]  L165:
000018r    1 [01]  00 0A r      [00]  bs _IntFlag,0
------     1 [--]               [00]  .stabn 68,0,172,L166
------     1 [--]               [00]  L166:
------     1 [--]               [00]  .stabn 224,0,2,L167
------     1 [--]               [00]  L167:
------     1 [--]               [00]  L$147:
------     1 [--]               [00]  .stabn 68,0,173,L168
------     1 [--]               [00]  L168:
------     1 [--]               [00]  .stabn 224,0,1,L169
------     1 [--]               [00]  L169:
------     1 [--]               [00]  L$145:
------     1 [--]               [00]  .stabn 68,0,177,L170
------     1 [--]               [00]  L170:
------     1 [--]               [00]  .cfile "C:\mcuproject\xj\S25_1001B_sop8\PWM.c(177):"
000019r    1 [01]  3F 04        [00]  MOV A,0x3F ;返回 R4
------     1 [--]               [00]  .stabn 68,0,178,L171
------     1 [--]               [00]  L171:
------     1 [--]               [00]  .cfile "C:\mcuproject\xj\S25_1001B_sop8\PWM.c(178):"
00001Ar    1 [01]  44 00        [00]  MOV 0x04,A
------     1 [--]               [00]  .stabn 68,0,179,L172
------     1 [--]               [00]  L172:
------     1 [--]               [00]  .cfile "C:\mcuproject\xj\S25_1001B_sop8\PWM.c(179):"
00001Br    1 [01]  3E 04        [00]  MOV A,0x3E ;返回 R3
------     1 [--]               [00]  .stabn 68,0,180,L173
------     1 [--]               [00]  L173:
------     1 [--]               [00]  .cfile "C:\mcuproject\xj\S25_1001B_sop8\PWM.c(180):"
00001Cr    1 [01]  43 00        [00]  MOV 0x03,A
------     1 [--]               [00]  .stabn 68,0,181,L174
------     1 [--]               [00]  L174:
------     1 [--]               [00]  .cfile "C:\mcuproject\xj\S25_1001B_sop8\PWM.c(181):"
00001Dr    1 [01]  7D 07        [00]  SWAP 0x3D  ;返回 A
------     1 [--]               [00]  .stabn 68,0,182,L175
------     1 [--]               [00]  L175:
------     1 [--]               [00]  .cfile "C:\mcuproject\xj\S25_1001B_sop8\PWM.c(182):"
00001Er    1 [01]  3D 07        [00]  SWAPA 0x3D
------     1 [--]               [00]  .stabn 68,0,184,L176
------     1 [--]               [00]  L176:
------     1 [--]               [00]  .stabn 224,0,0,L177
------     1 [--]               [00]  L177:
------     1 [--]               [00]  L$144:
00001Fr    1 [01]  13 00        [00]  reti
------     1 [--]               [00]  .STACK interrupt_bp,local,0
------     1 [--]               [00]  public _interrupt_l
------     1 [--]               [00]  public interrupt_l_bp
------     1 [--]               [00]  .stabs "interrupt_l:F15",36,0,0,_interrupt_l
------     1 [--]               [00]  .section ".S6",C_CODE
------     1 [--]               [00]  .SYMDEF ".S6" LOWINT:0,8
------     1 [--]               [00]  _interrupt_l:
------     1 [--]               [00]  .SYMDEF "_interrupt_l" LOWINT:0,8
------     1 [--]               [00]  .stabn 192,0,0,L179
------     1 [--]               [00]  L179:
------     1 [--]               [00]  .stabn 68,0,189,L180
------     1 [--]               [00]  L180:
------     1 [--]               [00]  .stabn 68,0,191,L181
------     1 [--]               [00]  L181:
------     1 [--]               [00]  .stabn 224,0,0,L182
------     1 [--]               [00]  L182:
------     1 [--]               [00]  L$178:
000008r    1 [01]  13 00        [00]  reti
------     1 [--]               [00]  .STACK interrupt_l_bp,local,0
------     1 [--]               [00]  .section ".bss"
------     1 [--]               [00]  .align 1
------     1 [--]               [00]  _longPressFlag:
------     1 [--]               [00]  .SYMDEF "_longPressFlag" BANK:0,BIT:1,32,LEN:1
000000r    1 [--]  xx           [00]  ds 1
------     1 [--]               [00]  .stabs "longPressFlag:S16",40,0,0,_longPressFlag
------     1 [--]               [00]  .align 1
------     1 [--]               [00]  _IntFlag:
------     1 [--]               [00]  .SYMDEF "_IntFlag" BANK:0,BIT:0,32,LEN:1
000001r    1 [--]  xx           [00]  ds 1
------     1 [--]               [00]  .stabs "IntFlag:S16",40,0,0,_IntFlag
------     1 [--]               [00]  public _Status
------     1 [--]               [00]  .align 1
------     1 [--]               [00]  _Status:
------     1 [--]               [00]  .SYMDEF "_Status" BANK:0,32,LEN:1
000002r    1 [--]  xx           [00]  ds 1
------     1 [--]               [00]  .stabs "Status:G10",32,0,0,_Status
------     1 [--]               [00]  .align 1
------     1 [--]               [00]  _TCIF:
------     1 [--]               [00]  .SYMDEF "_TCIF" REG:0,BIT:0,15,LEN:1
000003r    1 [--]  xx           [00]  ds 1
------     1 [--]               [00]  .stabs "TCIF:S16",40,0,0,_TCIF
------     1 [--]               [00]  .align 1
------     1 [--]               [00]  _ICIF:
------     1 [--]               [00]  .SYMDEF "_ICIF" REG:0,BIT:1,15,LEN:1
000004r    1 [--]  xx           [00]  ds 1
------     1 [--]               [00]  .stabs "ICIF:S16",40,0,0,_ICIF
------     1 [--]               [00]  .align 1
------     1 [--]               [00]  _EXIF:
------     1 [--]               [00]  .SYMDEF "_EXIF" REG:0,BIT:2,15,LEN:1
000005r    1 [--]  xx           [00]  ds 1
------     1 [--]               [00]  .stabs "EXIF:S16",40,0,0,_EXIF
------     1 [--]               [00]  .align 1
------     1 [--]               [00]  _P60:
------     1 [--]               [00]  .SYMDEF "_P60" REG:0,BIT:0,6,LEN:1
000006r    1 [--]  xx           [00]  ds 1
------     1 [--]               [00]  .stabs "P60:S16",40,0,0,_P60
------     1 [--]               [00]  .align 1
------     1 [--]               [00]  _P61:
------     1 [--]               [00]  .SYMDEF "_P61" REG:0,BIT:1,6,LEN:1
000007r    1 [--]  xx           [00]  ds 1
------     1 [--]               [00]  .stabs "P61:S16",40,0,0,_P61
------     1 [--]               [00]  .align 1
------     1 [--]               [00]  _P62:
------     1 [--]               [00]  .SYMDEF "_P62" REG:0,BIT:2,6,LEN:1
000008r    1 [--]  xx           [00]  ds 1
------     1 [--]               [00]  .stabs "P62:S16",40,0,0,_P62
------     1 [--]               [00]  .align 1
------     1 [--]               [00]  _P63:
------     1 [--]               [00]  .SYMDEF "_P63" REG:0,BIT:3,6,LEN:1
000009r    1 [--]  xx           [00]  ds 1
------     1 [--]               [00]  .stabs "P63:S16",40,0,0,_P63
------     1 [--]               [00]  .align 1
------     1 [--]               [00]  _P64:
------     1 [--]               [00]  .SYMDEF "_P64" REG:0,BIT:4,6,LEN:1
00000Ar    1 [--]  xx           [00]  ds 1
------     1 [--]               [00]  .stabs "P64:S16",40,0,0,_P64
------     1 [--]               [00]  .align 1
------     1 [--]               [00]  _P65:
------     1 [--]               [00]  .SYMDEF "_P65" REG:0,BIT:5,6,LEN:1
00000Br    1 [--]  xx           [00]  ds 1
------     1 [--]               [00]  .stabs "P65:S16",40,0,0,_P65
------     1 [--]               [00]  .align 1
------     1 [--]               [00]  _P66:
------     1 [--]               [00]  .SYMDEF "_P66" REG:0,BIT:6,6,LEN:1
00000Cr    1 [--]  xx           [00]  ds 1
------     1 [--]               [00]  .stabs "P66:S16",40,0,0,_P66
------     1 [--]               [00]  .align 1
------     1 [--]               [00]  _P67:
------     1 [--]               [00]  .SYMDEF "_P67" REG:0,BIT:7,6,LEN:1
00000Dr    1 [--]  xx           [00]  ds 1
------     1 [--]               [00]  .stabs "P67:S16",40,0,0,_P67
------     1 [--]               [00]  .align 1
------     1 [--]               [00]  _P50:
------     1 [--]               [00]  .SYMDEF "_P50" REG:0,BIT:0,5,LEN:1
00000Er    1 [--]  xx           [00]  ds 1
------     1 [--]               [00]  .stabs "P50:S16",40,0,0,_P50
------     1 [--]               [00]  .align 1
------     1 [--]               [00]  _P51:
------     1 [--]               [00]  .SYMDEF "_P51" REG:0,BIT:1,5,LEN:1
00000Fr    1 [--]  xx           [00]  ds 1
------     1 [--]               [00]  .stabs "P51:S16",40,0,0,_P51
------     1 [--]               [00]  .align 1
------     1 [--]               [00]  _P52:
------     1 [--]               [00]  .SYMDEF "_P52" REG:0,BIT:2,5,LEN:1
000010r    1 [--]  xx           [00]  ds 1
------     1 [--]               [00]  .stabs "P52:S16",40,0,0,_P52
------     1 [--]               [00]  .align 1
------     1 [--]               [00]  _P53:
------     1 [--]               [00]  .SYMDEF "_P53" REG:0,BIT:3,5,LEN:1
000011r    1 [--]  xx           [00]  ds 1
------     1 [--]               [00]  .stabs "P53:S16",40,0,0,_P53
------     1 [--]               [00]  .align 1
------     1 [--]               [00]  _C:
------     1 [--]               [00]  .SYMDEF "_C" REG:0,BIT:0,3,LEN:1
000012r    1 [--]  xx           [00]  ds 1
------     1 [--]               [00]  .stabs "C:S16",40,0,0,_C
------     1 [--]               [00]  .align 1
------     1 [--]               [00]  _DC:
------     1 [--]               [00]  .SYMDEF "_DC" REG:0,BIT:1,3,LEN:1
000013r    1 [--]  xx           [00]  ds 1
------     1 [--]               [00]  .stabs "DC:S16",40,0,0,_DC
------     1 [--]               [00]  .align 1
------     1 [--]               [00]  _Z:
------     1 [--]               [00]  .SYMDEF "_Z" REG:0,BIT:2,3,LEN:1
000014r    1 [--]  xx           [00]  ds 1
------     1 [--]               [00]  .stabs "Z:S16",40,0,0,_Z
------     1 [--]               [00]  .align 1
------     1 [--]               [00]  _P:
------     1 [--]               [00]  .SYMDEF "_P" REG:0,BIT:3,3,LEN:1
000015r    1 [--]  xx           [00]  ds 1
------     1 [--]               [00]  .stabs "P:S16",40,0,0,_P
------     1 [--]               [00]  .align 1
------     1 [--]               [00]  _T:
------     1 [--]               [00]  .SYMDEF "_T" REG:0,BIT:4,3,LEN:1
000016r    1 [--]  xx           [00]  ds 1
------     1 [--]               [00]  .stabs "T:S16",40,0,0,_T
------     1 [--]               [00]  .align 1
------     1 [--]               [00]  _GP0:
------     1 [--]               [00]  .SYMDEF "_GP0" REG:0,BIT:5,3,LEN:1
000017r    1 [--]  xx           [00]  ds 1
------     1 [--]               [00]  .stabs "GP0:S16",40,0,0,_GP0
------     1 [--]               [00]  .align 1
------     1 [--]               [00]  _GP1:
------     1 [--]               [00]  .SYMDEF "_GP1" REG:0,BIT:6,3,LEN:1
000018r    1 [--]  xx           [00]  ds 1
------     1 [--]               [00]  .stabs "GP1:S16",40,0,0,_GP1
------     1 [--]               [00]  .align 1
------     1 [--]               [00]  _RST:
------     1 [--]               [00]  .SYMDEF "_RST" REG:0,BIT:7,3,LEN:1
000019r    1 [--]  xx           [00]  ds 1
------     1 [--]               [00]  .stabs "RST:S16",40,0,0,_RST
------     1 [--]               [00]  .align 1
------     1 [--]               [00]  _IMR:
------     1 [--]               [00]  .SYMDEF "_IMR" IO:0,15,LEN:1
00001Ar    1 [--]  xx           [00]  ds 1
------     1 [--]               [00]  .stabs "IMR:S14",40,0,0,_IMR
------     1 [--]               [00]  .align 1
------     1 [--]               [00]  _WDTCR:
------     1 [--]               [00]  .SYMDEF "_WDTCR" IO:0,14,LEN:1
00001Br    1 [--]  xx           [00]  ds 1
------     1 [--]               [00]  .stabs "WDTCR:S14",40,0,0,_WDTCR
------     1 [--]               [00]  .align 1
------     1 [--]               [00]  _PHCR:
------     1 [--]               [00]  .SYMDEF "_PHCR" IO:0,13,LEN:1
00001Cr    1 [--]  xx           [00]  ds 1
------     1 [--]               [00]  .stabs "PHCR:S14",40,0,0,_PHCR
------     1 [--]               [00]  .align 1
------     1 [--]               [00]  _PDCR:
------     1 [--]               [00]  .SYMDEF "_PDCR" IO:0,11,LEN:1
00001Dr    1 [--]  xx           [00]  ds 1
------     1 [--]               [00]  .stabs "PDCR:S14",40,0,0,_PDCR
------     1 [--]               [00]  .align 1
------     1 [--]               [00]  _PHDCR:
------     1 [--]               [00]  .SYMDEF "_PHDCR" IO:0,9,LEN:1
00001Er    1 [--]  xx           [00]  ds 1
------     1 [--]               [00]  .stabs "PHDCR:S14",40,0,0,_PHDCR
------     1 [--]               [00]  .align 1
------     1 [--]               [00]  _P6CR:
------     1 [--]               [00]  .SYMDEF "_P6CR" IO:0,6,LEN:1
00001Fr    1 [--]  xx           [00]  ds 1
------     1 [--]               [00]  .stabs "P6CR:S14",40,0,0,_P6CR
------     1 [--]               [00]  .align 1
------     1 [--]               [00]  _ISR:
------     1 [--]               [00]  .SYMDEF "_ISR" REG:0,15,LEN:1
000020r    1 [--]  xx           [00]  ds 1
------     1 [--]               [00]  .stabs "ISR:S14",40,0,0,_ISR
------     1 [--]               [00]  .align 1
------     1 [--]               [00]  _CPUCON:
------     1 [--]               [00]  .SYMDEF "_CPUCON" REG:0,14,LEN:1
000021r    1 [--]  xx           [00]  ds 1
------     1 [--]               [00]  .stabs "CPUCON:S14",40,0,0,_CPUCON
------     1 [--]               [00]  .align 1
------     1 [--]               [00]  _ICIECR:
------     1 [--]               [00]  .SYMDEF "_ICIECR" REG:0,13,LEN:1
000022r    1 [--]  xx           [00]  ds 1
------     1 [--]               [00]  .stabs "ICIECR:S14",40,0,0,_ICIECR
------     1 [--]               [00]  .align 1
------     1 [--]               [00]  _PDC3:
------     1 [--]               [00]  .SYMDEF "_PDC3" REG:0,12,LEN:1
000023r    1 [--]  xx           [00]  ds 1
------     1 [--]               [00]  .stabs "PDC3:S14",40,0,0,_PDC3
------     1 [--]               [00]  .align 1
------     1 [--]               [00]  _PDC2:
------     1 [--]               [00]  .SYMDEF "_PDC2" REG:0,11,LEN:1
000024r    1 [--]  xx           [00]  ds 1
------     1 [--]               [00]  .stabs "PDC2:S14",40,0,0,_PDC2
------     1 [--]               [00]  .align 1
------     1 [--]               [00]  _PDC1:
------     1 [--]               [00]  .SYMDEF "_PDC1" REG:0,10,LEN:1
000025r    1 [--]  xx           [00]  ds 1
------     1 [--]               [00]  .stabs "PDC1:S14",40,0,0,_PDC1
------     1 [--]               [00]  .align 1
------     1 [--]               [00]  _PRD:
------     1 [--]               [00]  .SYMDEF "_PRD" REG:0,9,LEN:1
000026r    1 [--]  xx           [00]  ds 1
------     1 [--]               [00]  .stabs "PRD:S14",40,0,0,_PRD
------     1 [--]               [00]  .align 1
------     1 [--]               [00]  _PWMCON:
------     1 [--]               [00]  .SYMDEF "_PWMCON" REG:0,8,LEN:1
000027r    1 [--]  xx           [00]  ds 1
------     1 [--]               [00]  .stabs "PWMCON:S14",40,0,0,_PWMCON
------     1 [--]               [00]  .align 1
------     1 [--]               [00]  _PORT6:
------     1 [--]               [00]  .SYMDEF "_PORT6" REG:0,6,LEN:1
000028r    1 [--]  xx           [00]  ds 1
------     1 [--]               [00]  .stabs "PORT6:S14",40,0,0,_PORT6
------     1 [--]               [00]  .align 1
------     1 [--]               [00]  _RSR:
------     1 [--]               [00]  .SYMDEF "_RSR" REG:0,4,LEN:1
000029r    1 [--]  xx           [00]  ds 1
------     1 [--]               [00]  .stabs "RSR:S14",40,0,0,_RSR
------     1 [--]               [00]  .align 1
------     1 [--]               [00]  _STATUS:
------     1 [--]               [00]  .SYMDEF "_STATUS" REG:0,3,LEN:1
00002Ar    1 [--]  xx           [00]  ds 1
------     1 [--]               [00]  .stabs "STATUS:S14",40,0,0,_STATUS
------     1 [--]               [00]  .align 1
------     1 [--]               [00]  _PC:
------     1 [--]               [00]  .SYMDEF "_PC" REG:0,2,LEN:1
00002Br    1 [--]  xx           [00]  ds 1
------     1 [--]               [00]  .stabs "PC:S14",40,0,0,_PC
------     1 [--]               [00]  .align 1
------     1 [--]               [00]  _TCC:
------     1 [--]               [00]  .SYMDEF "_TCC" REG:0,1,LEN:1
00002Cr    1 [--]  xx           [00]  ds 1
------     1 [--]               [00]  .stabs "TCC:S14",40,0,0,_TCC
------     1 [--]               [00]  .align 1
------     1 [--]               [00]  _R0:
------     1 [--]               [00]  .SYMDEF "_R0" REG:0,0,LEN:1
00002Dr    1 [--]  xx           [00]  ds 1
------     1 [--]               [00]  .stabs "R0:S14",40,0,0,_R0
------     1 [--]               [00]  .stabs "u16t:t13",128,0,0,0
------     1 [--]               [00]  .stabs "u8t:t10",128,0,0,0
------     1 [--]               [00]  .section ".code"
------     1 [--]               [00]  end
------     1 [--]               [00]  

	** End of list file C:\mcuproject\xj\S25_1001B_sop8\PWM.lst **