*************************************
------------- Call Depth ------------
 Depth  Interrupt    Function
-------------------------------------
    0        N         ProgramStart
    1        Y           _interrupt_l
    1        Y           _interrupt
    0        N         _main
C   1        N           _IO_Init
C   1        N           _ledOn
C   1        N           _ledOff
C   1        N           _ledOn
C   1        N           _ledOff
C   1        N           _gotoSleep
C   1        N           _ledOff
C   1        N           _gotoSleep
-------------------------------------
Stack Depth: 1
****************************************
------------- Free ROM Size ------------
Start=0X6    , End=0X7    , Size=2
Start=0X2B   , End=0X2C   , Size=2
Start=0X8D   , End=0X3FF  , Size=883
----------------------------------------
EM78P153B       |        ROM Size        
----------------+-----------------------
Total           |  1024 x 13 bits(100.0%)
Used            |   137 x 13 bits( 13.4%)
Free            |   887 x 13 bits( 86.6%)
----------------------------------------
*************************************
-------------- Data Map -------------
d -- Uninitialized data
D -- Initialized data
b -- Uninitialized bit data
B -- Initialized bit data
C -- C Register
-------------- RAM Data -------------
0x00  - - - - - - - - - - - - - - - - 
0x10  - - - - - - - - - - - - - - - - 
0x20  b D D D d C C - - - - - - - - - 
0x30  - - - - - - - - - - - - - - - - 
----------- Register Data -----------
0x00  d d d b d b b - d d d d d d d b 
0x10  d - - - - - - - - - - - - - - - 
-------------- IO Data --------------
0x00  - - - - - - d - - d - d - d d d 
****************************************
--------------- ROM Code ---------------
    0x0000 :  JMP   0x02D       
C:\mcuproject\xj\S25_1001B_sop8\PWM.c (line 102)
  ;P6CR &= 0xEF;	//P64输出低电平
    0x0001 :  IOR   0x6         
    0x0002 :  AND   A, @0xEF    
    0x0003 :  IOW   0x6         
C:\mcuproject\xj\S25_1001B_sop8\PWM.c (line 103)
  ;P64 = 0;
    0x0004 :  BC    0x06, 4     
C:\mcuproject\xj\S25_1001B_sop8\PWM.c (line 104)
  ;}
    0x0005 :  RET               
    0x0006 :  ADD   A, @0xFF    
    0x0007 :  ADD   A, @0xFF    
    0x0008 :  JMP   0x009       
C:\mcuproject\xj\S25_1001B_sop8\PWM.c (line 153)
  ;MOV 0x3D,A ;保存 A
    0x0009 :  MOV   0x10, A     
    0x000A :  SWAPA 0x04        
    0x000B :  MOV   0x25, A     
    0x000C :  SWAPA 0x03        
    0x000D :  MOV   0x26, A     
    0x000E :  MOV   0x3D, A     
C:\mcuproject\xj\S25_1001B_sop8\PWM.c (line 154)
  ;MOV A,0x03
    0x000F :  MOV   A, 0x03     
C:\mcuproject\xj\S25_1001B_sop8\PWM.c (line 155)
  ;MOV 0x3E,A ;保存 R3
    0x0010 :  MOV   0x3E, A     
C:\mcuproject\xj\S25_1001B_sop8\PWM.c (line 156)
  ;MOV A,0x04
    0x0011 :  MOV   A, 0x04     
C:\mcuproject\xj\S25_1001B_sop8\PWM.c (line 157)
  ;MOV 0x3F,A ;保存 R4
    0x0012 :  MOV   0x3F, A     
C:\mcuproject\xj\S25_1001B_sop8\PWM.c (line 160)
  ;if	(TCIF==1)
    0x0013 :  JBS   0x0F, 0     
    0x0014 :  JMP   0x020       
C:\mcuproject\xj\S25_1001B_sop8\PWM.c (line 163)
  ;ISR&=0XFE;				//清TCC中断标志位
    0x0015 :  MOV   A, @0xFE    
    0x0016 :  AND   0x0F, A     
C:\mcuproject\xj\S25_1001B_sop8\PWM.c (line 164)
  ;TCC+=206;					//TCC赋初值 0.2ms
    0x0017 :  MOV   A, @0xCE    
    0x0018 :  ADD   0x01, A     
C:\mcuproject\xj\S25_1001B_sop8\PWM.c (line 166)
  ;if(++intCount >= 100)
    0x0019 :  INC   0x21        
    0x001A :  MOV   A, @0x64    
    0x001B :  SUB   A, 0x21     
    0x001C :  JBS   0x03, 0     
    0x001D :  JMP   0x020       
C:\mcuproject\xj\S25_1001B_sop8\PWM.c (line 168)
  ;intCount = 0;		//10ms
    0x001E :  CLR   0x21        
C:\mcuproject\xj\S25_1001B_sop8\PWM.c (line 169)
  ;IntFlag = 1;
    0x001F :  BS    0x20, 0     
C:\mcuproject\xj\S25_1001B_sop8\PWM.c (line 177)
  ;MOV A,0x3F ;返回 R4
    0x0020 :  MOV   A, 0x3F     
C:\mcuproject\xj\S25_1001B_sop8\PWM.c (line 178)
  ;MOV 0x04,A
    0x0021 :  MOV   0x04, A     
C:\mcuproject\xj\S25_1001B_sop8\PWM.c (line 179)
  ;MOV A,0x3E ;返回 R3
    0x0022 :  MOV   A, 0x3E     
C:\mcuproject\xj\S25_1001B_sop8\PWM.c (line 180)
  ;MOV 0x03,A
    0x0023 :  MOV   0x03, A     
C:\mcuproject\xj\S25_1001B_sop8\PWM.c (line 181)
  ;SWAP 0x3D  ;返回 A
    0x0024 :  SWAP  0x3D        
C:\mcuproject\xj\S25_1001B_sop8\PWM.c (line 182)
  ;SWAPA 0x3D
    0x0025 :  SWAPA 0x3D        
C:\mcuproject\xj\S25_1001B_sop8\PWM.c (line 184)
  ;}
    0x0026 :  SWAPA 0x26        
    0x0027 :  MOV   0x03, A     
    0x0028 :  SWAPA 0x25        
    0x0029 :  MOV   0x04, A     
    0x002A :  RETI              
    0x002B :  ADD   A, @0xFF    
    0x002C :  ADD   A, @0xFF    
C:\mcuproject\xj\S25_1001B_sop8\PWM.c (line 33)
  ;WDTC();
    0x002D :  MOV   A, @0x00    
    0x002E :  MOV   0x21, A     
    0x002F :  MOV   0x22, A     
    0x0030 :  MOV   0x23, A     
    0x0031 :  WDTC              
C:\mcuproject\xj\S25_1001B_sop8\PWM.c (line 34)
  ;DISI();
    0x0032 :  DISI              
C:\mcuproject\xj\S25_1001B_sop8\PWM.c (line 35)
  ;WDTCR=0;				//禁止WDT
    0x0033 :  MOV   A, @0x00    
    0x0034 :  IOW   0xE         
C:\mcuproject\xj\S25_1001B_sop8\PWM.c (line 37)
  ;IO_Init();	            //IO初始化
    0x0035 :  CALL  0x06A       
C:\mcuproject\xj\S25_1001B_sop8\PWM.c (line 39)
  ;TCC=206;					//
    0x0036 :  MOV   A, @0xCE    
    0x0037 :  MOV   0x01, A     
C:\mcuproject\xj\S25_1001B_sop8\PWM.c (line 40)
  ;ISR=0;
    0x0038 :  CLR   0x0F        
C:\mcuproject\xj\S25_1001B_sop8\PWM.c (line 41)
  ;IMR=1;
    0x0039 :  MOV   A, @0x01    
    0x003A :  IOW   0xF         
C:\mcuproject\xj\S25_1001B_sop8\PWM.c (line 43)
  ;ENI();
    0x003B :  ENI               
    0x003C :  JMP   0x068       
C:\mcuproject\xj\S25_1001B_sop8\PWM.c (line 49)
  ;WDTC(); //清狗
    0x003D :  WDTC              
C:\mcuproject\xj\S25_1001B_sop8\PWM.c (line 51)
  ;if(!IntFlag)			//10ms执行一次
    0x003E :  JBC   0x20, 0     
    0x003F :  JMP   0x041       
C:\mcuproject\xj\S25_1001B_sop8\PWM.c (line 52)
  ;continue;
    0x0040 :  JMP   0x068       
C:\mcuproject\xj\S25_1001B_sop8\PWM.c (line 53)
  ;IntFlag = 0;
    0x0041 :  BC    0x20, 0     
C:\mcuproject\xj\S25_1001B_sop8\PWM.c (line 54)
  ;if(P63)
    0x0042 :  JBS   0x06, 3     
    0x0043 :  JMP   0x04E       
C:\mcuproject\xj\S25_1001B_sop8\PWM.c (line 57)
  ;chrgFlag = 1;
    0x0044 :  MOV   A, @0x01    
    0x0045 :  MOV   0x22, A     
C:\mcuproject\xj\S25_1001B_sop8\PWM.c (line 58)
  ;P61 = 0;
    0x0046 :  BC    0x06, 1     
C:\mcuproject\xj\S25_1001B_sop8\PWM.c (line 59)
  ;sleepTime = 0;
    0x0047 :  CLR   0x23        
C:\mcuproject\xj\S25_1001B_sop8\PWM.c (line 60)
  ;if(P62)
    0x0048 :  JBS   0x06, 2     
    0x0049 :  JMP   0x04C       
C:\mcuproject\xj\S25_1001B_sop8\PWM.c (line 62)
  ;ledOn();
    0x004A :  CALL  0x001       
    0x004B :  JMP   0x068       
C:\mcuproject\xj\S25_1001B_sop8\PWM.c (line 66)
  ;ledOff();
    0x004C :  CALL  0x074       
    0x004D :  JMP   0x068       
C:\mcuproject\xj\S25_1001B_sop8\PWM.c (line 71)
  ;chrgFlag = 0;
    0x004E :  CLR   0x22        
C:\mcuproject\xj\S25_1001B_sop8\PWM.c (line 72)
  ;if(P65 == 0)	//低电平有效
    0x004F :  JBC   0x06, 5     
    0x0050 :  JMP   0x060       
C:\mcuproject\xj\S25_1001B_sop8\PWM.c (line 74)
  ;if(P60 == 0)
    0x0051 :  JBC   0x06, 0     
    0x0052 :  JMP   0x057       
C:\mcuproject\xj\S25_1001B_sop8\PWM.c (line 76)
  ;P61 = 1;
    0x0053 :  BS    0x06, 1     
C:\mcuproject\xj\S25_1001B_sop8\PWM.c (line 77)
  ;ledOn();
    0x0054 :  CALL  0x001       
C:\mcuproject\xj\S25_1001B_sop8\PWM.c (line 78)
  ;sleepTime = 0;
    0x0055 :  CLR   0x23        
    0x0056 :  JMP   0x068       
C:\mcuproject\xj\S25_1001B_sop8\PWM.c (line 82)
  ;P61 = 0;
    0x0057 :  BC    0x06, 1     
C:\mcuproject\xj\S25_1001B_sop8\PWM.c (line 83)
  ;ledOff();
    0x0058 :  CALL  0x074       
C:\mcuproject\xj\S25_1001B_sop8\PWM.c (line 84)
  ;if(++sleepTime > 200)
    0x0059 :  INC   0x23        
    0x005A :  MOV   A, 0x23     
    0x005B :  SUB   A, @0xC8    
    0x005C :  JBC   0x03, 0     
    0x005D :  JMP   0x068       
C:\mcuproject\xj\S25_1001B_sop8\PWM.c (line 85)
  ;gotoSleep();
    0x005E :  CALL  0x079       
    0x005F :  JMP   0x068       
C:\mcuproject\xj\S25_1001B_sop8\PWM.c (line 90)
  ;P61 = 0;
    0x0060 :  BC    0x06, 1     
C:\mcuproject\xj\S25_1001B_sop8\PWM.c (line 91)
  ;ledOff();
    0x0061 :  CALL  0x074       
C:\mcuproject\xj\S25_1001B_sop8\PWM.c (line 92)
  ;if(++sleepTime > 200)
    0x0062 :  INC   0x23        
    0x0063 :  MOV   A, 0x23     
    0x0064 :  SUB   A, @0xC8    
    0x0065 :  JBC   0x03, 0     
    0x0066 :  JMP   0x068       
C:\mcuproject\xj\S25_1001B_sop8\PWM.c (line 93)
  ;gotoSleep();
    0x0067 :  CALL  0x079       
C:\mcuproject\xj\S25_1001B_sop8\PWM.c (line 47)
  ;while(1)
    0x0068 :  JMP   0x03D       
C:\mcuproject\xj\S25_1001B_sop8\PWM.c (line 97)
  ;}
    0x0069 :  RET               
C:\mcuproject\xj\S25_1001B_sop8\PWM.c (line 118)
  ;PORT6 = 0x00;
    0x006A :  CLR   0x06        
C:\mcuproject\xj\S25_1001B_sop8\PWM.c (line 119)
  ;P6CR = 0x3D;			//PORT6设为输出(0 输出,1 输入)
    0x006B :  MOV   A, @0x3D    
    0x006C :  IOW   0x6         
C:\mcuproject\xj\S25_1001B_sop8\PWM.c (line 120)
  ;PHCR = 0xDA;			//P61上拉 P63上拉 P65上拉
    0x006D :  MOV   A, @0xDA    
    0x006E :  IOW   0xD         
C:\mcuproject\xj\S25_1001B_sop8\PWM.c (line 121)
  ;PRD = 0xFF;
    0x006F :  MOV   A, @0xFF    
    0x0070 :  MOV   0x09, A     
C:\mcuproject\xj\S25_1001B_sop8\PWM.c (line 124)
  ;mov	a,@0x02			//TCC分频比设为1：8
    0x0071 :  MOV   A, @0x02    
C:\mcuproject\xj\S25_1001B_sop8\PWM.c (line 125)
  ;contw
    0x0072 :  CONTW             
C:\mcuproject\xj\S25_1001B_sop8\PWM.c (line 127)
  ;}
    0x0073 :  RET               
C:\mcuproject\xj\S25_1001B_sop8\PWM.c (line 109)
  ;P6CR |= 0x10;
    0x0074 :  IOR   0x6         
    0x0075 :  OR    A, @0x10    
    0x0076 :  IOW   0x6         
C:\mcuproject\xj\S25_1001B_sop8\PWM.c (line 110)
  ;P64 = 1;			//灭绿灯
    0x0077 :  BS    0x06, 4     
C:\mcuproject\xj\S25_1001B_sop8\PWM.c (line 112)
  ;}
    0x0078 :  RET               
C:\mcuproject\xj\S25_1001B_sop8\PWM.c (line 132)
  ;sleepTime = 0;
    0x0079 :  CLR   0x23        
C:\mcuproject\xj\S25_1001B_sop8\PWM.c (line 133)
  ;chrgFlag = 0;
    0x007A :  CLR   0x22        
C:\mcuproject\xj\S25_1001B_sop8\PWM.c (line 134)
  ;WDTCR=0x00;//禁止WDT
    0x007B :  MOV   A, @0x00    
    0x007C :  IOW   0xE         
C:\mcuproject\xj\S25_1001B_sop8\PWM.c (line 135)
  ;ICIECR = 0x09;
    0x007D :  MOV   A, @0x09    
    0x007E :  MOV   0x0D, A     
C:\mcuproject\xj\S25_1001B_sop8\PWM.c (line 136)
  ;IMR = 0x02;
    0x007F :  MOV   A, @0x02    
    0x0080 :  IOW   0xF         
C:\mcuproject\xj\S25_1001B_sop8\PWM.c (line 137)
  ;ISR&=0XF0;
    0x0081 :  MOV   A, @0xF0    
    0x0082 :  AND   0x0F, A     
C:\mcuproject\xj\S25_1001B_sop8\PWM.c (line 138)
  ;DISI();
    0x0083 :  DISI              
C:\mcuproject\xj\S25_1001B_sop8\PWM.c (line 139)
  ;SLEP();
    0x0084 :  SLEP              
C:\mcuproject\xj\S25_1001B_sop8\PWM.c (line 140)
  ;ENI();
    0x0085 :  ENI               
C:\mcuproject\xj\S25_1001B_sop8\PWM.c (line 141)
  ;WDTCR=0x80;
    0x0086 :  MOV   A, @0x80    
    0x0087 :  IOW   0xE         
C:\mcuproject\xj\S25_1001B_sop8\PWM.c (line 142)
  ;ICIECR = 0x00;
    0x0088 :  CLR   0x0D        
C:\mcuproject\xj\S25_1001B_sop8\PWM.c (line 143)
  ;ISR=0;
    0x0089 :  CLR   0x0F        
C:\mcuproject\xj\S25_1001B_sop8\PWM.c (line 144)
  ;IMR=1;
    0x008A :  MOV   A, @0x01    
    0x008B :  IOW   0xF         
C:\mcuproject\xj\S25_1001B_sop8\PWM.c (line 145)
  ;}
    0x008C :  RET               
